============================= test session starts ==============================
platform linux -- Python 3.12.3, pytest-8.4.2, pluggy-1.6.0
rootdir: /home/grl/Documents/KOROBOS/backend
configfile: pyproject.toml
plugins: asyncio-0.24.0, anyio-4.12.1
asyncio: mode=Mode.AUTO, default_loop_scope=None
collected 91 items

services/auth-service/tests/test_auth_endpoints.py EEEEEEEEEEEEEEEEEEE   [ 20%]
services/auth-service/tests/test_auth_service.py FFFF.FFFFFFFFF.FFFF.FFF [ 46%]
F                                                                        [ 47%]
services/auth-service/tests/test_security.py ...................FF..F.FF [ 76%]
FF.......                                                                [ 86%]
services/auth-service/tests/test_token_service.py FFFFF.FFFFFF           [100%]

==================================== ERRORS ====================================
_______________ ERROR at setup of TestSignup.test_signup_success _______________

request = <SubRequest 'client' for <Coroutine test_signup_success>>
kwargs = {'test_db': <sqlalchemy.ext.asyncio.session.AsyncSession object at 0x7b9556016840>}
func = <function client at 0x7b9556488680>, event_loop_fixture_id = 'event_loop'
setup = <function _wrap_asyncgen_fixture.<locals>._asyncgen_fixture_wrapper.<locals>.setup at 0x7b9555f1afc0>
finalizer = <function _wrap_asyncgen_fixture.<locals>._asyncgen_fixture_wrapper.<locals>.finalizer at 0x7b9557ccc860>

    @functools.wraps(fixture)
    def _asyncgen_fixture_wrapper(request: FixtureRequest, **kwargs: Any):
        func = _perhaps_rebind_fixture_func(fixture, request.instance)
        event_loop_fixture_id = _get_event_loop_fixture_id_for_async_fixture(
            request, func
        )
        event_loop = request.getfixturevalue(event_loop_fixture_id)
        kwargs.pop(event_loop_fixture_id, None)
        gen_obj = func(**_add_kwargs(func, kwargs, event_loop, request))

        async def setup():
            res = await gen_obj.__anext__()  # type: ignore[union-attr]
            return res

        def finalizer() -> None:
            """Yield again, to finalize."""

            async def async_finalizer() -> None:
                try:
                    await gen_obj.__anext__()  # type: ignore[union-attr]
                except StopAsyncIteration:
                    pass
                else:
                    msg = "Async generator fixture didn't stop."
                    msg += "Yield only once."
                    raise ValueError(msg)

            event_loop.run_until_complete(async_finalizer())

>       result = event_loop.run_until_complete(setup())
                 ^^^^^^^^^^^^^^^^^^^^^^^^^^^^^^^^^^^^^^

../../../.cache/pypoetry/virtualenvs/korobos-backend-TazSCJ9P-py3.12/lib/python3.12/site-packages/pytest_asyncio/plugin.py:343:
_ _ _ _ _ _ _ _ _ _ _ _ _ _ _ _ _ _ _ _ _ _ _ _ _ _ _ _ _ _ _ _ _ _ _ _ _ _ _ _
/usr/lib/python3.12/asyncio/base_events.py:687: in run_until_complete
    return future.result()
           ^^^^^^^^^^^^^^^
../../../.cache/pypoetry/virtualenvs/korobos-backend-TazSCJ9P-py3.12/lib/python3.12/site-packages/pytest_asyncio/plugin.py:325: in setup
    res = await gen_obj.__anext__()  # type: ignore[union-attr]
          ^^^^^^^^^^^^^^^^^^^^^^^^^
_ _ _ _ _ _ _ _ _ _ _ _ _ _ _ _ _ _ _ _ _ _ _ _ _ _ _ _ _ _ _ _ _ _ _ _ _ _ _ _

test_db = <sqlalchemy.ext.asyncio.session.AsyncSession object at 0x7b9556016840>

    @pytest_asyncio.fixture
    async def client(test_db: AsyncSession) -> AsyncGenerator[AsyncClient, None]:
        """Create a test client with database session dependency override."""

        async def override_get_db():
            return test_db

        app.dependency_overrides[get_db_session] = override_get_db

>       async with AsyncClient(app=app, base_url="http://test") as ac:
                   ^^^^^^^^^^^^^^^^^^^^^^^^^^^^^^^^^^^^^^^^^^^^
E       TypeError: AsyncClient.__init__() got an unexpected keyword argument 'app'

services/auth-service/tests/conftest.py:76: TypeError
___________ ERROR at setup of TestSignup.test_signup_duplicate_email ___________

request = <SubRequest 'client' for <Coroutine test_signup_duplicate_email>>
kwargs = {'test_db': <sqlalchemy.ext.asyncio.session.AsyncSession object at 0x7b9556017d10>}
func = <function client at 0x7b9556488680>, event_loop_fixture_id = 'event_loop'
setup = <function _wrap_asyncgen_fixture.<locals>._asyncgen_fixture_wrapper.<locals>.setup at 0x7b9555f92de0>
finalizer = <function _wrap_asyncgen_fixture.<locals>._asyncgen_fixture_wrapper.<locals>.finalizer at 0x7b95554fccc0>

    @functools.wraps(fixture)
    def _asyncgen_fixture_wrapper(request: FixtureRequest, **kwargs: Any):
        func = _perhaps_rebind_fixture_func(fixture, request.instance)
        event_loop_fixture_id = _get_event_loop_fixture_id_for_async_fixture(
            request, func
        )
        event_loop = request.getfixturevalue(event_loop_fixture_id)
        kwargs.pop(event_loop_fixture_id, None)
        gen_obj = func(**_add_kwargs(func, kwargs, event_loop, request))

        async def setup():
            res = await gen_obj.__anext__()  # type: ignore[union-attr]
            return res

        def finalizer() -> None:
            """Yield again, to finalize."""

            async def async_finalizer() -> None:
                try:
                    await gen_obj.__anext__()  # type: ignore[union-attr]
                except StopAsyncIteration:
                    pass
                else:
                    msg = "Async generator fixture didn't stop."
                    msg += "Yield only once."
                    raise ValueError(msg)

            event_loop.run_until_complete(async_finalizer())

>       result = event_loop.run_until_complete(setup())
                 ^^^^^^^^^^^^^^^^^^^^^^^^^^^^^^^^^^^^^^

../../../.cache/pypoetry/virtualenvs/korobos-backend-TazSCJ9P-py3.12/lib/python3.12/site-packages/pytest_asyncio/plugin.py:343:
_ _ _ _ _ _ _ _ _ _ _ _ _ _ _ _ _ _ _ _ _ _ _ _ _ _ _ _ _ _ _ _ _ _ _ _ _ _ _ _
/usr/lib/python3.12/asyncio/base_events.py:687: in run_until_complete
    return future.result()
           ^^^^^^^^^^^^^^^
../../../.cache/pypoetry/virtualenvs/korobos-backend-TazSCJ9P-py3.12/lib/python3.12/site-packages/pytest_asyncio/plugin.py:325: in setup
    res = await gen_obj.__anext__()  # type: ignore[union-attr]
          ^^^^^^^^^^^^^^^^^^^^^^^^^
_ _ _ _ _ _ _ _ _ _ _ _ _ _ _ _ _ _ _ _ _ _ _ _ _ _ _ _ _ _ _ _ _ _ _ _ _ _ _ _

test_db = <sqlalchemy.ext.asyncio.session.AsyncSession object at 0x7b9556017d10>

    @pytest_asyncio.fixture
    async def client(test_db: AsyncSession) -> AsyncGenerator[AsyncClient, None]:
        """Create a test client with database session dependency override."""

        async def override_get_db():
            return test_db

        app.dependency_overrides[get_db_session] = override_get_db

>       async with AsyncClient(app=app, base_url="http://test") as ac:
                   ^^^^^^^^^^^^^^^^^^^^^^^^^^^^^^^^^^^^^^^^^^^^
E       TypeError: AsyncClient.__init__() got an unexpected keyword argument 'app'

services/auth-service/tests/conftest.py:76: TypeError
____________ ERROR at setup of TestSignup.test_signup_weak_password ____________

request = <SubRequest 'client' for <Coroutine test_signup_weak_password>>
kwargs = {'test_db': <sqlalchemy.ext.asyncio.session.AsyncSession object at 0x7b9555eed070>}
func = <function client at 0x7b9556488680>, event_loop_fixture_id = 'event_loop'
setup = <function _wrap_asyncgen_fixture.<locals>._asyncgen_fixture_wrapper.<locals>.setup at 0x7b9555f1af20>
finalizer = <function _wrap_asyncgen_fixture.<locals>._asyncgen_fixture_wrapper.<locals>.finalizer at 0x7b9555f19ee0>

    @functools.wraps(fixture)
    def _asyncgen_fixture_wrapper(request: FixtureRequest, **kwargs: Any):
        func = _perhaps_rebind_fixture_func(fixture, request.instance)
        event_loop_fixture_id = _get_event_loop_fixture_id_for_async_fixture(
            request, func
        )
        event_loop = request.getfixturevalue(event_loop_fixture_id)
        kwargs.pop(event_loop_fixture_id, None)
        gen_obj = func(**_add_kwargs(func, kwargs, event_loop, request))

        async def setup():
            res = await gen_obj.__anext__()  # type: ignore[union-attr]
            return res

        def finalizer() -> None:
            """Yield again, to finalize."""

            async def async_finalizer() -> None:
                try:
                    await gen_obj.__anext__()  # type: ignore[union-attr]
                except StopAsyncIteration:
                    pass
                else:
                    msg = "Async generator fixture didn't stop."
                    msg += "Yield only once."
                    raise ValueError(msg)

            event_loop.run_until_complete(async_finalizer())

>       result = event_loop.run_until_complete(setup())
                 ^^^^^^^^^^^^^^^^^^^^^^^^^^^^^^^^^^^^^^

../../../.cache/pypoetry/virtualenvs/korobos-backend-TazSCJ9P-py3.12/lib/python3.12/site-packages/pytest_asyncio/plugin.py:343:
_ _ _ _ _ _ _ _ _ _ _ _ _ _ _ _ _ _ _ _ _ _ _ _ _ _ _ _ _ _ _ _ _ _ _ _ _ _ _ _
/usr/lib/python3.12/asyncio/base_events.py:687: in run_until_complete
    return future.result()
           ^^^^^^^^^^^^^^^
../../../.cache/pypoetry/virtualenvs/korobos-backend-TazSCJ9P-py3.12/lib/python3.12/site-packages/pytest_asyncio/plugin.py:325: in setup
    res = await gen_obj.__anext__()  # type: ignore[union-attr]
          ^^^^^^^^^^^^^^^^^^^^^^^^^
_ _ _ _ _ _ _ _ _ _ _ _ _ _ _ _ _ _ _ _ _ _ _ _ _ _ _ _ _ _ _ _ _ _ _ _ _ _ _ _

test_db = <sqlalchemy.ext.asyncio.session.AsyncSession object at 0x7b9555eed070>

    @pytest_asyncio.fixture
    async def client(test_db: AsyncSession) -> AsyncGenerator[AsyncClient, None]:
        """Create a test client with database session dependency override."""

        async def override_get_db():
            return test_db

        app.dependency_overrides[get_db_session] = override_get_db

>       async with AsyncClient(app=app, base_url="http://test") as ac:
                   ^^^^^^^^^^^^^^^^^^^^^^^^^^^^^^^^^^^^^^^^^^^^
E       TypeError: AsyncClient.__init__() got an unexpected keyword argument 'app'

services/auth-service/tests/conftest.py:76: TypeError
____________ ERROR at setup of TestSignup.test_signup_invalid_email ____________

request = <SubRequest 'client' for <Coroutine test_signup_invalid_email>>
kwargs = {'test_db': <sqlalchemy.ext.asyncio.session.AsyncSession object at 0x7b9555f8d4c0>}
func = <function client at 0x7b9556488680>, event_loop_fixture_id = 'event_loop'
setup = <function _wrap_asyncgen_fixture.<locals>._asyncgen_fixture_wrapper.<locals>.setup at 0x7b9555f92e80>
finalizer = <function _wrap_asyncgen_fixture.<locals>._asyncgen_fixture_wrapper.<locals>.finalizer at 0x7b9555f93060>

    @functools.wraps(fixture)
    def _asyncgen_fixture_wrapper(request: FixtureRequest, **kwargs: Any):
        func = _perhaps_rebind_fixture_func(fixture, request.instance)
        event_loop_fixture_id = _get_event_loop_fixture_id_for_async_fixture(
            request, func
        )
        event_loop = request.getfixturevalue(event_loop_fixture_id)
        kwargs.pop(event_loop_fixture_id, None)
        gen_obj = func(**_add_kwargs(func, kwargs, event_loop, request))

        async def setup():
            res = await gen_obj.__anext__()  # type: ignore[union-attr]
            return res

        def finalizer() -> None:
            """Yield again, to finalize."""

            async def async_finalizer() -> None:
                try:
                    await gen_obj.__anext__()  # type: ignore[union-attr]
                except StopAsyncIteration:
                    pass
                else:
                    msg = "Async generator fixture didn't stop."
                    msg += "Yield only once."
                    raise ValueError(msg)

            event_loop.run_until_complete(async_finalizer())

>       result = event_loop.run_until_complete(setup())
                 ^^^^^^^^^^^^^^^^^^^^^^^^^^^^^^^^^^^^^^

../../../.cache/pypoetry/virtualenvs/korobos-backend-TazSCJ9P-py3.12/lib/python3.12/site-packages/pytest_asyncio/plugin.py:343:
_ _ _ _ _ _ _ _ _ _ _ _ _ _ _ _ _ _ _ _ _ _ _ _ _ _ _ _ _ _ _ _ _ _ _ _ _ _ _ _
/usr/lib/python3.12/asyncio/base_events.py:687: in run_until_complete
    return future.result()
           ^^^^^^^^^^^^^^^
../../../.cache/pypoetry/virtualenvs/korobos-backend-TazSCJ9P-py3.12/lib/python3.12/site-packages/pytest_asyncio/plugin.py:325: in setup
    res = await gen_obj.__anext__()  # type: ignore[union-attr]
          ^^^^^^^^^^^^^^^^^^^^^^^^^
_ _ _ _ _ _ _ _ _ _ _ _ _ _ _ _ _ _ _ _ _ _ _ _ _ _ _ _ _ _ _ _ _ _ _ _ _ _ _ _

test_db = <sqlalchemy.ext.asyncio.session.AsyncSession object at 0x7b9555f8d4c0>

    @pytest_asyncio.fixture
    async def client(test_db: AsyncSession) -> AsyncGenerator[AsyncClient, None]:
        """Create a test client with database session dependency override."""

        async def override_get_db():
            return test_db

        app.dependency_overrides[get_db_session] = override_get_db

>       async with AsyncClient(app=app, base_url="http://test") as ac:
                   ^^^^^^^^^^^^^^^^^^^^^^^^^^^^^^^^^^^^^^^^^^^^
E       TypeError: AsyncClient.__init__() got an unexpected keyword argument 'app'

services/auth-service/tests/conftest.py:76: TypeError
________________ ERROR at setup of TestLogin.test_login_success ________________

request = <SubRequest 'client' for <Coroutine test_login_success>>
kwargs = {'test_db': <sqlalchemy.ext.asyncio.session.AsyncSession object at 0x7b95554f97c0>}
func = <function client at 0x7b9556488680>, event_loop_fixture_id = 'event_loop'
setup = <function _wrap_asyncgen_fixture.<locals>._asyncgen_fixture_wrapper.<locals>.setup at 0x7b95554fde40>
finalizer = <function _wrap_asyncgen_fixture.<locals>._asyncgen_fixture_wrapper.<locals>.finalizer at 0x7b95554fd800>

    @functools.wraps(fixture)
    def _asyncgen_fixture_wrapper(request: FixtureRequest, **kwargs: Any):
        func = _perhaps_rebind_fixture_func(fixture, request.instance)
        event_loop_fixture_id = _get_event_loop_fixture_id_for_async_fixture(
            request, func
        )
        event_loop = request.getfixturevalue(event_loop_fixture_id)
        kwargs.pop(event_loop_fixture_id, None)
        gen_obj = func(**_add_kwargs(func, kwargs, event_loop, request))

        async def setup():
            res = await gen_obj.__anext__()  # type: ignore[union-attr]
            return res

        def finalizer() -> None:
            """Yield again, to finalize."""

            async def async_finalizer() -> None:
                try:
                    await gen_obj.__anext__()  # type: ignore[union-attr]
                except StopAsyncIteration:
                    pass
                else:
                    msg = "Async generator fixture didn't stop."
                    msg += "Yield only once."
                    raise ValueError(msg)

            event_loop.run_until_complete(async_finalizer())

>       result = event_loop.run_until_complete(setup())
                 ^^^^^^^^^^^^^^^^^^^^^^^^^^^^^^^^^^^^^^

../../../.cache/pypoetry/virtualenvs/korobos-backend-TazSCJ9P-py3.12/lib/python3.12/site-packages/pytest_asyncio/plugin.py:343:
_ _ _ _ _ _ _ _ _ _ _ _ _ _ _ _ _ _ _ _ _ _ _ _ _ _ _ _ _ _ _ _ _ _ _ _ _ _ _ _
/usr/lib/python3.12/asyncio/base_events.py:687: in run_until_complete
    return future.result()
           ^^^^^^^^^^^^^^^
../../../.cache/pypoetry/virtualenvs/korobos-backend-TazSCJ9P-py3.12/lib/python3.12/site-packages/pytest_asyncio/plugin.py:325: in setup
    res = await gen_obj.__anext__()  # type: ignore[union-attr]
          ^^^^^^^^^^^^^^^^^^^^^^^^^
_ _ _ _ _ _ _ _ _ _ _ _ _ _ _ _ _ _ _ _ _ _ _ _ _ _ _ _ _ _ _ _ _ _ _ _ _ _ _ _

test_db = <sqlalchemy.ext.asyncio.session.AsyncSession object at 0x7b95554f97c0>

    @pytest_asyncio.fixture
    async def client(test_db: AsyncSession) -> AsyncGenerator[AsyncClient, None]:
        """Create a test client with database session dependency override."""

        async def override_get_db():
            return test_db

        app.dependency_overrides[get_db_session] = override_get_db

>       async with AsyncClient(app=app, base_url="http://test") as ac:
                   ^^^^^^^^^^^^^^^^^^^^^^^^^^^^^^^^^^^^^^^^^^^^
E       TypeError: AsyncClient.__init__() got an unexpected keyword argument 'app'

services/auth-service/tests/conftest.py:76: TypeError
__________ ERROR at setup of TestLogin.test_login_invalid_credentials __________

request = <SubRequest 'client' for <Coroutine test_login_invalid_credentials>>
kwargs = {'test_db': <sqlalchemy.ext.asyncio.session.AsyncSession object at 0x7b95554f8830>}
func = <function client at 0x7b9556488680>, event_loop_fixture_id = 'event_loop'
setup = <function _wrap_asyncgen_fixture.<locals>._asyncgen_fixture_wrapper.<locals>.setup at 0x7b95554feb60>
finalizer = <function _wrap_asyncgen_fixture.<locals>._asyncgen_fixture_wrapper.<locals>.finalizer at 0x7b95554fe700>

    @functools.wraps(fixture)
    def _asyncgen_fixture_wrapper(request: FixtureRequest, **kwargs: Any):
        func = _perhaps_rebind_fixture_func(fixture, request.instance)
        event_loop_fixture_id = _get_event_loop_fixture_id_for_async_fixture(
            request, func
        )
        event_loop = request.getfixturevalue(event_loop_fixture_id)
        kwargs.pop(event_loop_fixture_id, None)
        gen_obj = func(**_add_kwargs(func, kwargs, event_loop, request))

        async def setup():
            res = await gen_obj.__anext__()  # type: ignore[union-attr]
            return res

        def finalizer() -> None:
            """Yield again, to finalize."""

            async def async_finalizer() -> None:
                try:
                    await gen_obj.__anext__()  # type: ignore[union-attr]
                except StopAsyncIteration:
                    pass
                else:
                    msg = "Async generator fixture didn't stop."
                    msg += "Yield only once."
                    raise ValueError(msg)

            event_loop.run_until_complete(async_finalizer())

>       result = event_loop.run_until_complete(setup())
                 ^^^^^^^^^^^^^^^^^^^^^^^^^^^^^^^^^^^^^^

../../../.cache/pypoetry/virtualenvs/korobos-backend-TazSCJ9P-py3.12/lib/python3.12/site-packages/pytest_asyncio/plugin.py:343:
_ _ _ _ _ _ _ _ _ _ _ _ _ _ _ _ _ _ _ _ _ _ _ _ _ _ _ _ _ _ _ _ _ _ _ _ _ _ _ _
/usr/lib/python3.12/asyncio/base_events.py:687: in run_until_complete
    return future.result()
           ^^^^^^^^^^^^^^^
../../../.cache/pypoetry/virtualenvs/korobos-backend-TazSCJ9P-py3.12/lib/python3.12/site-packages/pytest_asyncio/plugin.py:325: in setup
    res = await gen_obj.__anext__()  # type: ignore[union-attr]
          ^^^^^^^^^^^^^^^^^^^^^^^^^
_ _ _ _ _ _ _ _ _ _ _ _ _ _ _ _ _ _ _ _ _ _ _ _ _ _ _ _ _ _ _ _ _ _ _ _ _ _ _ _

test_db = <sqlalchemy.ext.asyncio.session.AsyncSession object at 0x7b95554f8830>

    @pytest_asyncio.fixture
    async def client(test_db: AsyncSession) -> AsyncGenerator[AsyncClient, None]:
        """Create a test client with database session dependency override."""

        async def override_get_db():
            return test_db

        app.dependency_overrides[get_db_session] = override_get_db

>       async with AsyncClient(app=app, base_url="http://test") as ac:
                   ^^^^^^^^^^^^^^^^^^^^^^^^^^^^^^^^^^^^^^^^^^^^
E       TypeError: AsyncClient.__init__() got an unexpected keyword argument 'app'

services/auth-service/tests/conftest.py:76: TypeError
___________ ERROR at setup of TestLogin.test_login_nonexistent_user ____________

request = <SubRequest 'client' for <Coroutine test_login_nonexistent_user>>
kwargs = {'test_db': <sqlalchemy.ext.asyncio.session.AsyncSession object at 0x7b955606a210>}
func = <function client at 0x7b9556488680>, event_loop_fixture_id = 'event_loop'
setup = <function _wrap_asyncgen_fixture.<locals>._asyncgen_fixture_wrapper.<locals>.setup at 0x7b95554ff420>
finalizer = <function _wrap_asyncgen_fixture.<locals>._asyncgen_fixture_wrapper.<locals>.finalizer at 0x7b9555518cc0>

    @functools.wraps(fixture)
    def _asyncgen_fixture_wrapper(request: FixtureRequest, **kwargs: Any):
        func = _perhaps_rebind_fixture_func(fixture, request.instance)
        event_loop_fixture_id = _get_event_loop_fixture_id_for_async_fixture(
            request, func
        )
        event_loop = request.getfixturevalue(event_loop_fixture_id)
        kwargs.pop(event_loop_fixture_id, None)
        gen_obj = func(**_add_kwargs(func, kwargs, event_loop, request))

        async def setup():
            res = await gen_obj.__anext__()  # type: ignore[union-attr]
            return res

        def finalizer() -> None:
            """Yield again, to finalize."""

            async def async_finalizer() -> None:
                try:
                    await gen_obj.__anext__()  # type: ignore[union-attr]
                except StopAsyncIteration:
                    pass
                else:
                    msg = "Async generator fixture didn't stop."
                    msg += "Yield only once."
                    raise ValueError(msg)

            event_loop.run_until_complete(async_finalizer())

>       result = event_loop.run_until_complete(setup())
                 ^^^^^^^^^^^^^^^^^^^^^^^^^^^^^^^^^^^^^^

../../../.cache/pypoetry/virtualenvs/korobos-backend-TazSCJ9P-py3.12/lib/python3.12/site-packages/pytest_asyncio/plugin.py:343:
_ _ _ _ _ _ _ _ _ _ _ _ _ _ _ _ _ _ _ _ _ _ _ _ _ _ _ _ _ _ _ _ _ _ _ _ _ _ _ _
/usr/lib/python3.12/asyncio/base_events.py:687: in run_until_complete
    return future.result()
           ^^^^^^^^^^^^^^^
../../../.cache/pypoetry/virtualenvs/korobos-backend-TazSCJ9P-py3.12/lib/python3.12/site-packages/pytest_asyncio/plugin.py:325: in setup
    res = await gen_obj.__anext__()  # type: ignore[union-attr]
          ^^^^^^^^^^^^^^^^^^^^^^^^^
_ _ _ _ _ _ _ _ _ _ _ _ _ _ _ _ _ _ _ _ _ _ _ _ _ _ _ _ _ _ _ _ _ _ _ _ _ _ _ _

test_db = <sqlalchemy.ext.asyncio.session.AsyncSession object at 0x7b955606a210>

    @pytest_asyncio.fixture
    async def client(test_db: AsyncSession) -> AsyncGenerator[AsyncClient, None]:
        """Create a test client with database session dependency override."""

        async def override_get_db():
            return test_db

        app.dependency_overrides[get_db_session] = override_get_db

>       async with AsyncClient(app=app, base_url="http://test") as ac:
                   ^^^^^^^^^^^^^^^^^^^^^^^^^^^^^^^^^^^^^^^^^^^^
E       TypeError: AsyncClient.__init__() got an unexpected keyword argument 'app'

services/auth-service/tests/conftest.py:76: TypeError
________ ERROR at setup of TestTokenRefresh.test_refresh_token_success _________

request = <SubRequest 'client' for <Coroutine test_refresh_token_success>>
kwargs = {'test_db': <sqlalchemy.ext.asyncio.session.AsyncSession object at 0x7b9555535100>}
func = <function client at 0x7b9556488680>, event_loop_fixture_id = 'event_loop'
setup = <function _wrap_asyncgen_fixture.<locals>._asyncgen_fixture_wrapper.<locals>.setup at 0x7b9555519ee0>
finalizer = <function _wrap_asyncgen_fixture.<locals>._asyncgen_fixture_wrapper.<locals>.finalizer at 0x7b95555184a0>

    @functools.wraps(fixture)
    def _asyncgen_fixture_wrapper(request: FixtureRequest, **kwargs: Any):
        func = _perhaps_rebind_fixture_func(fixture, request.instance)
        event_loop_fixture_id = _get_event_loop_fixture_id_for_async_fixture(
            request, func
        )
        event_loop = request.getfixturevalue(event_loop_fixture_id)
        kwargs.pop(event_loop_fixture_id, None)
        gen_obj = func(**_add_kwargs(func, kwargs, event_loop, request))

        async def setup():
            res = await gen_obj.__anext__()  # type: ignore[union-attr]
            return res

        def finalizer() -> None:
            """Yield again, to finalize."""

            async def async_finalizer() -> None:
                try:
                    await gen_obj.__anext__()  # type: ignore[union-attr]
                except StopAsyncIteration:
                    pass
                else:
                    msg = "Async generator fixture didn't stop."
                    msg += "Yield only once."
                    raise ValueError(msg)

            event_loop.run_until_complete(async_finalizer())

>       result = event_loop.run_until_complete(setup())
                 ^^^^^^^^^^^^^^^^^^^^^^^^^^^^^^^^^^^^^^

../../../.cache/pypoetry/virtualenvs/korobos-backend-TazSCJ9P-py3.12/lib/python3.12/site-packages/pytest_asyncio/plugin.py:343:
_ _ _ _ _ _ _ _ _ _ _ _ _ _ _ _ _ _ _ _ _ _ _ _ _ _ _ _ _ _ _ _ _ _ _ _ _ _ _ _
/usr/lib/python3.12/asyncio/base_events.py:687: in run_until_complete
    return future.result()
           ^^^^^^^^^^^^^^^
../../../.cache/pypoetry/virtualenvs/korobos-backend-TazSCJ9P-py3.12/lib/python3.12/site-packages/pytest_asyncio/plugin.py:325: in setup
    res = await gen_obj.__anext__()  # type: ignore[union-attr]
          ^^^^^^^^^^^^^^^^^^^^^^^^^
_ _ _ _ _ _ _ _ _ _ _ _ _ _ _ _ _ _ _ _ _ _ _ _ _ _ _ _ _ _ _ _ _ _ _ _ _ _ _ _

test_db = <sqlalchemy.ext.asyncio.session.AsyncSession object at 0x7b9555535100>

    @pytest_asyncio.fixture
    async def client(test_db: AsyncSession) -> AsyncGenerator[AsyncClient, None]:
        """Create a test client with database session dependency override."""

        async def override_get_db():
            return test_db

        app.dependency_overrides[get_db_session] = override_get_db

>       async with AsyncClient(app=app, base_url="http://test") as ac:
                   ^^^^^^^^^^^^^^^^^^^^^^^^^^^^^^^^^^^^^^^^^^^^
E       TypeError: AsyncClient.__init__() got an unexpected keyword argument 'app'

services/auth-service/tests/conftest.py:76: TypeError
________ ERROR at setup of TestTokenRefresh.test_refresh_invalid_token _________

request = <SubRequest 'client' for <Coroutine test_refresh_invalid_token>>
kwargs = {'test_db': <sqlalchemy.ext.asyncio.session.AsyncSession object at 0x7b9555f8fad0>}
func = <function client at 0x7b9556488680>, event_loop_fixture_id = 'event_loop'
setup = <function _wrap_asyncgen_fixture.<locals>._asyncgen_fixture_wrapper.<locals>.setup at 0x7b9555f1b100>
finalizer = <function _wrap_asyncgen_fixture.<locals>._asyncgen_fixture_wrapper.<locals>.finalizer at 0x7b95554feb60>

    @functools.wraps(fixture)
    def _asyncgen_fixture_wrapper(request: FixtureRequest, **kwargs: Any):
        func = _perhaps_rebind_fixture_func(fixture, request.instance)
        event_loop_fixture_id = _get_event_loop_fixture_id_for_async_fixture(
            request, func
        )
        event_loop = request.getfixturevalue(event_loop_fixture_id)
        kwargs.pop(event_loop_fixture_id, None)
        gen_obj = func(**_add_kwargs(func, kwargs, event_loop, request))

        async def setup():
            res = await gen_obj.__anext__()  # type: ignore[union-attr]
            return res

        def finalizer() -> None:
            """Yield again, to finalize."""

            async def async_finalizer() -> None:
                try:
                    await gen_obj.__anext__()  # type: ignore[union-attr]
                except StopAsyncIteration:
                    pass
                else:
                    msg = "Async generator fixture didn't stop."
                    msg += "Yield only once."
                    raise ValueError(msg)

            event_loop.run_until_complete(async_finalizer())

>       result = event_loop.run_until_complete(setup())
                 ^^^^^^^^^^^^^^^^^^^^^^^^^^^^^^^^^^^^^^

../../../.cache/pypoetry/virtualenvs/korobos-backend-TazSCJ9P-py3.12/lib/python3.12/site-packages/pytest_asyncio/plugin.py:343:
_ _ _ _ _ _ _ _ _ _ _ _ _ _ _ _ _ _ _ _ _ _ _ _ _ _ _ _ _ _ _ _ _ _ _ _ _ _ _ _
/usr/lib/python3.12/asyncio/base_events.py:687: in run_until_complete
    return future.result()
           ^^^^^^^^^^^^^^^
../../../.cache/pypoetry/virtualenvs/korobos-backend-TazSCJ9P-py3.12/lib/python3.12/site-packages/pytest_asyncio/plugin.py:325: in setup
    res = await gen_obj.__anext__()  # type: ignore[union-attr]
          ^^^^^^^^^^^^^^^^^^^^^^^^^
_ _ _ _ _ _ _ _ _ _ _ _ _ _ _ _ _ _ _ _ _ _ _ _ _ _ _ _ _ _ _ _ _ _ _ _ _ _ _ _

test_db = <sqlalchemy.ext.asyncio.session.AsyncSession object at 0x7b9555f8fad0>

    @pytest_asyncio.fixture
    async def client(test_db: AsyncSession) -> AsyncGenerator[AsyncClient, None]:
        """Create a test client with database session dependency override."""

        async def override_get_db():
            return test_db

        app.dependency_overrides[get_db_session] = override_get_db

>       async with AsyncClient(app=app, base_url="http://test") as ac:
                   ^^^^^^^^^^^^^^^^^^^^^^^^^^^^^^^^^^^^^^^^^^^^
E       TypeError: AsyncClient.__init__() got an unexpected keyword argument 'app'

services/auth-service/tests/conftest.py:76: TypeError
_ ERROR at setup of TestPasswordValidation.test_password_strength[ValidPass123!-True] _

request = <SubRequest 'client' for <Coroutine test_password_strength[ValidPass123!-True]>>
kwargs = {'test_db': <sqlalchemy.ext.asyncio.session.AsyncSession object at 0x7b9555f8f470>}
func = <function client at 0x7b9556488680>, event_loop_fixture_id = 'event_loop'
setup = <function _wrap_asyncgen_fixture.<locals>._asyncgen_fixture_wrapper.<locals>.setup at 0x7b95554ff240>
finalizer = <function _wrap_asyncgen_fixture.<locals>._asyncgen_fixture_wrapper.<locals>.finalizer at 0x7b95554feca0>

    @functools.wraps(fixture)
    def _asyncgen_fixture_wrapper(request: FixtureRequest, **kwargs: Any):
        func = _perhaps_rebind_fixture_func(fixture, request.instance)
        event_loop_fixture_id = _get_event_loop_fixture_id_for_async_fixture(
            request, func
        )
        event_loop = request.getfixturevalue(event_loop_fixture_id)
        kwargs.pop(event_loop_fixture_id, None)
        gen_obj = func(**_add_kwargs(func, kwargs, event_loop, request))

        async def setup():
            res = await gen_obj.__anext__()  # type: ignore[union-attr]
            return res

        def finalizer() -> None:
            """Yield again, to finalize."""

            async def async_finalizer() -> None:
                try:
                    await gen_obj.__anext__()  # type: ignore[union-attr]
                except StopAsyncIteration:
                    pass
                else:
                    msg = "Async generator fixture didn't stop."
                    msg += "Yield only once."
                    raise ValueError(msg)

            event_loop.run_until_complete(async_finalizer())

>       result = event_loop.run_until_complete(setup())
                 ^^^^^^^^^^^^^^^^^^^^^^^^^^^^^^^^^^^^^^

../../../.cache/pypoetry/virtualenvs/korobos-backend-TazSCJ9P-py3.12/lib/python3.12/site-packages/pytest_asyncio/plugin.py:343:
_ _ _ _ _ _ _ _ _ _ _ _ _ _ _ _ _ _ _ _ _ _ _ _ _ _ _ _ _ _ _ _ _ _ _ _ _ _ _ _
/usr/lib/python3.12/asyncio/base_events.py:687: in run_until_complete
    return future.result()
           ^^^^^^^^^^^^^^^
../../../.cache/pypoetry/virtualenvs/korobos-backend-TazSCJ9P-py3.12/lib/python3.12/site-packages/pytest_asyncio/plugin.py:325: in setup
    res = await gen_obj.__anext__()  # type: ignore[union-attr]
          ^^^^^^^^^^^^^^^^^^^^^^^^^
_ _ _ _ _ _ _ _ _ _ _ _ _ _ _ _ _ _ _ _ _ _ _ _ _ _ _ _ _ _ _ _ _ _ _ _ _ _ _ _

test_db = <sqlalchemy.ext.asyncio.session.AsyncSession object at 0x7b9555f8f470>

    @pytest_asyncio.fixture
    async def client(test_db: AsyncSession) -> AsyncGenerator[AsyncClient, None]:
        """Create a test client with database session dependency override."""

        async def override_get_db():
            return test_db

        app.dependency_overrides[get_db_session] = override_get_db

>       async with AsyncClient(app=app, base_url="http://test") as ac:
                   ^^^^^^^^^^^^^^^^^^^^^^^^^^^^^^^^^^^^^^^^^^^^
E       TypeError: AsyncClient.__init__() got an unexpected keyword argument 'app'

services/auth-service/tests/conftest.py:76: TypeError
_ ERROR at setup of TestPasswordValidation.test_password_strength[valid_pass123!-True] _

request = <SubRequest 'client' for <Coroutine test_password_strength[valid_pass123!-True]>>
kwargs = {'test_db': <sqlalchemy.ext.asyncio.session.AsyncSession object at 0x7b95554fac60>}
func = <function client at 0x7b9556488680>, event_loop_fixture_id = 'event_loop'
setup = <function _wrap_asyncgen_fixture.<locals>._asyncgen_fixture_wrapper.<locals>.setup at 0x7b95554fdee0>
finalizer = <function _wrap_asyncgen_fixture.<locals>._asyncgen_fixture_wrapper.<locals>.finalizer at 0x7b95554fe020>

    @functools.wraps(fixture)
    def _asyncgen_fixture_wrapper(request: FixtureRequest, **kwargs: Any):
        func = _perhaps_rebind_fixture_func(fixture, request.instance)
        event_loop_fixture_id = _get_event_loop_fixture_id_for_async_fixture(
            request, func
        )
        event_loop = request.getfixturevalue(event_loop_fixture_id)
        kwargs.pop(event_loop_fixture_id, None)
        gen_obj = func(**_add_kwargs(func, kwargs, event_loop, request))

        async def setup():
            res = await gen_obj.__anext__()  # type: ignore[union-attr]
            return res

        def finalizer() -> None:
            """Yield again, to finalize."""

            async def async_finalizer() -> None:
                try:
                    await gen_obj.__anext__()  # type: ignore[union-attr]
                except StopAsyncIteration:
                    pass
                else:
                    msg = "Async generator fixture didn't stop."
                    msg += "Yield only once."
                    raise ValueError(msg)

            event_loop.run_until_complete(async_finalizer())

>       result = event_loop.run_until_complete(setup())
                 ^^^^^^^^^^^^^^^^^^^^^^^^^^^^^^^^^^^^^^

../../../.cache/pypoetry/virtualenvs/korobos-backend-TazSCJ9P-py3.12/lib/python3.12/site-packages/pytest_asyncio/plugin.py:343:
_ _ _ _ _ _ _ _ _ _ _ _ _ _ _ _ _ _ _ _ _ _ _ _ _ _ _ _ _ _ _ _ _ _ _ _ _ _ _ _
/usr/lib/python3.12/asyncio/base_events.py:687: in run_until_complete
    return future.result()
           ^^^^^^^^^^^^^^^
../../../.cache/pypoetry/virtualenvs/korobos-backend-TazSCJ9P-py3.12/lib/python3.12/site-packages/pytest_asyncio/plugin.py:325: in setup
    res = await gen_obj.__anext__()  # type: ignore[union-attr]
          ^^^^^^^^^^^^^^^^^^^^^^^^^
_ _ _ _ _ _ _ _ _ _ _ _ _ _ _ _ _ _ _ _ _ _ _ _ _ _ _ _ _ _ _ _ _ _ _ _ _ _ _ _

test_db = <sqlalchemy.ext.asyncio.session.AsyncSession object at 0x7b95554fac60>

    @pytest_asyncio.fixture
    async def client(test_db: AsyncSession) -> AsyncGenerator[AsyncClient, None]:
        """Create a test client with database session dependency override."""

        async def override_get_db():
            return test_db

        app.dependency_overrides[get_db_session] = override_get_db

>       async with AsyncClient(app=app, base_url="http://test") as ac:
                   ^^^^^^^^^^^^^^^^^^^^^^^^^^^^^^^^^^^^^^^^^^^^
E       TypeError: AsyncClient.__init__() got an unexpected keyword argument 'app'

services/auth-service/tests/conftest.py:76: TypeError
_ ERROR at setup of TestPasswordValidation.test_password_strength[weak-False] __

request = <SubRequest 'client' for <Coroutine test_password_strength[weak-False]>>
kwargs = {'test_db': <sqlalchemy.ext.asyncio.session.AsyncSession object at 0x7b95554f91f0>}
func = <function client at 0x7b9556488680>, event_loop_fixture_id = 'event_loop'
setup = <function _wrap_asyncgen_fixture.<locals>._asyncgen_fixture_wrapper.<locals>.setup at 0x7b9555f92f20>
finalizer = <function _wrap_asyncgen_fixture.<locals>._asyncgen_fixture_wrapper.<locals>.finalizer at 0x7b9555518c20>

    @functools.wraps(fixture)
    def _asyncgen_fixture_wrapper(request: FixtureRequest, **kwargs: Any):
        func = _perhaps_rebind_fixture_func(fixture, request.instance)
        event_loop_fixture_id = _get_event_loop_fixture_id_for_async_fixture(
            request, func
        )
        event_loop = request.getfixturevalue(event_loop_fixture_id)
        kwargs.pop(event_loop_fixture_id, None)
        gen_obj = func(**_add_kwargs(func, kwargs, event_loop, request))

        async def setup():
            res = await gen_obj.__anext__()  # type: ignore[union-attr]
            return res

        def finalizer() -> None:
            """Yield again, to finalize."""

            async def async_finalizer() -> None:
                try:
                    await gen_obj.__anext__()  # type: ignore[union-attr]
                except StopAsyncIteration:
                    pass
                else:
                    msg = "Async generator fixture didn't stop."
                    msg += "Yield only once."
                    raise ValueError(msg)

            event_loop.run_until_complete(async_finalizer())

>       result = event_loop.run_until_complete(setup())
                 ^^^^^^^^^^^^^^^^^^^^^^^^^^^^^^^^^^^^^^

../../../.cache/pypoetry/virtualenvs/korobos-backend-TazSCJ9P-py3.12/lib/python3.12/site-packages/pytest_asyncio/plugin.py:343:
_ _ _ _ _ _ _ _ _ _ _ _ _ _ _ _ _ _ _ _ _ _ _ _ _ _ _ _ _ _ _ _ _ _ _ _ _ _ _ _
/usr/lib/python3.12/asyncio/base_events.py:687: in run_until_complete
    return future.result()
           ^^^^^^^^^^^^^^^
../../../.cache/pypoetry/virtualenvs/korobos-backend-TazSCJ9P-py3.12/lib/python3.12/site-packages/pytest_asyncio/plugin.py:325: in setup
    res = await gen_obj.__anext__()  # type: ignore[union-attr]
          ^^^^^^^^^^^^^^^^^^^^^^^^^
_ _ _ _ _ _ _ _ _ _ _ _ _ _ _ _ _ _ _ _ _ _ _ _ _ _ _ _ _ _ _ _ _ _ _ _ _ _ _ _

test_db = <sqlalchemy.ext.asyncio.session.AsyncSession object at 0x7b95554f91f0>

    @pytest_asyncio.fixture
    async def client(test_db: AsyncSession) -> AsyncGenerator[AsyncClient, None]:
        """Create a test client with database session dependency override."""

        async def override_get_db():
            return test_db

        app.dependency_overrides[get_db_session] = override_get_db

>       async with AsyncClient(app=app, base_url="http://test") as ac:
                   ^^^^^^^^^^^^^^^^^^^^^^^^^^^^^^^^^^^^^^^^^^^^
E       TypeError: AsyncClient.__init__() got an unexpected keyword argument 'app'

services/auth-service/tests/conftest.py:76: TypeError
_ ERROR at setup of TestPasswordValidation.test_password_strength[NoNumbers!-False] _

request = <SubRequest 'client' for <Coroutine test_password_strength[NoNumbers!-False]>>
kwargs = {'test_db': <sqlalchemy.ext.asyncio.session.AsyncSession object at 0x7b9555535eb0>}
func = <function client at 0x7b9556488680>, event_loop_fixture_id = 'event_loop'
setup = <function _wrap_asyncgen_fixture.<locals>._asyncgen_fixture_wrapper.<locals>.setup at 0x7b955551ad40>
finalizer = <function _wrap_asyncgen_fixture.<locals>._asyncgen_fixture_wrapper.<locals>.finalizer at 0x7b9555519940>

    @functools.wraps(fixture)
    def _asyncgen_fixture_wrapper(request: FixtureRequest, **kwargs: Any):
        func = _perhaps_rebind_fixture_func(fixture, request.instance)
        event_loop_fixture_id = _get_event_loop_fixture_id_for_async_fixture(
            request, func
        )
        event_loop = request.getfixturevalue(event_loop_fixture_id)
        kwargs.pop(event_loop_fixture_id, None)
        gen_obj = func(**_add_kwargs(func, kwargs, event_loop, request))

        async def setup():
            res = await gen_obj.__anext__()  # type: ignore[union-attr]
            return res

        def finalizer() -> None:
            """Yield again, to finalize."""

            async def async_finalizer() -> None:
                try:
                    await gen_obj.__anext__()  # type: ignore[union-attr]
                except StopAsyncIteration:
                    pass
                else:
                    msg = "Async generator fixture didn't stop."
                    msg += "Yield only once."
                    raise ValueError(msg)

            event_loop.run_until_complete(async_finalizer())

>       result = event_loop.run_until_complete(setup())
                 ^^^^^^^^^^^^^^^^^^^^^^^^^^^^^^^^^^^^^^

../../../.cache/pypoetry/virtualenvs/korobos-backend-TazSCJ9P-py3.12/lib/python3.12/site-packages/pytest_asyncio/plugin.py:343:
_ _ _ _ _ _ _ _ _ _ _ _ _ _ _ _ _ _ _ _ _ _ _ _ _ _ _ _ _ _ _ _ _ _ _ _ _ _ _ _
/usr/lib/python3.12/asyncio/base_events.py:687: in run_until_complete
    return future.result()
           ^^^^^^^^^^^^^^^
../../../.cache/pypoetry/virtualenvs/korobos-backend-TazSCJ9P-py3.12/lib/python3.12/site-packages/pytest_asyncio/plugin.py:325: in setup
    res = await gen_obj.__anext__()  # type: ignore[union-attr]
          ^^^^^^^^^^^^^^^^^^^^^^^^^
_ _ _ _ _ _ _ _ _ _ _ _ _ _ _ _ _ _ _ _ _ _ _ _ _ _ _ _ _ _ _ _ _ _ _ _ _ _ _ _

test_db = <sqlalchemy.ext.asyncio.session.AsyncSession object at 0x7b9555535eb0>

    @pytest_asyncio.fixture
    async def client(test_db: AsyncSession) -> AsyncGenerator[AsyncClient, None]:
        """Create a test client with database session dependency override."""

        async def override_get_db():
            return test_db

        app.dependency_overrides[get_db_session] = override_get_db

>       async with AsyncClient(app=app, base_url="http://test") as ac:
                   ^^^^^^^^^^^^^^^^^^^^^^^^^^^^^^^^^^^^^^^^^^^^
E       TypeError: AsyncClient.__init__() got an unexpected keyword argument 'app'

services/auth-service/tests/conftest.py:76: TypeError
_ ERROR at setup of TestPasswordValidation.test_password_strength[NoSpecial123-False] _

request = <SubRequest 'client' for <Coroutine test_password_strength[NoSpecial123-False]>>
kwargs = {'test_db': <sqlalchemy.ext.asyncio.session.AsyncSession object at 0x7b9555536f60>}
func = <function client at 0x7b9556488680>, event_loop_fixture_id = 'event_loop'
setup = <function _wrap_asyncgen_fixture.<locals>._asyncgen_fixture_wrapper.<locals>.setup at 0x7b9555518720>
finalizer = <function _wrap_asyncgen_fixture.<locals>._asyncgen_fixture_wrapper.<locals>.finalizer at 0x7b955551aac0>

    @functools.wraps(fixture)
    def _asyncgen_fixture_wrapper(request: FixtureRequest, **kwargs: Any):
        func = _perhaps_rebind_fixture_func(fixture, request.instance)
        event_loop_fixture_id = _get_event_loop_fixture_id_for_async_fixture(
            request, func
        )
        event_loop = request.getfixturevalue(event_loop_fixture_id)
        kwargs.pop(event_loop_fixture_id, None)
        gen_obj = func(**_add_kwargs(func, kwargs, event_loop, request))

        async def setup():
            res = await gen_obj.__anext__()  # type: ignore[union-attr]
            return res

        def finalizer() -> None:
            """Yield again, to finalize."""

            async def async_finalizer() -> None:
                try:
                    await gen_obj.__anext__()  # type: ignore[union-attr]
                except StopAsyncIteration:
                    pass
                else:
                    msg = "Async generator fixture didn't stop."
                    msg += "Yield only once."
                    raise ValueError(msg)

            event_loop.run_until_complete(async_finalizer())

>       result = event_loop.run_until_complete(setup())
                 ^^^^^^^^^^^^^^^^^^^^^^^^^^^^^^^^^^^^^^

../../../.cache/pypoetry/virtualenvs/korobos-backend-TazSCJ9P-py3.12/lib/python3.12/site-packages/pytest_asyncio/plugin.py:343:
_ _ _ _ _ _ _ _ _ _ _ _ _ _ _ _ _ _ _ _ _ _ _ _ _ _ _ _ _ _ _ _ _ _ _ _ _ _ _ _
/usr/lib/python3.12/asyncio/base_events.py:687: in run_until_complete
    return future.result()
           ^^^^^^^^^^^^^^^
../../../.cache/pypoetry/virtualenvs/korobos-backend-TazSCJ9P-py3.12/lib/python3.12/site-packages/pytest_asyncio/plugin.py:325: in setup
    res = await gen_obj.__anext__()  # type: ignore[union-attr]
          ^^^^^^^^^^^^^^^^^^^^^^^^^
_ _ _ _ _ _ _ _ _ _ _ _ _ _ _ _ _ _ _ _ _ _ _ _ _ _ _ _ _ _ _ _ _ _ _ _ _ _ _ _

test_db = <sqlalchemy.ext.asyncio.session.AsyncSession object at 0x7b9555536f60>

    @pytest_asyncio.fixture
    async def client(test_db: AsyncSession) -> AsyncGenerator[AsyncClient, None]:
        """Create a test client with database session dependency override."""

        async def override_get_db():
            return test_db

        app.dependency_overrides[get_db_session] = override_get_db

>       async with AsyncClient(app=app, base_url="http://test") as ac:
                   ^^^^^^^^^^^^^^^^^^^^^^^^^^^^^^^^^^^^^^^^^^^^
E       TypeError: AsyncClient.__init__() got an unexpected keyword argument 'app'

services/auth-service/tests/conftest.py:76: TypeError
_ ERROR at setup of TestPasswordValidation.test_password_strength[nouppercase123!-False] _

request = <SubRequest 'client' for <Coroutine test_password_strength[nouppercase123!-False]>>
kwargs = {'test_db': <sqlalchemy.ext.asyncio.session.AsyncSession object at 0x7b9555534a40>}
func = <function client at 0x7b9556488680>, event_loop_fixture_id = 'event_loop'
setup = <function _wrap_asyncgen_fixture.<locals>._asyncgen_fixture_wrapper.<locals>.setup at 0x7b9555f92fc0>
finalizer = <function _wrap_asyncgen_fixture.<locals>._asyncgen_fixture_wrapper.<locals>.finalizer at 0x7b9555f93600>

    @functools.wraps(fixture)
    def _asyncgen_fixture_wrapper(request: FixtureRequest, **kwargs: Any):
        func = _perhaps_rebind_fixture_func(fixture, request.instance)
        event_loop_fixture_id = _get_event_loop_fixture_id_for_async_fixture(
            request, func
        )
        event_loop = request.getfixturevalue(event_loop_fixture_id)
        kwargs.pop(event_loop_fixture_id, None)
        gen_obj = func(**_add_kwargs(func, kwargs, event_loop, request))

        async def setup():
            res = await gen_obj.__anext__()  # type: ignore[union-attr]
            return res

        def finalizer() -> None:
            """Yield again, to finalize."""

            async def async_finalizer() -> None:
                try:
                    await gen_obj.__anext__()  # type: ignore[union-attr]
                except StopAsyncIteration:
                    pass
                else:
                    msg = "Async generator fixture didn't stop."
                    msg += "Yield only once."
                    raise ValueError(msg)

            event_loop.run_until_complete(async_finalizer())

>       result = event_loop.run_until_complete(setup())
                 ^^^^^^^^^^^^^^^^^^^^^^^^^^^^^^^^^^^^^^

../../../.cache/pypoetry/virtualenvs/korobos-backend-TazSCJ9P-py3.12/lib/python3.12/site-packages/pytest_asyncio/plugin.py:343:
_ _ _ _ _ _ _ _ _ _ _ _ _ _ _ _ _ _ _ _ _ _ _ _ _ _ _ _ _ _ _ _ _ _ _ _ _ _ _ _
/usr/lib/python3.12/asyncio/base_events.py:687: in run_until_complete
    return future.result()
           ^^^^^^^^^^^^^^^
../../../.cache/pypoetry/virtualenvs/korobos-backend-TazSCJ9P-py3.12/lib/python3.12/site-packages/pytest_asyncio/plugin.py:325: in setup
    res = await gen_obj.__anext__()  # type: ignore[union-attr]
          ^^^^^^^^^^^^^^^^^^^^^^^^^
_ _ _ _ _ _ _ _ _ _ _ _ _ _ _ _ _ _ _ _ _ _ _ _ _ _ _ _ _ _ _ _ _ _ _ _ _ _ _ _

test_db = <sqlalchemy.ext.asyncio.session.AsyncSession object at 0x7b9555534a40>

    @pytest_asyncio.fixture
    async def client(test_db: AsyncSession) -> AsyncGenerator[AsyncClient, None]:
        """Create a test client with database session dependency override."""

        async def override_get_db():
            return test_db

        app.dependency_overrides[get_db_session] = override_get_db

>       async with AsyncClient(app=app, base_url="http://test") as ac:
                   ^^^^^^^^^^^^^^^^^^^^^^^^^^^^^^^^^^^^^^^^^^^^
E       TypeError: AsyncClient.__init__() got an unexpected keyword argument 'app'

services/auth-service/tests/conftest.py:76: TypeError
_ ERROR at setup of TestPasswordValidation.test_password_strength[NOLOWERCASE123!-False] _

request = <SubRequest 'client' for <Coroutine test_password_strength[NOLOWERCASE123!-False]>>
kwargs = {'test_db': <sqlalchemy.ext.asyncio.session.AsyncSession object at 0x7b9555f10ad0>}
func = <function client at 0x7b9556488680>, event_loop_fixture_id = 'event_loop'
setup = <function _wrap_asyncgen_fixture.<locals>._asyncgen_fixture_wrapper.<locals>.setup at 0x7b955551b2e0>
finalizer = <function _wrap_asyncgen_fixture.<locals>._asyncgen_fixture_wrapper.<locals>.finalizer at 0x7b955551bba0>

    @functools.wraps(fixture)
    def _asyncgen_fixture_wrapper(request: FixtureRequest, **kwargs: Any):
        func = _perhaps_rebind_fixture_func(fixture, request.instance)
        event_loop_fixture_id = _get_event_loop_fixture_id_for_async_fixture(
            request, func
        )
        event_loop = request.getfixturevalue(event_loop_fixture_id)
        kwargs.pop(event_loop_fixture_id, None)
        gen_obj = func(**_add_kwargs(func, kwargs, event_loop, request))

        async def setup():
            res = await gen_obj.__anext__()  # type: ignore[union-attr]
            return res

        def finalizer() -> None:
            """Yield again, to finalize."""

            async def async_finalizer() -> None:
                try:
                    await gen_obj.__anext__()  # type: ignore[union-attr]
                except StopAsyncIteration:
                    pass
                else:
                    msg = "Async generator fixture didn't stop."
                    msg += "Yield only once."
                    raise ValueError(msg)

            event_loop.run_until_complete(async_finalizer())

>       result = event_loop.run_until_complete(setup())
                 ^^^^^^^^^^^^^^^^^^^^^^^^^^^^^^^^^^^^^^

../../../.cache/pypoetry/virtualenvs/korobos-backend-TazSCJ9P-py3.12/lib/python3.12/site-packages/pytest_asyncio/plugin.py:343:
_ _ _ _ _ _ _ _ _ _ _ _ _ _ _ _ _ _ _ _ _ _ _ _ _ _ _ _ _ _ _ _ _ _ _ _ _ _ _ _
/usr/lib/python3.12/asyncio/base_events.py:687: in run_until_complete
    return future.result()
           ^^^^^^^^^^^^^^^
../../../.cache/pypoetry/virtualenvs/korobos-backend-TazSCJ9P-py3.12/lib/python3.12/site-packages/pytest_asyncio/plugin.py:325: in setup
    res = await gen_obj.__anext__()  # type: ignore[union-attr]
          ^^^^^^^^^^^^^^^^^^^^^^^^^
_ _ _ _ _ _ _ _ _ _ _ _ _ _ _ _ _ _ _ _ _ _ _ _ _ _ _ _ _ _ _ _ _ _ _ _ _ _ _ _

test_db = <sqlalchemy.ext.asyncio.session.AsyncSession object at 0x7b9555f10ad0>

    @pytest_asyncio.fixture
    async def client(test_db: AsyncSession) -> AsyncGenerator[AsyncClient, None]:
        """Create a test client with database session dependency override."""

        async def override_get_db():
            return test_db

        app.dependency_overrides[get_db_session] = override_get_db

>       async with AsyncClient(app=app, base_url="http://test") as ac:
                   ^^^^^^^^^^^^^^^^^^^^^^^^^^^^^^^^^^^^^^^^^^^^
E       TypeError: AsyncClient.__init__() got an unexpected keyword argument 'app'

services/auth-service/tests/conftest.py:76: TypeError
______ ERROR at setup of TestVerifyEmail.test_verify_email_invalid_token _______

request = <SubRequest 'client' for <Coroutine test_verify_email_invalid_token>>
kwargs = {'test_db': <sqlalchemy.ext.asyncio.session.AsyncSession object at 0x7b9555f8eb40>}
func = <function client at 0x7b9556488680>, event_loop_fixture_id = 'event_loop'
setup = <function _wrap_asyncgen_fixture.<locals>._asyncgen_fixture_wrapper.<locals>.setup at 0x7b955551a520>
finalizer = <function _wrap_asyncgen_fixture.<locals>._asyncgen_fixture_wrapper.<locals>.finalizer at 0x7b95554fd940>

    @functools.wraps(fixture)
    def _asyncgen_fixture_wrapper(request: FixtureRequest, **kwargs: Any):
        func = _perhaps_rebind_fixture_func(fixture, request.instance)
        event_loop_fixture_id = _get_event_loop_fixture_id_for_async_fixture(
            request, func
        )
        event_loop = request.getfixturevalue(event_loop_fixture_id)
        kwargs.pop(event_loop_fixture_id, None)
        gen_obj = func(**_add_kwargs(func, kwargs, event_loop, request))

        async def setup():
            res = await gen_obj.__anext__()  # type: ignore[union-attr]
            return res

        def finalizer() -> None:
            """Yield again, to finalize."""

            async def async_finalizer() -> None:
                try:
                    await gen_obj.__anext__()  # type: ignore[union-attr]
                except StopAsyncIteration:
                    pass
                else:
                    msg = "Async generator fixture didn't stop."
                    msg += "Yield only once."
                    raise ValueError(msg)

            event_loop.run_until_complete(async_finalizer())

>       result = event_loop.run_until_complete(setup())
                 ^^^^^^^^^^^^^^^^^^^^^^^^^^^^^^^^^^^^^^

../../../.cache/pypoetry/virtualenvs/korobos-backend-TazSCJ9P-py3.12/lib/python3.12/site-packages/pytest_asyncio/plugin.py:343:
_ _ _ _ _ _ _ _ _ _ _ _ _ _ _ _ _ _ _ _ _ _ _ _ _ _ _ _ _ _ _ _ _ _ _ _ _ _ _ _
/usr/lib/python3.12/asyncio/base_events.py:687: in run_until_complete
    return future.result()
           ^^^^^^^^^^^^^^^
../../../.cache/pypoetry/virtualenvs/korobos-backend-TazSCJ9P-py3.12/lib/python3.12/site-packages/pytest_asyncio/plugin.py:325: in setup
    res = await gen_obj.__anext__()  # type: ignore[union-attr]
          ^^^^^^^^^^^^^^^^^^^^^^^^^
_ _ _ _ _ _ _ _ _ _ _ _ _ _ _ _ _ _ _ _ _ _ _ _ _ _ _ _ _ _ _ _ _ _ _ _ _ _ _ _

test_db = <sqlalchemy.ext.asyncio.session.AsyncSession object at 0x7b9555f8eb40>

    @pytest_asyncio.fixture
    async def client(test_db: AsyncSession) -> AsyncGenerator[AsyncClient, None]:
        """Create a test client with database session dependency override."""

        async def override_get_db():
            return test_db

        app.dependency_overrides[get_db_session] = override_get_db

>       async with AsyncClient(app=app, base_url="http://test") as ac:
                   ^^^^^^^^^^^^^^^^^^^^^^^^^^^^^^^^^^^^^^^^^^^^
E       TypeError: AsyncClient.__init__() got an unexpected keyword argument 'app'

services/auth-service/tests/conftest.py:76: TypeError
_______ ERROR at setup of TestPasswordReset.test_request_password_reset ________

request = <SubRequest 'client' for <Coroutine test_request_password_reset>>
kwargs = {'test_db': <sqlalchemy.ext.asyncio.session.AsyncSession object at 0x7b9556030ce0>}
func = <function client at 0x7b9556488680>, event_loop_fixture_id = 'event_loop'
setup = <function _wrap_asyncgen_fixture.<locals>._asyncgen_fixture_wrapper.<locals>.setup at 0x7b9555519e40>
finalizer = <function _wrap_asyncgen_fixture.<locals>._asyncgen_fixture_wrapper.<locals>.finalizer at 0x7b95554ffb00>

    @functools.wraps(fixture)
    def _asyncgen_fixture_wrapper(request: FixtureRequest, **kwargs: Any):
        func = _perhaps_rebind_fixture_func(fixture, request.instance)
        event_loop_fixture_id = _get_event_loop_fixture_id_for_async_fixture(
            request, func
        )
        event_loop = request.getfixturevalue(event_loop_fixture_id)
        kwargs.pop(event_loop_fixture_id, None)
        gen_obj = func(**_add_kwargs(func, kwargs, event_loop, request))

        async def setup():
            res = await gen_obj.__anext__()  # type: ignore[union-attr]
            return res

        def finalizer() -> None:
            """Yield again, to finalize."""

            async def async_finalizer() -> None:
                try:
                    await gen_obj.__anext__()  # type: ignore[union-attr]
                except StopAsyncIteration:
                    pass
                else:
                    msg = "Async generator fixture didn't stop."
                    msg += "Yield only once."
                    raise ValueError(msg)

            event_loop.run_until_complete(async_finalizer())

>       result = event_loop.run_until_complete(setup())
                 ^^^^^^^^^^^^^^^^^^^^^^^^^^^^^^^^^^^^^^

../../../.cache/pypoetry/virtualenvs/korobos-backend-TazSCJ9P-py3.12/lib/python3.12/site-packages/pytest_asyncio/plugin.py:343:
_ _ _ _ _ _ _ _ _ _ _ _ _ _ _ _ _ _ _ _ _ _ _ _ _ _ _ _ _ _ _ _ _ _ _ _ _ _ _ _
/usr/lib/python3.12/asyncio/base_events.py:687: in run_until_complete
    return future.result()
           ^^^^^^^^^^^^^^^
../../../.cache/pypoetry/virtualenvs/korobos-backend-TazSCJ9P-py3.12/lib/python3.12/site-packages/pytest_asyncio/plugin.py:325: in setup
    res = await gen_obj.__anext__()  # type: ignore[union-attr]
          ^^^^^^^^^^^^^^^^^^^^^^^^^
_ _ _ _ _ _ _ _ _ _ _ _ _ _ _ _ _ _ _ _ _ _ _ _ _ _ _ _ _ _ _ _ _ _ _ _ _ _ _ _

test_db = <sqlalchemy.ext.asyncio.session.AsyncSession object at 0x7b9556030ce0>

    @pytest_asyncio.fixture
    async def client(test_db: AsyncSession) -> AsyncGenerator[AsyncClient, None]:
        """Create a test client with database session dependency override."""

        async def override_get_db():
            return test_db

        app.dependency_overrides[get_db_session] = override_get_db

>       async with AsyncClient(app=app, base_url="http://test") as ac:
                   ^^^^^^^^^^^^^^^^^^^^^^^^^^^^^^^^^^^^^^^^^^^^
E       TypeError: AsyncClient.__init__() got an unexpected keyword argument 'app'

services/auth-service/tests/conftest.py:76: TypeError
____ ERROR at setup of TestPasswordReset.test_reset_password_invalid_token _____

request = <SubRequest 'client' for <Coroutine test_reset_password_invalid_token>>
kwargs = {'test_db': <sqlalchemy.ext.asyncio.session.AsyncSession object at 0x7b95554f9430>}
func = <function client at 0x7b9556488680>, event_loop_fixture_id = 'event_loop'
setup = <function _wrap_asyncgen_fixture.<locals>._asyncgen_fixture_wrapper.<locals>.setup at 0x7b95554fd8a0>
finalizer = <function _wrap_asyncgen_fixture.<locals>._asyncgen_fixture_wrapper.<locals>.finalizer at 0x7b95554fdb20>

    @functools.wraps(fixture)
    def _asyncgen_fixture_wrapper(request: FixtureRequest, **kwargs: Any):
        func = _perhaps_rebind_fixture_func(fixture, request.instance)
        event_loop_fixture_id = _get_event_loop_fixture_id_for_async_fixture(
            request, func
        )
        event_loop = request.getfixturevalue(event_loop_fixture_id)
        kwargs.pop(event_loop_fixture_id, None)
        gen_obj = func(**_add_kwargs(func, kwargs, event_loop, request))

        async def setup():
            res = await gen_obj.__anext__()  # type: ignore[union-attr]
            return res

        def finalizer() -> None:
            """Yield again, to finalize."""

            async def async_finalizer() -> None:
                try:
                    await gen_obj.__anext__()  # type: ignore[union-attr]
                except StopAsyncIteration:
                    pass
                else:
                    msg = "Async generator fixture didn't stop."
                    msg += "Yield only once."
                    raise ValueError(msg)

            event_loop.run_until_complete(async_finalizer())

>       result = event_loop.run_until_complete(setup())
                 ^^^^^^^^^^^^^^^^^^^^^^^^^^^^^^^^^^^^^^

../../../.cache/pypoetry/virtualenvs/korobos-backend-TazSCJ9P-py3.12/lib/python3.12/site-packages/pytest_asyncio/plugin.py:343:
_ _ _ _ _ _ _ _ _ _ _ _ _ _ _ _ _ _ _ _ _ _ _ _ _ _ _ _ _ _ _ _ _ _ _ _ _ _ _ _
/usr/lib/python3.12/asyncio/base_events.py:687: in run_until_complete
    return future.result()
           ^^^^^^^^^^^^^^^
../../../.cache/pypoetry/virtualenvs/korobos-backend-TazSCJ9P-py3.12/lib/python3.12/site-packages/pytest_asyncio/plugin.py:325: in setup
    res = await gen_obj.__anext__()  # type: ignore[union-attr]
          ^^^^^^^^^^^^^^^^^^^^^^^^^
_ _ _ _ _ _ _ _ _ _ _ _ _ _ _ _ _ _ _ _ _ _ _ _ _ _ _ _ _ _ _ _ _ _ _ _ _ _ _ _

test_db = <sqlalchemy.ext.asyncio.session.AsyncSession object at 0x7b95554f9430>

    @pytest_asyncio.fixture
    async def client(test_db: AsyncSession) -> AsyncGenerator[AsyncClient, None]:
        """Create a test client with database session dependency override."""

        async def override_get_db():
            return test_db

        app.dependency_overrides[get_db_session] = override_get_db

>       async with AsyncClient(app=app, base_url="http://test") as ac:
                   ^^^^^^^^^^^^^^^^^^^^^^^^^^^^^^^^^^^^^^^^^^^^
E       TypeError: AsyncClient.__init__() got an unexpected keyword argument 'app'

services/auth-service/tests/conftest.py:76: TypeError
=================================== FAILURES ===================================
________________ TestAuthServiceSignup.test_signup_creates_user ________________

self = <tests.test_auth_service.TestAuthServiceSignup object at 0x7b9555ec5610>
test_db = <sqlalchemy.ext.asyncio.session.AsyncSession object at 0x7b95554dd5e0>
test_user_data = {'email': 'testuser@example.com', 'full_name': 'Test User', 'password': 'TestPassword123!', 'username': 'testuser'}

    async def test_signup_creates_user(
        self, test_db: AsyncSession, test_user_data: dict
    ):
        """Test successful user creation."""
        svc = AuthService(test_db)
        signup_data = UserSignup(**test_user_data)

>       user, token = await svc.signup(signup_data)
                      ^^^^^^^^^^^^^^^^^^^^^^^^^^^^^

services/auth-service/tests/test_auth_service.py:29:
_ _ _ _ _ _ _ _ _ _ _ _ _ _ _ _ _ _ _ _ _ _ _ _ _ _ _ _ _ _ _ _ _ _ _ _ _ _ _ _
services/auth-service/app/services/service_logic.py:116: in signup
    hashed_password=hash_password(data.password),
                    ^^^^^^^^^^^^^^^^^^^^^^^^^^^^
services/auth-service/app/services/service_logic.py:44: in hash_password
    return pwd_context.hash(plain)
           ^^^^^^^^^^^^^^^^^^^^^^^
../../../.cache/pypoetry/virtualenvs/korobos-backend-TazSCJ9P-py3.12/lib/python3.12/site-packages/passlib/context.py:2258: in hash
    return record.hash(secret, **kwds)
           ^^^^^^^^^^^^^^^^^^^^^^^^^^^
../../../.cache/pypoetry/virtualenvs/korobos-backend-TazSCJ9P-py3.12/lib/python3.12/site-packages/passlib/utils/handlers.py:779: in hash
    self.checksum = self._calc_checksum(secret)
                    ^^^^^^^^^^^^^^^^^^^^^^^^^^^
../../../.cache/pypoetry/virtualenvs/korobos-backend-TazSCJ9P-py3.12/lib/python3.12/site-packages/passlib/handlers/bcrypt.py:591: in _calc_checksum
    self._stub_requires_backend()
../../../.cache/pypoetry/virtualenvs/korobos-backend-TazSCJ9P-py3.12/lib/python3.12/site-packages/passlib/utils/handlers.py:2254: in _stub_requires_backend
    cls.set_backend()
../../../.cache/pypoetry/virtualenvs/korobos-backend-TazSCJ9P-py3.12/lib/python3.12/site-packages/passlib/utils/handlers.py:2156: in set_backend
    return owner.set_backend(name, dryrun=dryrun)
           ^^^^^^^^^^^^^^^^^^^^^^^^^^^^^^^^^^^^^^
../../../.cache/pypoetry/virtualenvs/korobos-backend-TazSCJ9P-py3.12/lib/python3.12/site-packages/passlib/utils/handlers.py:2163: in set_backend
    return cls.set_backend(name, dryrun=dryrun)
           ^^^^^^^^^^^^^^^^^^^^^^^^^^^^^^^^^^^^
../../../.cache/pypoetry/virtualenvs/korobos-backend-TazSCJ9P-py3.12/lib/python3.12/site-packages/passlib/utils/handlers.py:2188: in set_backend
    cls._set_backend(name, dryrun)
../../../.cache/pypoetry/virtualenvs/korobos-backend-TazSCJ9P-py3.12/lib/python3.12/site-packages/passlib/utils/handlers.py:2311: in _set_backend
    super(SubclassBackendMixin, cls)._set_backend(name, dryrun)
../../../.cache/pypoetry/virtualenvs/korobos-backend-TazSCJ9P-py3.12/lib/python3.12/site-packages/passlib/utils/handlers.py:2224: in _set_backend
    ok = loader(**kwds)
         ^^^^^^^^^^^^^^
../../../.cache/pypoetry/virtualenvs/korobos-backend-TazSCJ9P-py3.12/lib/python3.12/site-packages/passlib/handlers/bcrypt.py:626: in _load_backend_mixin
    return mixin_cls._finalize_backend_mixin(name, dryrun)
           ^^^^^^^^^^^^^^^^^^^^^^^^^^^^^^^^^^^^^^^^^^^^^^^
../../../.cache/pypoetry/virtualenvs/korobos-backend-TazSCJ9P-py3.12/lib/python3.12/site-packages/passlib/handlers/bcrypt.py:421: in _finalize_backend_mixin
    if detect_wrap_bug(IDENT_2A):
       ^^^^^^^^^^^^^^^^^^^^^^^^^
../../../.cache/pypoetry/virtualenvs/korobos-backend-TazSCJ9P-py3.12/lib/python3.12/site-packages/passlib/handlers/bcrypt.py:380: in detect_wrap_bug
    if verify(secret, bug_hash):
       ^^^^^^^^^^^^^^^^^^^^^^^^
../../../.cache/pypoetry/virtualenvs/korobos-backend-TazSCJ9P-py3.12/lib/python3.12/site-packages/passlib/utils/handlers.py:792: in verify
    return consteq(self._calc_checksum(secret), chk)
                   ^^^^^^^^^^^^^^^^^^^^^^^^^^^
_ _ _ _ _ _ _ _ _ _ _ _ _ _ _ _ _ _ _ _ _ _ _ _ _ _ _ _ _ _ _ _ _ _ _ _ _ _ _ _

self = <passlib.handlers.bcrypt._BcryptBackend object at 0x7b95555362a0>
secret = b'01234567890123456789012345678901234567890123456789012345678901234567890123456789012345678901234567890123456789012345...7890123456789012345678901234567890123456789012345678901234567890123456789012345678901234567890123456789012345678901234'

    def _calc_checksum(self, secret):
        # bcrypt behavior:
        #   secret must be bytes
        #   config must be ascii bytes
        #   returns ascii bytes
        secret, ident = self._prepare_digest_args(secret)
        config = self._get_config(ident)
        if isinstance(config, unicode):
            config = config.encode("ascii")
>       hash = _bcrypt.hashpw(secret, config)
               ^^^^^^^^^^^^^^^^^^^^^^^^^^^^^^
E       ValueError: password cannot be longer than 72 bytes, truncate manually if necessary (e.g. my_password[:72])

../../../.cache/pypoetry/virtualenvs/korobos-backend-TazSCJ9P-py3.12/lib/python3.12/site-packages/passlib/handlers/bcrypt.py:655: ValueError
------------------------------ Captured log call -------------------------------
WARNING  passlib.handlers.bcrypt:bcrypt.py:622 (trapped) error reading bcrypt version
Traceback (most recent call last):
  File "/home/grl/.cache/pypoetry/virtualenvs/korobos-backend-TazSCJ9P-py3.12/lib/python3.12/site-packages/passlib/handlers/bcrypt.py", line 620, in _load_backend_mixin
    version = _bcrypt.__about__.__version__
              ^^^^^^^^^^^^^^^^^
AttributeError: module 'bcrypt' has no attribute '__about__'
______________ TestAuthServiceSignup.test_signup_hashes_password _______________

self = <tests.test_auth_service.TestAuthServiceSignup object at 0x7b9555ec4aa0>
test_db = <sqlalchemy.ext.asyncio.session.AsyncSession object at 0x7b95554dd070>
test_user_data = {'email': 'testuser@example.com', 'full_name': 'Test User', 'password': 'TestPassword123!', 'username': 'testuser'}

    async def test_signup_hashes_password(
        self, test_db: AsyncSession, test_user_data: dict
    ):
        """Test password is properly hashed."""
        svc = AuthService(test_db)
        signup_data = UserSignup(**test_user_data)

>       user, _ = await svc.signup(signup_data)
                  ^^^^^^^^^^^^^^^^^^^^^^^^^^^^^

services/auth-service/tests/test_auth_service.py:44:
_ _ _ _ _ _ _ _ _ _ _ _ _ _ _ _ _ _ _ _ _ _ _ _ _ _ _ _ _ _ _ _ _ _ _ _ _ _ _ _
services/auth-service/app/services/service_logic.py:116: in signup
    hashed_password=hash_password(data.password),
                    ^^^^^^^^^^^^^^^^^^^^^^^^^^^^
services/auth-service/app/services/service_logic.py:44: in hash_password
    return pwd_context.hash(plain)
           ^^^^^^^^^^^^^^^^^^^^^^^
../../../.cache/pypoetry/virtualenvs/korobos-backend-TazSCJ9P-py3.12/lib/python3.12/site-packages/passlib/context.py:2258: in hash
    return record.hash(secret, **kwds)
           ^^^^^^^^^^^^^^^^^^^^^^^^^^^
../../../.cache/pypoetry/virtualenvs/korobos-backend-TazSCJ9P-py3.12/lib/python3.12/site-packages/passlib/utils/handlers.py:779: in hash
    self.checksum = self._calc_checksum(secret)
                    ^^^^^^^^^^^^^^^^^^^^^^^^^^^
../../../.cache/pypoetry/virtualenvs/korobos-backend-TazSCJ9P-py3.12/lib/python3.12/site-packages/passlib/handlers/bcrypt.py:591: in _calc_checksum
    self._stub_requires_backend()
../../../.cache/pypoetry/virtualenvs/korobos-backend-TazSCJ9P-py3.12/lib/python3.12/site-packages/passlib/utils/handlers.py:2254: in _stub_requires_backend
    cls.set_backend()
../../../.cache/pypoetry/virtualenvs/korobos-backend-TazSCJ9P-py3.12/lib/python3.12/site-packages/passlib/utils/handlers.py:2156: in set_backend
    return owner.set_backend(name, dryrun=dryrun)
           ^^^^^^^^^^^^^^^^^^^^^^^^^^^^^^^^^^^^^^
../../../.cache/pypoetry/virtualenvs/korobos-backend-TazSCJ9P-py3.12/lib/python3.12/site-packages/passlib/utils/handlers.py:2163: in set_backend
    return cls.set_backend(name, dryrun=dryrun)
           ^^^^^^^^^^^^^^^^^^^^^^^^^^^^^^^^^^^^
../../../.cache/pypoetry/virtualenvs/korobos-backend-TazSCJ9P-py3.12/lib/python3.12/site-packages/passlib/utils/handlers.py:2188: in set_backend
    cls._set_backend(name, dryrun)
../../../.cache/pypoetry/virtualenvs/korobos-backend-TazSCJ9P-py3.12/lib/python3.12/site-packages/passlib/utils/handlers.py:2311: in _set_backend
    super(SubclassBackendMixin, cls)._set_backend(name, dryrun)
../../../.cache/pypoetry/virtualenvs/korobos-backend-TazSCJ9P-py3.12/lib/python3.12/site-packages/passlib/utils/handlers.py:2224: in _set_backend
    ok = loader(**kwds)
         ^^^^^^^^^^^^^^
../../../.cache/pypoetry/virtualenvs/korobos-backend-TazSCJ9P-py3.12/lib/python3.12/site-packages/passlib/handlers/bcrypt.py:626: in _load_backend_mixin
    return mixin_cls._finalize_backend_mixin(name, dryrun)
           ^^^^^^^^^^^^^^^^^^^^^^^^^^^^^^^^^^^^^^^^^^^^^^^
../../../.cache/pypoetry/virtualenvs/korobos-backend-TazSCJ9P-py3.12/lib/python3.12/site-packages/passlib/handlers/bcrypt.py:421: in _finalize_backend_mixin
    if detect_wrap_bug(IDENT_2A):
       ^^^^^^^^^^^^^^^^^^^^^^^^^
../../../.cache/pypoetry/virtualenvs/korobos-backend-TazSCJ9P-py3.12/lib/python3.12/site-packages/passlib/handlers/bcrypt.py:380: in detect_wrap_bug
    if verify(secret, bug_hash):
       ^^^^^^^^^^^^^^^^^^^^^^^^
../../../.cache/pypoetry/virtualenvs/korobos-backend-TazSCJ9P-py3.12/lib/python3.12/site-packages/passlib/utils/handlers.py:792: in verify
    return consteq(self._calc_checksum(secret), chk)
                   ^^^^^^^^^^^^^^^^^^^^^^^^^^^
_ _ _ _ _ _ _ _ _ _ _ _ _ _ _ _ _ _ _ _ _ _ _ _ _ _ _ _ _ _ _ _ _ _ _ _ _ _ _ _

self = <passlib.handlers.bcrypt._BcryptBackend object at 0x7b9555531370>
secret = b'01234567890123456789012345678901234567890123456789012345678901234567890123456789012345678901234567890123456789012345...7890123456789012345678901234567890123456789012345678901234567890123456789012345678901234567890123456789012345678901234'

    def _calc_checksum(self, secret):
        # bcrypt behavior:
        #   secret must be bytes
        #   config must be ascii bytes
        #   returns ascii bytes
        secret, ident = self._prepare_digest_args(secret)
        config = self._get_config(ident)
        if isinstance(config, unicode):
            config = config.encode("ascii")
>       hash = _bcrypt.hashpw(secret, config)
               ^^^^^^^^^^^^^^^^^^^^^^^^^^^^^^
E       ValueError: password cannot be longer than 72 bytes, truncate manually if necessary (e.g. my_password[:72])

../../../.cache/pypoetry/virtualenvs/korobos-backend-TazSCJ9P-py3.12/lib/python3.12/site-packages/passlib/handlers/bcrypt.py:655: ValueError
------------------------------ Captured log call -------------------------------
WARNING  passlib.handlers.bcrypt:bcrypt.py:622 (trapped) error reading bcrypt version
Traceback (most recent call last):
  File "/home/grl/.cache/pypoetry/virtualenvs/korobos-backend-TazSCJ9P-py3.12/lib/python3.12/site-packages/passlib/handlers/bcrypt.py", line 620, in _load_backend_mixin
    version = _bcrypt.__about__.__version__
              ^^^^^^^^^^^^^^^^^
AttributeError: module 'bcrypt' has no attribute '__about__'
___________ TestAuthServiceSignup.test_signup_duplicate_email_fails ____________

self = <tests.test_auth_service.TestAuthServiceSignup object at 0x7b9555ec7380>
test_db = <sqlalchemy.ext.asyncio.session.AsyncSession object at 0x7b95554dd550>
test_user_data = {'email': 'testuser@example.com', 'full_name': 'Test User', 'password': 'TestPassword123!', 'username': 'testuser'}

    async def test_signup_duplicate_email_fails(
        self, test_db: AsyncSession, test_user_data: dict
    ):
        """Test signup with duplicate email fails."""
        svc = AuthService(test_db)
        signup_data = UserSignup(**test_user_data)

        # First signup succeeds
>       await svc.signup(signup_data)

services/auth-service/tests/test_auth_service.py:59:
_ _ _ _ _ _ _ _ _ _ _ _ _ _ _ _ _ _ _ _ _ _ _ _ _ _ _ _ _ _ _ _ _ _ _ _ _ _ _ _
services/auth-service/app/services/service_logic.py:116: in signup
    hashed_password=hash_password(data.password),
                    ^^^^^^^^^^^^^^^^^^^^^^^^^^^^
services/auth-service/app/services/service_logic.py:44: in hash_password
    return pwd_context.hash(plain)
           ^^^^^^^^^^^^^^^^^^^^^^^
../../../.cache/pypoetry/virtualenvs/korobos-backend-TazSCJ9P-py3.12/lib/python3.12/site-packages/passlib/context.py:2258: in hash
    return record.hash(secret, **kwds)
           ^^^^^^^^^^^^^^^^^^^^^^^^^^^
../../../.cache/pypoetry/virtualenvs/korobos-backend-TazSCJ9P-py3.12/lib/python3.12/site-packages/passlib/utils/handlers.py:779: in hash
    self.checksum = self._calc_checksum(secret)
                    ^^^^^^^^^^^^^^^^^^^^^^^^^^^
../../../.cache/pypoetry/virtualenvs/korobos-backend-TazSCJ9P-py3.12/lib/python3.12/site-packages/passlib/handlers/bcrypt.py:591: in _calc_checksum
    self._stub_requires_backend()
../../../.cache/pypoetry/virtualenvs/korobos-backend-TazSCJ9P-py3.12/lib/python3.12/site-packages/passlib/utils/handlers.py:2254: in _stub_requires_backend
    cls.set_backend()
../../../.cache/pypoetry/virtualenvs/korobos-backend-TazSCJ9P-py3.12/lib/python3.12/site-packages/passlib/utils/handlers.py:2156: in set_backend
    return owner.set_backend(name, dryrun=dryrun)
           ^^^^^^^^^^^^^^^^^^^^^^^^^^^^^^^^^^^^^^
../../../.cache/pypoetry/virtualenvs/korobos-backend-TazSCJ9P-py3.12/lib/python3.12/site-packages/passlib/utils/handlers.py:2163: in set_backend
    return cls.set_backend(name, dryrun=dryrun)
           ^^^^^^^^^^^^^^^^^^^^^^^^^^^^^^^^^^^^
../../../.cache/pypoetry/virtualenvs/korobos-backend-TazSCJ9P-py3.12/lib/python3.12/site-packages/passlib/utils/handlers.py:2188: in set_backend
    cls._set_backend(name, dryrun)
../../../.cache/pypoetry/virtualenvs/korobos-backend-TazSCJ9P-py3.12/lib/python3.12/site-packages/passlib/utils/handlers.py:2311: in _set_backend
    super(SubclassBackendMixin, cls)._set_backend(name, dryrun)
../../../.cache/pypoetry/virtualenvs/korobos-backend-TazSCJ9P-py3.12/lib/python3.12/site-packages/passlib/utils/handlers.py:2224: in _set_backend
    ok = loader(**kwds)
         ^^^^^^^^^^^^^^
../../../.cache/pypoetry/virtualenvs/korobos-backend-TazSCJ9P-py3.12/lib/python3.12/site-packages/passlib/handlers/bcrypt.py:626: in _load_backend_mixin
    return mixin_cls._finalize_backend_mixin(name, dryrun)
           ^^^^^^^^^^^^^^^^^^^^^^^^^^^^^^^^^^^^^^^^^^^^^^^
../../../.cache/pypoetry/virtualenvs/korobos-backend-TazSCJ9P-py3.12/lib/python3.12/site-packages/passlib/handlers/bcrypt.py:421: in _finalize_backend_mixin
    if detect_wrap_bug(IDENT_2A):
       ^^^^^^^^^^^^^^^^^^^^^^^^^
../../../.cache/pypoetry/virtualenvs/korobos-backend-TazSCJ9P-py3.12/lib/python3.12/site-packages/passlib/handlers/bcrypt.py:380: in detect_wrap_bug
    if verify(secret, bug_hash):
       ^^^^^^^^^^^^^^^^^^^^^^^^
../../../.cache/pypoetry/virtualenvs/korobos-backend-TazSCJ9P-py3.12/lib/python3.12/site-packages/passlib/utils/handlers.py:792: in verify
    return consteq(self._calc_checksum(secret), chk)
                   ^^^^^^^^^^^^^^^^^^^^^^^^^^^
_ _ _ _ _ _ _ _ _ _ _ _ _ _ _ _ _ _ _ _ _ _ _ _ _ _ _ _ _ _ _ _ _ _ _ _ _ _ _ _

self = <passlib.handlers.bcrypt._BcryptBackend object at 0x7b95554202f0>
secret = b'01234567890123456789012345678901234567890123456789012345678901234567890123456789012345678901234567890123456789012345...7890123456789012345678901234567890123456789012345678901234567890123456789012345678901234567890123456789012345678901234'

    def _calc_checksum(self, secret):
        # bcrypt behavior:
        #   secret must be bytes
        #   config must be ascii bytes
        #   returns ascii bytes
        secret, ident = self._prepare_digest_args(secret)
        config = self._get_config(ident)
        if isinstance(config, unicode):
            config = config.encode("ascii")
>       hash = _bcrypt.hashpw(secret, config)
               ^^^^^^^^^^^^^^^^^^^^^^^^^^^^^^
E       ValueError: password cannot be longer than 72 bytes, truncate manually if necessary (e.g. my_password[:72])

../../../.cache/pypoetry/virtualenvs/korobos-backend-TazSCJ9P-py3.12/lib/python3.12/site-packages/passlib/handlers/bcrypt.py:655: ValueError
------------------------------ Captured log call -------------------------------
WARNING  passlib.handlers.bcrypt:bcrypt.py:622 (trapped) error reading bcrypt version
Traceback (most recent call last):
  File "/home/grl/.cache/pypoetry/virtualenvs/korobos-backend-TazSCJ9P-py3.12/lib/python3.12/site-packages/passlib/handlers/bcrypt.py", line 620, in _load_backend_mixin
    version = _bcrypt.__about__.__version__
              ^^^^^^^^^^^^^^^^^
AttributeError: module 'bcrypt' has no attribute '__about__'
____________ TestAuthServiceSignup.test_signup_weak_password_fails _____________

self = <tests.test_auth_service.TestAuthServiceSignup object at 0x7b9555ec75f0>
test_db = <sqlalchemy.ext.asyncio.session.AsyncSession object at 0x7b95561cd460>
test_user_data = {'email': 'testuser@example.com', 'full_name': 'Test User', 'password': 'weak', 'username': 'testuser'}

    async def test_signup_weak_password_fails(
        self, test_db: AsyncSession, test_user_data: dict
    ):
        """Test weak password is rejected."""
        svc = AuthService(test_db)
        test_user_data["password"] = "weak"
>       signup_data = UserSignup(**test_user_data)
                      ^^^^^^^^^^^^^^^^^^^^^^^^^^^^
E       pydantic_core._pydantic_core.ValidationError: 1 validation error for UserSignup
E       password
E         String should have at least 8 characters [type=string_too_short, input_value='weak', input_type=str]
E           For further information visit https://errors.pydantic.dev/2.12/v/string_too_short

services/auth-service/tests/test_auth_service.py:72: ValidationError
______ TestAuthServiceSignup.test_signup_creates_email_verification_token ______

self = <tests.test_auth_service.TestAuthServiceSignup object at 0x7b9555ec7ad0>
test_db = <sqlalchemy.ext.asyncio.session.AsyncSession object at 0x7b9555422f60>
test_user_data = {'email': 'testuser@example.com', 'full_name': 'Test User', 'password': 'TestPassword123!', 'username': 'testuser'}

    async def test_signup_creates_email_verification_token(
        self, test_db: AsyncSession, test_user_data: dict
    ):
        """Test email verification token is created."""
        svc = AuthService(test_db)
        signup_data = UserSignup(**test_user_data)

>       user, _ = await svc.signup(signup_data)
                  ^^^^^^^^^^^^^^^^^^^^^^^^^^^^^

services/auth-service/tests/test_auth_service.py:95:
_ _ _ _ _ _ _ _ _ _ _ _ _ _ _ _ _ _ _ _ _ _ _ _ _ _ _ _ _ _ _ _ _ _ _ _ _ _ _ _
services/auth-service/app/services/service_logic.py:116: in signup
    hashed_password=hash_password(data.password),
                    ^^^^^^^^^^^^^^^^^^^^^^^^^^^^
services/auth-service/app/services/service_logic.py:44: in hash_password
    return pwd_context.hash(plain)
           ^^^^^^^^^^^^^^^^^^^^^^^
../../../.cache/pypoetry/virtualenvs/korobos-backend-TazSCJ9P-py3.12/lib/python3.12/site-packages/passlib/context.py:2258: in hash
    return record.hash(secret, **kwds)
           ^^^^^^^^^^^^^^^^^^^^^^^^^^^
../../../.cache/pypoetry/virtualenvs/korobos-backend-TazSCJ9P-py3.12/lib/python3.12/site-packages/passlib/utils/handlers.py:779: in hash
    self.checksum = self._calc_checksum(secret)
                    ^^^^^^^^^^^^^^^^^^^^^^^^^^^
../../../.cache/pypoetry/virtualenvs/korobos-backend-TazSCJ9P-py3.12/lib/python3.12/site-packages/passlib/handlers/bcrypt.py:591: in _calc_checksum
    self._stub_requires_backend()
../../../.cache/pypoetry/virtualenvs/korobos-backend-TazSCJ9P-py3.12/lib/python3.12/site-packages/passlib/utils/handlers.py:2254: in _stub_requires_backend
    cls.set_backend()
../../../.cache/pypoetry/virtualenvs/korobos-backend-TazSCJ9P-py3.12/lib/python3.12/site-packages/passlib/utils/handlers.py:2156: in set_backend
    return owner.set_backend(name, dryrun=dryrun)
           ^^^^^^^^^^^^^^^^^^^^^^^^^^^^^^^^^^^^^^
../../../.cache/pypoetry/virtualenvs/korobos-backend-TazSCJ9P-py3.12/lib/python3.12/site-packages/passlib/utils/handlers.py:2163: in set_backend
    return cls.set_backend(name, dryrun=dryrun)
           ^^^^^^^^^^^^^^^^^^^^^^^^^^^^^^^^^^^^
../../../.cache/pypoetry/virtualenvs/korobos-backend-TazSCJ9P-py3.12/lib/python3.12/site-packages/passlib/utils/handlers.py:2188: in set_backend
    cls._set_backend(name, dryrun)
../../../.cache/pypoetry/virtualenvs/korobos-backend-TazSCJ9P-py3.12/lib/python3.12/site-packages/passlib/utils/handlers.py:2311: in _set_backend
    super(SubclassBackendMixin, cls)._set_backend(name, dryrun)
../../../.cache/pypoetry/virtualenvs/korobos-backend-TazSCJ9P-py3.12/lib/python3.12/site-packages/passlib/utils/handlers.py:2224: in _set_backend
    ok = loader(**kwds)
         ^^^^^^^^^^^^^^
../../../.cache/pypoetry/virtualenvs/korobos-backend-TazSCJ9P-py3.12/lib/python3.12/site-packages/passlib/handlers/bcrypt.py:626: in _load_backend_mixin
    return mixin_cls._finalize_backend_mixin(name, dryrun)
           ^^^^^^^^^^^^^^^^^^^^^^^^^^^^^^^^^^^^^^^^^^^^^^^
../../../.cache/pypoetry/virtualenvs/korobos-backend-TazSCJ9P-py3.12/lib/python3.12/site-packages/passlib/handlers/bcrypt.py:421: in _finalize_backend_mixin
    if detect_wrap_bug(IDENT_2A):
       ^^^^^^^^^^^^^^^^^^^^^^^^^
../../../.cache/pypoetry/virtualenvs/korobos-backend-TazSCJ9P-py3.12/lib/python3.12/site-packages/passlib/handlers/bcrypt.py:380: in detect_wrap_bug
    if verify(secret, bug_hash):
       ^^^^^^^^^^^^^^^^^^^^^^^^
../../../.cache/pypoetry/virtualenvs/korobos-backend-TazSCJ9P-py3.12/lib/python3.12/site-packages/passlib/utils/handlers.py:792: in verify
    return consteq(self._calc_checksum(secret), chk)
                   ^^^^^^^^^^^^^^^^^^^^^^^^^^^
_ _ _ _ _ _ _ _ _ _ _ _ _ _ _ _ _ _ _ _ _ _ _ _ _ _ _ _ _ _ _ _ _ _ _ _ _ _ _ _

self = <passlib.handlers.bcrypt._BcryptBackend object at 0x7b9555423fb0>
secret = b'01234567890123456789012345678901234567890123456789012345678901234567890123456789012345678901234567890123456789012345...7890123456789012345678901234567890123456789012345678901234567890123456789012345678901234567890123456789012345678901234'

    def _calc_checksum(self, secret):
        # bcrypt behavior:
        #   secret must be bytes
        #   config must be ascii bytes
        #   returns ascii bytes
        secret, ident = self._prepare_digest_args(secret)
        config = self._get_config(ident)
        if isinstance(config, unicode):
            config = config.encode("ascii")
>       hash = _bcrypt.hashpw(secret, config)
               ^^^^^^^^^^^^^^^^^^^^^^^^^^^^^^
E       ValueError: password cannot be longer than 72 bytes, truncate manually if necessary (e.g. my_password[:72])

../../../.cache/pypoetry/virtualenvs/korobos-backend-TazSCJ9P-py3.12/lib/python3.12/site-packages/passlib/handlers/bcrypt.py:655: ValueError
------------------------------ Captured log call -------------------------------
WARNING  passlib.handlers.bcrypt:bcrypt.py:622 (trapped) error reading bcrypt version
Traceback (most recent call last):
  File "/home/grl/.cache/pypoetry/virtualenvs/korobos-backend-TazSCJ9P-py3.12/lib/python3.12/site-packages/passlib/handlers/bcrypt.py", line 620, in _load_backend_mixin
    version = _bcrypt.__about__.__version__
              ^^^^^^^^^^^^^^^^^
AttributeError: module 'bcrypt' has no attribute '__about__'
_________ TestAuthServiceLogin.test_login_requires_email_verification __________

self = <tests.test_auth_service.TestAuthServiceLogin object at 0x7b9555ec7ec0>
test_db = <sqlalchemy.ext.asyncio.session.AsyncSession object at 0x7b95554dd2e0>
test_user_data = {'email': 'testuser@example.com', 'full_name': 'Test User', 'password': 'TestPassword123!', 'username': 'testuser'}
test_login_data = {'email': 'testuser@example.com', 'password': 'TestPassword123!'}

    async def test_login_requires_email_verification(
        self, test_db: AsyncSession, test_user_data: dict, test_login_data: dict
    ):
        """Test login fails if email not verified."""
        svc = AuthService(test_db)

        # Create user
        signup_data = UserSignup(**test_user_data)
>       await svc.signup(signup_data)

services/auth-service/tests/test_auth_service.py:123:
_ _ _ _ _ _ _ _ _ _ _ _ _ _ _ _ _ _ _ _ _ _ _ _ _ _ _ _ _ _ _ _ _ _ _ _ _ _ _ _
services/auth-service/app/services/service_logic.py:116: in signup
    hashed_password=hash_password(data.password),
                    ^^^^^^^^^^^^^^^^^^^^^^^^^^^^
services/auth-service/app/services/service_logic.py:44: in hash_password
    return pwd_context.hash(plain)
           ^^^^^^^^^^^^^^^^^^^^^^^
../../../.cache/pypoetry/virtualenvs/korobos-backend-TazSCJ9P-py3.12/lib/python3.12/site-packages/passlib/context.py:2258: in hash
    return record.hash(secret, **kwds)
           ^^^^^^^^^^^^^^^^^^^^^^^^^^^
../../../.cache/pypoetry/virtualenvs/korobos-backend-TazSCJ9P-py3.12/lib/python3.12/site-packages/passlib/utils/handlers.py:779: in hash
    self.checksum = self._calc_checksum(secret)
                    ^^^^^^^^^^^^^^^^^^^^^^^^^^^
../../../.cache/pypoetry/virtualenvs/korobos-backend-TazSCJ9P-py3.12/lib/python3.12/site-packages/passlib/handlers/bcrypt.py:591: in _calc_checksum
    self._stub_requires_backend()
../../../.cache/pypoetry/virtualenvs/korobos-backend-TazSCJ9P-py3.12/lib/python3.12/site-packages/passlib/utils/handlers.py:2254: in _stub_requires_backend
    cls.set_backend()
../../../.cache/pypoetry/virtualenvs/korobos-backend-TazSCJ9P-py3.12/lib/python3.12/site-packages/passlib/utils/handlers.py:2156: in set_backend
    return owner.set_backend(name, dryrun=dryrun)
           ^^^^^^^^^^^^^^^^^^^^^^^^^^^^^^^^^^^^^^
../../../.cache/pypoetry/virtualenvs/korobos-backend-TazSCJ9P-py3.12/lib/python3.12/site-packages/passlib/utils/handlers.py:2163: in set_backend
    return cls.set_backend(name, dryrun=dryrun)
           ^^^^^^^^^^^^^^^^^^^^^^^^^^^^^^^^^^^^
../../../.cache/pypoetry/virtualenvs/korobos-backend-TazSCJ9P-py3.12/lib/python3.12/site-packages/passlib/utils/handlers.py:2188: in set_backend
    cls._set_backend(name, dryrun)
../../../.cache/pypoetry/virtualenvs/korobos-backend-TazSCJ9P-py3.12/lib/python3.12/site-packages/passlib/utils/handlers.py:2311: in _set_backend
    super(SubclassBackendMixin, cls)._set_backend(name, dryrun)
../../../.cache/pypoetry/virtualenvs/korobos-backend-TazSCJ9P-py3.12/lib/python3.12/site-packages/passlib/utils/handlers.py:2224: in _set_backend
    ok = loader(**kwds)
         ^^^^^^^^^^^^^^
../../../.cache/pypoetry/virtualenvs/korobos-backend-TazSCJ9P-py3.12/lib/python3.12/site-packages/passlib/handlers/bcrypt.py:626: in _load_backend_mixin
    return mixin_cls._finalize_backend_mixin(name, dryrun)
           ^^^^^^^^^^^^^^^^^^^^^^^^^^^^^^^^^^^^^^^^^^^^^^^
../../../.cache/pypoetry/virtualenvs/korobos-backend-TazSCJ9P-py3.12/lib/python3.12/site-packages/passlib/handlers/bcrypt.py:421: in _finalize_backend_mixin
    if detect_wrap_bug(IDENT_2A):
       ^^^^^^^^^^^^^^^^^^^^^^^^^
../../../.cache/pypoetry/virtualenvs/korobos-backend-TazSCJ9P-py3.12/lib/python3.12/site-packages/passlib/handlers/bcrypt.py:380: in detect_wrap_bug
    if verify(secret, bug_hash):
       ^^^^^^^^^^^^^^^^^^^^^^^^
../../../.cache/pypoetry/virtualenvs/korobos-backend-TazSCJ9P-py3.12/lib/python3.12/site-packages/passlib/utils/handlers.py:792: in verify
    return consteq(self._calc_checksum(secret), chk)
                   ^^^^^^^^^^^^^^^^^^^^^^^^^^^
_ _ _ _ _ _ _ _ _ _ _ _ _ _ _ _ _ _ _ _ _ _ _ _ _ _ _ _ _ _ _ _ _ _ _ _ _ _ _ _

self = <passlib.handlers.bcrypt._BcryptBackend object at 0x7b9555420170>
secret = b'01234567890123456789012345678901234567890123456789012345678901234567890123456789012345678901234567890123456789012345...7890123456789012345678901234567890123456789012345678901234567890123456789012345678901234567890123456789012345678901234'

    def _calc_checksum(self, secret):
        # bcrypt behavior:
        #   secret must be bytes
        #   config must be ascii bytes
        #   returns ascii bytes
        secret, ident = self._prepare_digest_args(secret)
        config = self._get_config(ident)
        if isinstance(config, unicode):
            config = config.encode("ascii")
>       hash = _bcrypt.hashpw(secret, config)
               ^^^^^^^^^^^^^^^^^^^^^^^^^^^^^^
E       ValueError: password cannot be longer than 72 bytes, truncate manually if necessary (e.g. my_password[:72])

../../../.cache/pypoetry/virtualenvs/korobos-backend-TazSCJ9P-py3.12/lib/python3.12/site-packages/passlib/handlers/bcrypt.py:655: ValueError
------------------------------ Captured log call -------------------------------
WARNING  passlib.handlers.bcrypt:bcrypt.py:622 (trapped) error reading bcrypt version
Traceback (most recent call last):
  File "/home/grl/.cache/pypoetry/virtualenvs/korobos-backend-TazSCJ9P-py3.12/lib/python3.12/site-packages/passlib/handlers/bcrypt.py", line 620, in _load_backend_mixin
    version = _bcrypt.__about__.__version__
              ^^^^^^^^^^^^^^^^^
AttributeError: module 'bcrypt' has no attribute '__about__'
_________ TestAuthServiceLogin.test_login_success_with_verified_email __________

self = <tests.test_auth_service.TestAuthServiceLogin object at 0x7b9555eec1a0>
test_db = <sqlalchemy.ext.asyncio.session.AsyncSession object at 0x7b9555421ac0>
test_user_data = {'email': 'testuser@example.com', 'full_name': 'Test User', 'password': 'TestPassword123!', 'username': 'testuser'}
test_login_data = {'email': 'testuser@example.com', 'password': 'TestPassword123!'}

    async def test_login_success_with_verified_email(
        self, test_db: AsyncSession, test_user_data: dict, test_login_data: dict
    ):
        """Test successful login with verified email."""
        from datetime import datetime, timezone

        svc = AuthService(test_db)

        # Create and verify user
        signup_data = UserSignup(**test_user_data)
>       user, _ = await svc.signup(signup_data)
                  ^^^^^^^^^^^^^^^^^^^^^^^^^^^^^

services/auth-service/tests/test_auth_service.py:141:
_ _ _ _ _ _ _ _ _ _ _ _ _ _ _ _ _ _ _ _ _ _ _ _ _ _ _ _ _ _ _ _ _ _ _ _ _ _ _ _
services/auth-service/app/services/service_logic.py:116: in signup
    hashed_password=hash_password(data.password),
                    ^^^^^^^^^^^^^^^^^^^^^^^^^^^^
services/auth-service/app/services/service_logic.py:44: in hash_password
    return pwd_context.hash(plain)
           ^^^^^^^^^^^^^^^^^^^^^^^
../../../.cache/pypoetry/virtualenvs/korobos-backend-TazSCJ9P-py3.12/lib/python3.12/site-packages/passlib/context.py:2258: in hash
    return record.hash(secret, **kwds)
           ^^^^^^^^^^^^^^^^^^^^^^^^^^^
../../../.cache/pypoetry/virtualenvs/korobos-backend-TazSCJ9P-py3.12/lib/python3.12/site-packages/passlib/utils/handlers.py:779: in hash
    self.checksum = self._calc_checksum(secret)
                    ^^^^^^^^^^^^^^^^^^^^^^^^^^^
../../../.cache/pypoetry/virtualenvs/korobos-backend-TazSCJ9P-py3.12/lib/python3.12/site-packages/passlib/handlers/bcrypt.py:591: in _calc_checksum
    self._stub_requires_backend()
../../../.cache/pypoetry/virtualenvs/korobos-backend-TazSCJ9P-py3.12/lib/python3.12/site-packages/passlib/utils/handlers.py:2254: in _stub_requires_backend
    cls.set_backend()
../../../.cache/pypoetry/virtualenvs/korobos-backend-TazSCJ9P-py3.12/lib/python3.12/site-packages/passlib/utils/handlers.py:2156: in set_backend
    return owner.set_backend(name, dryrun=dryrun)
           ^^^^^^^^^^^^^^^^^^^^^^^^^^^^^^^^^^^^^^
../../../.cache/pypoetry/virtualenvs/korobos-backend-TazSCJ9P-py3.12/lib/python3.12/site-packages/passlib/utils/handlers.py:2163: in set_backend
    return cls.set_backend(name, dryrun=dryrun)
           ^^^^^^^^^^^^^^^^^^^^^^^^^^^^^^^^^^^^
../../../.cache/pypoetry/virtualenvs/korobos-backend-TazSCJ9P-py3.12/lib/python3.12/site-packages/passlib/utils/handlers.py:2188: in set_backend
    cls._set_backend(name, dryrun)
../../../.cache/pypoetry/virtualenvs/korobos-backend-TazSCJ9P-py3.12/lib/python3.12/site-packages/passlib/utils/handlers.py:2311: in _set_backend
    super(SubclassBackendMixin, cls)._set_backend(name, dryrun)
../../../.cache/pypoetry/virtualenvs/korobos-backend-TazSCJ9P-py3.12/lib/python3.12/site-packages/passlib/utils/handlers.py:2224: in _set_backend
    ok = loader(**kwds)
         ^^^^^^^^^^^^^^
../../../.cache/pypoetry/virtualenvs/korobos-backend-TazSCJ9P-py3.12/lib/python3.12/site-packages/passlib/handlers/bcrypt.py:626: in _load_backend_mixin
    return mixin_cls._finalize_backend_mixin(name, dryrun)
           ^^^^^^^^^^^^^^^^^^^^^^^^^^^^^^^^^^^^^^^^^^^^^^^
../../../.cache/pypoetry/virtualenvs/korobos-backend-TazSCJ9P-py3.12/lib/python3.12/site-packages/passlib/handlers/bcrypt.py:421: in _finalize_backend_mixin
    if detect_wrap_bug(IDENT_2A):
       ^^^^^^^^^^^^^^^^^^^^^^^^^
../../../.cache/pypoetry/virtualenvs/korobos-backend-TazSCJ9P-py3.12/lib/python3.12/site-packages/passlib/handlers/bcrypt.py:380: in detect_wrap_bug
    if verify(secret, bug_hash):
       ^^^^^^^^^^^^^^^^^^^^^^^^
../../../.cache/pypoetry/virtualenvs/korobos-backend-TazSCJ9P-py3.12/lib/python3.12/site-packages/passlib/utils/handlers.py:792: in verify
    return consteq(self._calc_checksum(secret), chk)
                   ^^^^^^^^^^^^^^^^^^^^^^^^^^^
_ _ _ _ _ _ _ _ _ _ _ _ _ _ _ _ _ _ _ _ _ _ _ _ _ _ _ _ _ _ _ _ _ _ _ _ _ _ _ _

self = <passlib.handlers.bcrypt._BcryptBackend object at 0x7b9555365400>
secret = b'01234567890123456789012345678901234567890123456789012345678901234567890123456789012345678901234567890123456789012345...7890123456789012345678901234567890123456789012345678901234567890123456789012345678901234567890123456789012345678901234'

    def _calc_checksum(self, secret):
        # bcrypt behavior:
        #   secret must be bytes
        #   config must be ascii bytes
        #   returns ascii bytes
        secret, ident = self._prepare_digest_args(secret)
        config = self._get_config(ident)
        if isinstance(config, unicode):
            config = config.encode("ascii")
>       hash = _bcrypt.hashpw(secret, config)
               ^^^^^^^^^^^^^^^^^^^^^^^^^^^^^^
E       ValueError: password cannot be longer than 72 bytes, truncate manually if necessary (e.g. my_password[:72])

../../../.cache/pypoetry/virtualenvs/korobos-backend-TazSCJ9P-py3.12/lib/python3.12/site-packages/passlib/handlers/bcrypt.py:655: ValueError
------------------------------ Captured log call -------------------------------
WARNING  passlib.handlers.bcrypt:bcrypt.py:622 (trapped) error reading bcrypt version
Traceback (most recent call last):
  File "/home/grl/.cache/pypoetry/virtualenvs/korobos-backend-TazSCJ9P-py3.12/lib/python3.12/site-packages/passlib/handlers/bcrypt.py", line 620, in _load_backend_mixin
    version = _bcrypt.__about__.__version__
              ^^^^^^^^^^^^^^^^^
AttributeError: module 'bcrypt' has no attribute '__about__'
____________ TestAuthServiceLogin.test_login_invalid_password_fails ____________

self = <tests.test_auth_service.TestAuthServiceLogin object at 0x7b9555eec410>
test_db = <sqlalchemy.ext.asyncio.session.AsyncSession object at 0x7b95555375c0>
test_user_data = {'email': 'testuser@example.com', 'full_name': 'Test User', 'password': 'TestPassword123!', 'username': 'testuser'}

    async def test_login_invalid_password_fails(
        self, test_db: AsyncSession, test_user_data: dict
    ):
        """Test login with wrong password fails."""
        from datetime import datetime, timezone

        svc = AuthService(test_db)

        # Create verified user
        signup_data = UserSignup(**test_user_data)
>       user, _ = await svc.signup(signup_data)
                  ^^^^^^^^^^^^^^^^^^^^^^^^^^^^^

services/auth-service/tests/test_auth_service.py:164:
_ _ _ _ _ _ _ _ _ _ _ _ _ _ _ _ _ _ _ _ _ _ _ _ _ _ _ _ _ _ _ _ _ _ _ _ _ _ _ _
services/auth-service/app/services/service_logic.py:116: in signup
    hashed_password=hash_password(data.password),
                    ^^^^^^^^^^^^^^^^^^^^^^^^^^^^
services/auth-service/app/services/service_logic.py:44: in hash_password
    return pwd_context.hash(plain)
           ^^^^^^^^^^^^^^^^^^^^^^^
../../../.cache/pypoetry/virtualenvs/korobos-backend-TazSCJ9P-py3.12/lib/python3.12/site-packages/passlib/context.py:2258: in hash
    return record.hash(secret, **kwds)
           ^^^^^^^^^^^^^^^^^^^^^^^^^^^
../../../.cache/pypoetry/virtualenvs/korobos-backend-TazSCJ9P-py3.12/lib/python3.12/site-packages/passlib/utils/handlers.py:779: in hash
    self.checksum = self._calc_checksum(secret)
                    ^^^^^^^^^^^^^^^^^^^^^^^^^^^
../../../.cache/pypoetry/virtualenvs/korobos-backend-TazSCJ9P-py3.12/lib/python3.12/site-packages/passlib/handlers/bcrypt.py:591: in _calc_checksum
    self._stub_requires_backend()
../../../.cache/pypoetry/virtualenvs/korobos-backend-TazSCJ9P-py3.12/lib/python3.12/site-packages/passlib/utils/handlers.py:2254: in _stub_requires_backend
    cls.set_backend()
../../../.cache/pypoetry/virtualenvs/korobos-backend-TazSCJ9P-py3.12/lib/python3.12/site-packages/passlib/utils/handlers.py:2156: in set_backend
    return owner.set_backend(name, dryrun=dryrun)
           ^^^^^^^^^^^^^^^^^^^^^^^^^^^^^^^^^^^^^^
../../../.cache/pypoetry/virtualenvs/korobos-backend-TazSCJ9P-py3.12/lib/python3.12/site-packages/passlib/utils/handlers.py:2163: in set_backend
    return cls.set_backend(name, dryrun=dryrun)
           ^^^^^^^^^^^^^^^^^^^^^^^^^^^^^^^^^^^^
../../../.cache/pypoetry/virtualenvs/korobos-backend-TazSCJ9P-py3.12/lib/python3.12/site-packages/passlib/utils/handlers.py:2188: in set_backend
    cls._set_backend(name, dryrun)
../../../.cache/pypoetry/virtualenvs/korobos-backend-TazSCJ9P-py3.12/lib/python3.12/site-packages/passlib/utils/handlers.py:2311: in _set_backend
    super(SubclassBackendMixin, cls)._set_backend(name, dryrun)
../../../.cache/pypoetry/virtualenvs/korobos-backend-TazSCJ9P-py3.12/lib/python3.12/site-packages/passlib/utils/handlers.py:2224: in _set_backend
    ok = loader(**kwds)
         ^^^^^^^^^^^^^^
../../../.cache/pypoetry/virtualenvs/korobos-backend-TazSCJ9P-py3.12/lib/python3.12/site-packages/passlib/handlers/bcrypt.py:626: in _load_backend_mixin
    return mixin_cls._finalize_backend_mixin(name, dryrun)
           ^^^^^^^^^^^^^^^^^^^^^^^^^^^^^^^^^^^^^^^^^^^^^^^
../../../.cache/pypoetry/virtualenvs/korobos-backend-TazSCJ9P-py3.12/lib/python3.12/site-packages/passlib/handlers/bcrypt.py:421: in _finalize_backend_mixin
    if detect_wrap_bug(IDENT_2A):
       ^^^^^^^^^^^^^^^^^^^^^^^^^
../../../.cache/pypoetry/virtualenvs/korobos-backend-TazSCJ9P-py3.12/lib/python3.12/site-packages/passlib/handlers/bcrypt.py:380: in detect_wrap_bug
    if verify(secret, bug_hash):
       ^^^^^^^^^^^^^^^^^^^^^^^^
../../../.cache/pypoetry/virtualenvs/korobos-backend-TazSCJ9P-py3.12/lib/python3.12/site-packages/passlib/utils/handlers.py:792: in verify
    return consteq(self._calc_checksum(secret), chk)
                   ^^^^^^^^^^^^^^^^^^^^^^^^^^^
_ _ _ _ _ _ _ _ _ _ _ _ _ _ _ _ _ _ _ _ _ _ _ _ _ _ _ _ _ _ _ _ _ _ _ _ _ _ _ _

self = <passlib.handlers.bcrypt._BcryptBackend object at 0x7b9555366270>
secret = b'01234567890123456789012345678901234567890123456789012345678901234567890123456789012345678901234567890123456789012345...7890123456789012345678901234567890123456789012345678901234567890123456789012345678901234567890123456789012345678901234'

    def _calc_checksum(self, secret):
        # bcrypt behavior:
        #   secret must be bytes
        #   config must be ascii bytes
        #   returns ascii bytes
        secret, ident = self._prepare_digest_args(secret)
        config = self._get_config(ident)
        if isinstance(config, unicode):
            config = config.encode("ascii")
>       hash = _bcrypt.hashpw(secret, config)
               ^^^^^^^^^^^^^^^^^^^^^^^^^^^^^^
E       ValueError: password cannot be longer than 72 bytes, truncate manually if necessary (e.g. my_password[:72])

../../../.cache/pypoetry/virtualenvs/korobos-backend-TazSCJ9P-py3.12/lib/python3.12/site-packages/passlib/handlers/bcrypt.py:655: ValueError
------------------------------ Captured log call -------------------------------
WARNING  passlib.handlers.bcrypt:bcrypt.py:622 (trapped) error reading bcrypt version
Traceback (most recent call last):
  File "/home/grl/.cache/pypoetry/virtualenvs/korobos-backend-TazSCJ9P-py3.12/lib/python3.12/site-packages/passlib/handlers/bcrypt.py", line 620, in _load_backend_mixin
    version = _bcrypt.__about__.__version__
              ^^^^^^^^^^^^^^^^^
AttributeError: module 'bcrypt' has no attribute '__about__'
____________ TestAuthServiceLogin.test_login_tracks_failed_attempts ____________

self = <tests.test_auth_service.TestAuthServiceLogin object at 0x7b9555eec680>
test_db = <sqlalchemy.ext.asyncio.session.AsyncSession object at 0x7b9555533530>
test_user_data = {'email': 'testuser@example.com', 'full_name': 'Test User', 'password': 'TestPassword123!', 'username': 'testuser'}

    async def test_login_tracks_failed_attempts(
        self, test_db: AsyncSession, test_user_data: dict
    ):
        """Test failed login attempts are tracked."""
        from datetime import datetime, timezone

        svc = AuthService(test_db)

        # Create verified user
        signup_data = UserSignup(**test_user_data)
>       user, _ = await svc.signup(signup_data)
                  ^^^^^^^^^^^^^^^^^^^^^^^^^^^^^

services/auth-service/tests/test_auth_service.py:187:
_ _ _ _ _ _ _ _ _ _ _ _ _ _ _ _ _ _ _ _ _ _ _ _ _ _ _ _ _ _ _ _ _ _ _ _ _ _ _ _
services/auth-service/app/services/service_logic.py:116: in signup
    hashed_password=hash_password(data.password),
                    ^^^^^^^^^^^^^^^^^^^^^^^^^^^^
services/auth-service/app/services/service_logic.py:44: in hash_password
    return pwd_context.hash(plain)
           ^^^^^^^^^^^^^^^^^^^^^^^
../../../.cache/pypoetry/virtualenvs/korobos-backend-TazSCJ9P-py3.12/lib/python3.12/site-packages/passlib/context.py:2258: in hash
    return record.hash(secret, **kwds)
           ^^^^^^^^^^^^^^^^^^^^^^^^^^^
../../../.cache/pypoetry/virtualenvs/korobos-backend-TazSCJ9P-py3.12/lib/python3.12/site-packages/passlib/utils/handlers.py:779: in hash
    self.checksum = self._calc_checksum(secret)
                    ^^^^^^^^^^^^^^^^^^^^^^^^^^^
../../../.cache/pypoetry/virtualenvs/korobos-backend-TazSCJ9P-py3.12/lib/python3.12/site-packages/passlib/handlers/bcrypt.py:591: in _calc_checksum
    self._stub_requires_backend()
../../../.cache/pypoetry/virtualenvs/korobos-backend-TazSCJ9P-py3.12/lib/python3.12/site-packages/passlib/utils/handlers.py:2254: in _stub_requires_backend
    cls.set_backend()
../../../.cache/pypoetry/virtualenvs/korobos-backend-TazSCJ9P-py3.12/lib/python3.12/site-packages/passlib/utils/handlers.py:2156: in set_backend
    return owner.set_backend(name, dryrun=dryrun)
           ^^^^^^^^^^^^^^^^^^^^^^^^^^^^^^^^^^^^^^
../../../.cache/pypoetry/virtualenvs/korobos-backend-TazSCJ9P-py3.12/lib/python3.12/site-packages/passlib/utils/handlers.py:2163: in set_backend
    return cls.set_backend(name, dryrun=dryrun)
           ^^^^^^^^^^^^^^^^^^^^^^^^^^^^^^^^^^^^
../../../.cache/pypoetry/virtualenvs/korobos-backend-TazSCJ9P-py3.12/lib/python3.12/site-packages/passlib/utils/handlers.py:2188: in set_backend
    cls._set_backend(name, dryrun)
../../../.cache/pypoetry/virtualenvs/korobos-backend-TazSCJ9P-py3.12/lib/python3.12/site-packages/passlib/utils/handlers.py:2311: in _set_backend
    super(SubclassBackendMixin, cls)._set_backend(name, dryrun)
../../../.cache/pypoetry/virtualenvs/korobos-backend-TazSCJ9P-py3.12/lib/python3.12/site-packages/passlib/utils/handlers.py:2224: in _set_backend
    ok = loader(**kwds)
         ^^^^^^^^^^^^^^
../../../.cache/pypoetry/virtualenvs/korobos-backend-TazSCJ9P-py3.12/lib/python3.12/site-packages/passlib/handlers/bcrypt.py:626: in _load_backend_mixin
    return mixin_cls._finalize_backend_mixin(name, dryrun)
           ^^^^^^^^^^^^^^^^^^^^^^^^^^^^^^^^^^^^^^^^^^^^^^^
../../../.cache/pypoetry/virtualenvs/korobos-backend-TazSCJ9P-py3.12/lib/python3.12/site-packages/passlib/handlers/bcrypt.py:421: in _finalize_backend_mixin
    if detect_wrap_bug(IDENT_2A):
       ^^^^^^^^^^^^^^^^^^^^^^^^^
../../../.cache/pypoetry/virtualenvs/korobos-backend-TazSCJ9P-py3.12/lib/python3.12/site-packages/passlib/handlers/bcrypt.py:380: in detect_wrap_bug
    if verify(secret, bug_hash):
       ^^^^^^^^^^^^^^^^^^^^^^^^
../../../.cache/pypoetry/virtualenvs/korobos-backend-TazSCJ9P-py3.12/lib/python3.12/site-packages/passlib/utils/handlers.py:792: in verify
    return consteq(self._calc_checksum(secret), chk)
                   ^^^^^^^^^^^^^^^^^^^^^^^^^^^
_ _ _ _ _ _ _ _ _ _ _ _ _ _ _ _ _ _ _ _ _ _ _ _ _ _ _ _ _ _ _ _ _ _ _ _ _ _ _ _

self = <passlib.handlers.bcrypt._BcryptBackend object at 0x7b9555344c20>
secret = b'01234567890123456789012345678901234567890123456789012345678901234567890123456789012345678901234567890123456789012345...7890123456789012345678901234567890123456789012345678901234567890123456789012345678901234567890123456789012345678901234'

    def _calc_checksum(self, secret):
        # bcrypt behavior:
        #   secret must be bytes
        #   config must be ascii bytes
        #   returns ascii bytes
        secret, ident = self._prepare_digest_args(secret)
        config = self._get_config(ident)
        if isinstance(config, unicode):
            config = config.encode("ascii")
>       hash = _bcrypt.hashpw(secret, config)
               ^^^^^^^^^^^^^^^^^^^^^^^^^^^^^^
E       ValueError: password cannot be longer than 72 bytes, truncate manually if necessary (e.g. my_password[:72])

../../../.cache/pypoetry/virtualenvs/korobos-backend-TazSCJ9P-py3.12/lib/python3.12/site-packages/passlib/handlers/bcrypt.py:655: ValueError
------------------------------ Captured log call -------------------------------
WARNING  passlib.handlers.bcrypt:bcrypt.py:622 (trapped) error reading bcrypt version
Traceback (most recent call last):
  File "/home/grl/.cache/pypoetry/virtualenvs/korobos-backend-TazSCJ9P-py3.12/lib/python3.12/site-packages/passlib/handlers/bcrypt.py", line 620, in _load_backend_mixin
    version = _bcrypt.__about__.__version__
              ^^^^^^^^^^^^^^^^^
AttributeError: module 'bcrypt' has no attribute '__about__'
_______ TestAuthServiceLogin.test_login_locks_account_after_max_attempts _______

self = <tests.test_auth_service.TestAuthServiceLogin object at 0x7b9555eec8f0>
test_db = <sqlalchemy.ext.asyncio.session.AsyncSession object at 0x7b95554fba10>
test_user_data = {'email': 'testuser@example.com', 'full_name': 'Test User', 'password': 'TestPassword123!', 'username': 'testuser'}

    async def test_login_locks_account_after_max_attempts(
        self, test_db: AsyncSession, test_user_data: dict
    ):
        """Test account locks after max failed attempts."""
        from datetime import datetime, timezone

        svc = AuthService(test_db)

        # Create verified user
        signup_data = UserSignup(**test_user_data)
>       user, _ = await svc.signup(signup_data)
                  ^^^^^^^^^^^^^^^^^^^^^^^^^^^^^

services/auth-service/tests/test_auth_service.py:216:
_ _ _ _ _ _ _ _ _ _ _ _ _ _ _ _ _ _ _ _ _ _ _ _ _ _ _ _ _ _ _ _ _ _ _ _ _ _ _ _
services/auth-service/app/services/service_logic.py:116: in signup
    hashed_password=hash_password(data.password),
                    ^^^^^^^^^^^^^^^^^^^^^^^^^^^^
services/auth-service/app/services/service_logic.py:44: in hash_password
    return pwd_context.hash(plain)
           ^^^^^^^^^^^^^^^^^^^^^^^
../../../.cache/pypoetry/virtualenvs/korobos-backend-TazSCJ9P-py3.12/lib/python3.12/site-packages/passlib/context.py:2258: in hash
    return record.hash(secret, **kwds)
           ^^^^^^^^^^^^^^^^^^^^^^^^^^^
../../../.cache/pypoetry/virtualenvs/korobos-backend-TazSCJ9P-py3.12/lib/python3.12/site-packages/passlib/utils/handlers.py:779: in hash
    self.checksum = self._calc_checksum(secret)
                    ^^^^^^^^^^^^^^^^^^^^^^^^^^^
../../../.cache/pypoetry/virtualenvs/korobos-backend-TazSCJ9P-py3.12/lib/python3.12/site-packages/passlib/handlers/bcrypt.py:591: in _calc_checksum
    self._stub_requires_backend()
../../../.cache/pypoetry/virtualenvs/korobos-backend-TazSCJ9P-py3.12/lib/python3.12/site-packages/passlib/utils/handlers.py:2254: in _stub_requires_backend
    cls.set_backend()
../../../.cache/pypoetry/virtualenvs/korobos-backend-TazSCJ9P-py3.12/lib/python3.12/site-packages/passlib/utils/handlers.py:2156: in set_backend
    return owner.set_backend(name, dryrun=dryrun)
           ^^^^^^^^^^^^^^^^^^^^^^^^^^^^^^^^^^^^^^
../../../.cache/pypoetry/virtualenvs/korobos-backend-TazSCJ9P-py3.12/lib/python3.12/site-packages/passlib/utils/handlers.py:2163: in set_backend
    return cls.set_backend(name, dryrun=dryrun)
           ^^^^^^^^^^^^^^^^^^^^^^^^^^^^^^^^^^^^
../../../.cache/pypoetry/virtualenvs/korobos-backend-TazSCJ9P-py3.12/lib/python3.12/site-packages/passlib/utils/handlers.py:2188: in set_backend
    cls._set_backend(name, dryrun)
../../../.cache/pypoetry/virtualenvs/korobos-backend-TazSCJ9P-py3.12/lib/python3.12/site-packages/passlib/utils/handlers.py:2311: in _set_backend
    super(SubclassBackendMixin, cls)._set_backend(name, dryrun)
../../../.cache/pypoetry/virtualenvs/korobos-backend-TazSCJ9P-py3.12/lib/python3.12/site-packages/passlib/utils/handlers.py:2224: in _set_backend
    ok = loader(**kwds)
         ^^^^^^^^^^^^^^
../../../.cache/pypoetry/virtualenvs/korobos-backend-TazSCJ9P-py3.12/lib/python3.12/site-packages/passlib/handlers/bcrypt.py:626: in _load_backend_mixin
    return mixin_cls._finalize_backend_mixin(name, dryrun)
           ^^^^^^^^^^^^^^^^^^^^^^^^^^^^^^^^^^^^^^^^^^^^^^^
../../../.cache/pypoetry/virtualenvs/korobos-backend-TazSCJ9P-py3.12/lib/python3.12/site-packages/passlib/handlers/bcrypt.py:421: in _finalize_backend_mixin
    if detect_wrap_bug(IDENT_2A):
       ^^^^^^^^^^^^^^^^^^^^^^^^^
../../../.cache/pypoetry/virtualenvs/korobos-backend-TazSCJ9P-py3.12/lib/python3.12/site-packages/passlib/handlers/bcrypt.py:380: in detect_wrap_bug
    if verify(secret, bug_hash):
       ^^^^^^^^^^^^^^^^^^^^^^^^
../../../.cache/pypoetry/virtualenvs/korobos-backend-TazSCJ9P-py3.12/lib/python3.12/site-packages/passlib/utils/handlers.py:792: in verify
    return consteq(self._calc_checksum(secret), chk)
                   ^^^^^^^^^^^^^^^^^^^^^^^^^^^
_ _ _ _ _ _ _ _ _ _ _ _ _ _ _ _ _ _ _ _ _ _ _ _ _ _ _ _ _ _ _ _ _ _ _ _ _ _ _ _

self = <passlib.handlers.bcrypt._BcryptBackend object at 0x7b9555347740>
secret = b'01234567890123456789012345678901234567890123456789012345678901234567890123456789012345678901234567890123456789012345...7890123456789012345678901234567890123456789012345678901234567890123456789012345678901234567890123456789012345678901234'

    def _calc_checksum(self, secret):
        # bcrypt behavior:
        #   secret must be bytes
        #   config must be ascii bytes
        #   returns ascii bytes
        secret, ident = self._prepare_digest_args(secret)
        config = self._get_config(ident)
        if isinstance(config, unicode):
            config = config.encode("ascii")
>       hash = _bcrypt.hashpw(secret, config)
               ^^^^^^^^^^^^^^^^^^^^^^^^^^^^^^
E       ValueError: password cannot be longer than 72 bytes, truncate manually if necessary (e.g. my_password[:72])

../../../.cache/pypoetry/virtualenvs/korobos-backend-TazSCJ9P-py3.12/lib/python3.12/site-packages/passlib/handlers/bcrypt.py:655: ValueError
------------------------------ Captured log call -------------------------------
WARNING  passlib.handlers.bcrypt:bcrypt.py:622 (trapped) error reading bcrypt version
Traceback (most recent call last):
  File "/home/grl/.cache/pypoetry/virtualenvs/korobos-backend-TazSCJ9P-py3.12/lib/python3.12/site-packages/passlib/handlers/bcrypt.py", line 620, in _load_backend_mixin
    version = _bcrypt.__about__.__version__
              ^^^^^^^^^^^^^^^^^
AttributeError: module 'bcrypt' has no attribute '__about__'
__________ TestAuthServiceLogin.test_login_fails_when_account_locked ___________

self = <tests.test_auth_service.TestAuthServiceLogin object at 0x7b9555eecb60>
test_db = <sqlalchemy.ext.asyncio.session.AsyncSession object at 0x7b95563a3920>
test_user_data = {'email': 'testuser@example.com', 'full_name': 'Test User', 'password': 'TestPassword123!', 'username': 'testuser'}

    async def test_login_fails_when_account_locked(
        self, test_db: AsyncSession, test_user_data: dict
    ):
        """Test login fails when account is locked."""
        from datetime import datetime, timedelta, timezone

        svc = AuthService(test_db)

        # Create locked account
        signup_data = UserSignup(**test_user_data)
>       user, _ = await svc.signup(signup_data)
                  ^^^^^^^^^^^^^^^^^^^^^^^^^^^^^

services/auth-service/tests/test_auth_service.py:246:
_ _ _ _ _ _ _ _ _ _ _ _ _ _ _ _ _ _ _ _ _ _ _ _ _ _ _ _ _ _ _ _ _ _ _ _ _ _ _ _
services/auth-service/app/services/service_logic.py:116: in signup
    hashed_password=hash_password(data.password),
                    ^^^^^^^^^^^^^^^^^^^^^^^^^^^^
services/auth-service/app/services/service_logic.py:44: in hash_password
    return pwd_context.hash(plain)
           ^^^^^^^^^^^^^^^^^^^^^^^
../../../.cache/pypoetry/virtualenvs/korobos-backend-TazSCJ9P-py3.12/lib/python3.12/site-packages/passlib/context.py:2258: in hash
    return record.hash(secret, **kwds)
           ^^^^^^^^^^^^^^^^^^^^^^^^^^^
../../../.cache/pypoetry/virtualenvs/korobos-backend-TazSCJ9P-py3.12/lib/python3.12/site-packages/passlib/utils/handlers.py:779: in hash
    self.checksum = self._calc_checksum(secret)
                    ^^^^^^^^^^^^^^^^^^^^^^^^^^^
../../../.cache/pypoetry/virtualenvs/korobos-backend-TazSCJ9P-py3.12/lib/python3.12/site-packages/passlib/handlers/bcrypt.py:591: in _calc_checksum
    self._stub_requires_backend()
../../../.cache/pypoetry/virtualenvs/korobos-backend-TazSCJ9P-py3.12/lib/python3.12/site-packages/passlib/utils/handlers.py:2254: in _stub_requires_backend
    cls.set_backend()
../../../.cache/pypoetry/virtualenvs/korobos-backend-TazSCJ9P-py3.12/lib/python3.12/site-packages/passlib/utils/handlers.py:2156: in set_backend
    return owner.set_backend(name, dryrun=dryrun)
           ^^^^^^^^^^^^^^^^^^^^^^^^^^^^^^^^^^^^^^
../../../.cache/pypoetry/virtualenvs/korobos-backend-TazSCJ9P-py3.12/lib/python3.12/site-packages/passlib/utils/handlers.py:2163: in set_backend
    return cls.set_backend(name, dryrun=dryrun)
           ^^^^^^^^^^^^^^^^^^^^^^^^^^^^^^^^^^^^
../../../.cache/pypoetry/virtualenvs/korobos-backend-TazSCJ9P-py3.12/lib/python3.12/site-packages/passlib/utils/handlers.py:2188: in set_backend
    cls._set_backend(name, dryrun)
../../../.cache/pypoetry/virtualenvs/korobos-backend-TazSCJ9P-py3.12/lib/python3.12/site-packages/passlib/utils/handlers.py:2311: in _set_backend
    super(SubclassBackendMixin, cls)._set_backend(name, dryrun)
../../../.cache/pypoetry/virtualenvs/korobos-backend-TazSCJ9P-py3.12/lib/python3.12/site-packages/passlib/utils/handlers.py:2224: in _set_backend
    ok = loader(**kwds)
         ^^^^^^^^^^^^^^
../../../.cache/pypoetry/virtualenvs/korobos-backend-TazSCJ9P-py3.12/lib/python3.12/site-packages/passlib/handlers/bcrypt.py:626: in _load_backend_mixin
    return mixin_cls._finalize_backend_mixin(name, dryrun)
           ^^^^^^^^^^^^^^^^^^^^^^^^^^^^^^^^^^^^^^^^^^^^^^^
../../../.cache/pypoetry/virtualenvs/korobos-backend-TazSCJ9P-py3.12/lib/python3.12/site-packages/passlib/handlers/bcrypt.py:421: in _finalize_backend_mixin
    if detect_wrap_bug(IDENT_2A):
       ^^^^^^^^^^^^^^^^^^^^^^^^^
../../../.cache/pypoetry/virtualenvs/korobos-backend-TazSCJ9P-py3.12/lib/python3.12/site-packages/passlib/handlers/bcrypt.py:380: in detect_wrap_bug
    if verify(secret, bug_hash):
       ^^^^^^^^^^^^^^^^^^^^^^^^
../../../.cache/pypoetry/virtualenvs/korobos-backend-TazSCJ9P-py3.12/lib/python3.12/site-packages/passlib/utils/handlers.py:792: in verify
    return consteq(self._calc_checksum(secret), chk)
                   ^^^^^^^^^^^^^^^^^^^^^^^^^^^
_ _ _ _ _ _ _ _ _ _ _ _ _ _ _ _ _ _ _ _ _ _ _ _ _ _ _ _ _ _ _ _ _ _ _ _ _ _ _ _

self = <passlib.handlers.bcrypt._BcryptBackend object at 0x7b9555422810>
secret = b'01234567890123456789012345678901234567890123456789012345678901234567890123456789012345678901234567890123456789012345...7890123456789012345678901234567890123456789012345678901234567890123456789012345678901234567890123456789012345678901234'

    def _calc_checksum(self, secret):
        # bcrypt behavior:
        #   secret must be bytes
        #   config must be ascii bytes
        #   returns ascii bytes
        secret, ident = self._prepare_digest_args(secret)
        config = self._get_config(ident)
        if isinstance(config, unicode):
            config = config.encode("ascii")
>       hash = _bcrypt.hashpw(secret, config)
               ^^^^^^^^^^^^^^^^^^^^^^^^^^^^^^
E       ValueError: password cannot be longer than 72 bytes, truncate manually if necessary (e.g. my_password[:72])

../../../.cache/pypoetry/virtualenvs/korobos-backend-TazSCJ9P-py3.12/lib/python3.12/site-packages/passlib/handlers/bcrypt.py:655: ValueError
------------------------------ Captured log call -------------------------------
WARNING  passlib.handlers.bcrypt:bcrypt.py:622 (trapped) error reading bcrypt version
Traceback (most recent call last):
  File "/home/grl/.cache/pypoetry/virtualenvs/korobos-backend-TazSCJ9P-py3.12/lib/python3.12/site-packages/passlib/handlers/bcrypt.py", line 620, in _load_backend_mixin
    version = _bcrypt.__about__.__version__
              ^^^^^^^^^^^^^^^^^
AttributeError: module 'bcrypt' has no attribute '__about__'
______ TestAuthServiceLogin.test_login_resets_failed_attempts_on_success _______

self = <tests.test_auth_service.TestAuthServiceLogin object at 0x7b9555eece00>
test_db = <sqlalchemy.ext.asyncio.session.AsyncSession object at 0x7b9555365b20>
test_user_data = {'email': 'testuser@example.com', 'full_name': 'Test User', 'password': 'TestPassword123!', 'username': 'testuser'}
test_login_data = {'email': 'testuser@example.com', 'password': 'TestPassword123!'}

    async def test_login_resets_failed_attempts_on_success(
        self, test_db: AsyncSession, test_user_data: dict, test_login_data: dict
    ):
        """Test failed login counter resets on successful login."""
        from datetime import datetime, timezone

        svc = AuthService(test_db)

        # Create user with failed attempts
        signup_data = UserSignup(**test_user_data)
>       user, _ = await svc.signup(signup_data)
                  ^^^^^^^^^^^^^^^^^^^^^^^^^^^^^

services/auth-service/tests/test_auth_service.py:268:
_ _ _ _ _ _ _ _ _ _ _ _ _ _ _ _ _ _ _ _ _ _ _ _ _ _ _ _ _ _ _ _ _ _ _ _ _ _ _ _
services/auth-service/app/services/service_logic.py:116: in signup
    hashed_password=hash_password(data.password),
                    ^^^^^^^^^^^^^^^^^^^^^^^^^^^^
services/auth-service/app/services/service_logic.py:44: in hash_password
    return pwd_context.hash(plain)
           ^^^^^^^^^^^^^^^^^^^^^^^
../../../.cache/pypoetry/virtualenvs/korobos-backend-TazSCJ9P-py3.12/lib/python3.12/site-packages/passlib/context.py:2258: in hash
    return record.hash(secret, **kwds)
           ^^^^^^^^^^^^^^^^^^^^^^^^^^^
../../../.cache/pypoetry/virtualenvs/korobos-backend-TazSCJ9P-py3.12/lib/python3.12/site-packages/passlib/utils/handlers.py:779: in hash
    self.checksum = self._calc_checksum(secret)
                    ^^^^^^^^^^^^^^^^^^^^^^^^^^^
../../../.cache/pypoetry/virtualenvs/korobos-backend-TazSCJ9P-py3.12/lib/python3.12/site-packages/passlib/handlers/bcrypt.py:591: in _calc_checksum
    self._stub_requires_backend()
../../../.cache/pypoetry/virtualenvs/korobos-backend-TazSCJ9P-py3.12/lib/python3.12/site-packages/passlib/utils/handlers.py:2254: in _stub_requires_backend
    cls.set_backend()
../../../.cache/pypoetry/virtualenvs/korobos-backend-TazSCJ9P-py3.12/lib/python3.12/site-packages/passlib/utils/handlers.py:2156: in set_backend
    return owner.set_backend(name, dryrun=dryrun)
           ^^^^^^^^^^^^^^^^^^^^^^^^^^^^^^^^^^^^^^
../../../.cache/pypoetry/virtualenvs/korobos-backend-TazSCJ9P-py3.12/lib/python3.12/site-packages/passlib/utils/handlers.py:2163: in set_backend
    return cls.set_backend(name, dryrun=dryrun)
           ^^^^^^^^^^^^^^^^^^^^^^^^^^^^^^^^^^^^
../../../.cache/pypoetry/virtualenvs/korobos-backend-TazSCJ9P-py3.12/lib/python3.12/site-packages/passlib/utils/handlers.py:2188: in set_backend
    cls._set_backend(name, dryrun)
../../../.cache/pypoetry/virtualenvs/korobos-backend-TazSCJ9P-py3.12/lib/python3.12/site-packages/passlib/utils/handlers.py:2311: in _set_backend
    super(SubclassBackendMixin, cls)._set_backend(name, dryrun)
../../../.cache/pypoetry/virtualenvs/korobos-backend-TazSCJ9P-py3.12/lib/python3.12/site-packages/passlib/utils/handlers.py:2224: in _set_backend
    ok = loader(**kwds)
         ^^^^^^^^^^^^^^
../../../.cache/pypoetry/virtualenvs/korobos-backend-TazSCJ9P-py3.12/lib/python3.12/site-packages/passlib/handlers/bcrypt.py:626: in _load_backend_mixin
    return mixin_cls._finalize_backend_mixin(name, dryrun)
           ^^^^^^^^^^^^^^^^^^^^^^^^^^^^^^^^^^^^^^^^^^^^^^^
../../../.cache/pypoetry/virtualenvs/korobos-backend-TazSCJ9P-py3.12/lib/python3.12/site-packages/passlib/handlers/bcrypt.py:421: in _finalize_backend_mixin
    if detect_wrap_bug(IDENT_2A):
       ^^^^^^^^^^^^^^^^^^^^^^^^^
../../../.cache/pypoetry/virtualenvs/korobos-backend-TazSCJ9P-py3.12/lib/python3.12/site-packages/passlib/handlers/bcrypt.py:380: in detect_wrap_bug
    if verify(secret, bug_hash):
       ^^^^^^^^^^^^^^^^^^^^^^^^
../../../.cache/pypoetry/virtualenvs/korobos-backend-TazSCJ9P-py3.12/lib/python3.12/site-packages/passlib/utils/handlers.py:792: in verify
    return consteq(self._calc_checksum(secret), chk)
                   ^^^^^^^^^^^^^^^^^^^^^^^^^^^
_ _ _ _ _ _ _ _ _ _ _ _ _ _ _ _ _ _ _ _ _ _ _ _ _ _ _ _ _ _ _ _ _ _ _ _ _ _ _ _

self = <passlib.handlers.bcrypt._BcryptBackend object at 0x7b9555366ae0>
secret = b'01234567890123456789012345678901234567890123456789012345678901234567890123456789012345678901234567890123456789012345...7890123456789012345678901234567890123456789012345678901234567890123456789012345678901234567890123456789012345678901234'

    def _calc_checksum(self, secret):
        # bcrypt behavior:
        #   secret must be bytes
        #   config must be ascii bytes
        #   returns ascii bytes
        secret, ident = self._prepare_digest_args(secret)
        config = self._get_config(ident)
        if isinstance(config, unicode):
            config = config.encode("ascii")
>       hash = _bcrypt.hashpw(secret, config)
               ^^^^^^^^^^^^^^^^^^^^^^^^^^^^^^
E       ValueError: password cannot be longer than 72 bytes, truncate manually if necessary (e.g. my_password[:72])

../../../.cache/pypoetry/virtualenvs/korobos-backend-TazSCJ9P-py3.12/lib/python3.12/site-packages/passlib/handlers/bcrypt.py:655: ValueError
------------------------------ Captured log call -------------------------------
WARNING  passlib.handlers.bcrypt:bcrypt.py:622 (trapped) error reading bcrypt version
Traceback (most recent call last):
  File "/home/grl/.cache/pypoetry/virtualenvs/korobos-backend-TazSCJ9P-py3.12/lib/python3.12/site-packages/passlib/handlers/bcrypt.py", line 620, in _load_backend_mixin
    version = _bcrypt.__about__.__version__
              ^^^^^^^^^^^^^^^^^
AttributeError: module 'bcrypt' has no attribute '__about__'
_______________ TestEmailVerification.test_verify_email_success ________________

self = <tests.test_auth_service.TestEmailVerification object at 0x7b9555ec7b90>
test_db = <sqlalchemy.ext.asyncio.session.AsyncSession object at 0x7b9555531880>
test_user_data = {'email': 'testuser@example.com', 'full_name': 'Test User', 'password': 'TestPassword123!', 'username': 'testuser'}

    async def test_verify_email_success(
        self, test_db: AsyncSession, test_user_data: dict
    ):
        """Test successful email verification."""
        import hashlib

        svc = AuthService(test_db)

        # Create user
        signup_data = UserSignup(**test_user_data)
>       user, _ = await svc.signup(signup_data)
                  ^^^^^^^^^^^^^^^^^^^^^^^^^^^^^

services/auth-service/tests/test_auth_service.py:299:
_ _ _ _ _ _ _ _ _ _ _ _ _ _ _ _ _ _ _ _ _ _ _ _ _ _ _ _ _ _ _ _ _ _ _ _ _ _ _ _
services/auth-service/app/services/service_logic.py:116: in signup
    hashed_password=hash_password(data.password),
                    ^^^^^^^^^^^^^^^^^^^^^^^^^^^^
services/auth-service/app/services/service_logic.py:44: in hash_password
    return pwd_context.hash(plain)
           ^^^^^^^^^^^^^^^^^^^^^^^
../../../.cache/pypoetry/virtualenvs/korobos-backend-TazSCJ9P-py3.12/lib/python3.12/site-packages/passlib/context.py:2258: in hash
    return record.hash(secret, **kwds)
           ^^^^^^^^^^^^^^^^^^^^^^^^^^^
../../../.cache/pypoetry/virtualenvs/korobos-backend-TazSCJ9P-py3.12/lib/python3.12/site-packages/passlib/utils/handlers.py:779: in hash
    self.checksum = self._calc_checksum(secret)
                    ^^^^^^^^^^^^^^^^^^^^^^^^^^^
../../../.cache/pypoetry/virtualenvs/korobos-backend-TazSCJ9P-py3.12/lib/python3.12/site-packages/passlib/handlers/bcrypt.py:591: in _calc_checksum
    self._stub_requires_backend()
../../../.cache/pypoetry/virtualenvs/korobos-backend-TazSCJ9P-py3.12/lib/python3.12/site-packages/passlib/utils/handlers.py:2254: in _stub_requires_backend
    cls.set_backend()
../../../.cache/pypoetry/virtualenvs/korobos-backend-TazSCJ9P-py3.12/lib/python3.12/site-packages/passlib/utils/handlers.py:2156: in set_backend
    return owner.set_backend(name, dryrun=dryrun)
           ^^^^^^^^^^^^^^^^^^^^^^^^^^^^^^^^^^^^^^
../../../.cache/pypoetry/virtualenvs/korobos-backend-TazSCJ9P-py3.12/lib/python3.12/site-packages/passlib/utils/handlers.py:2163: in set_backend
    return cls.set_backend(name, dryrun=dryrun)
           ^^^^^^^^^^^^^^^^^^^^^^^^^^^^^^^^^^^^
../../../.cache/pypoetry/virtualenvs/korobos-backend-TazSCJ9P-py3.12/lib/python3.12/site-packages/passlib/utils/handlers.py:2188: in set_backend
    cls._set_backend(name, dryrun)
../../../.cache/pypoetry/virtualenvs/korobos-backend-TazSCJ9P-py3.12/lib/python3.12/site-packages/passlib/utils/handlers.py:2311: in _set_backend
    super(SubclassBackendMixin, cls)._set_backend(name, dryrun)
../../../.cache/pypoetry/virtualenvs/korobos-backend-TazSCJ9P-py3.12/lib/python3.12/site-packages/passlib/utils/handlers.py:2224: in _set_backend
    ok = loader(**kwds)
         ^^^^^^^^^^^^^^
../../../.cache/pypoetry/virtualenvs/korobos-backend-TazSCJ9P-py3.12/lib/python3.12/site-packages/passlib/handlers/bcrypt.py:626: in _load_backend_mixin
    return mixin_cls._finalize_backend_mixin(name, dryrun)
           ^^^^^^^^^^^^^^^^^^^^^^^^^^^^^^^^^^^^^^^^^^^^^^^
../../../.cache/pypoetry/virtualenvs/korobos-backend-TazSCJ9P-py3.12/lib/python3.12/site-packages/passlib/handlers/bcrypt.py:421: in _finalize_backend_mixin
    if detect_wrap_bug(IDENT_2A):
       ^^^^^^^^^^^^^^^^^^^^^^^^^
../../../.cache/pypoetry/virtualenvs/korobos-backend-TazSCJ9P-py3.12/lib/python3.12/site-packages/passlib/handlers/bcrypt.py:380: in detect_wrap_bug
    if verify(secret, bug_hash):
       ^^^^^^^^^^^^^^^^^^^^^^^^
../../../.cache/pypoetry/virtualenvs/korobos-backend-TazSCJ9P-py3.12/lib/python3.12/site-packages/passlib/utils/handlers.py:792: in verify
    return consteq(self._calc_checksum(secret), chk)
                   ^^^^^^^^^^^^^^^^^^^^^^^^^^^
_ _ _ _ _ _ _ _ _ _ _ _ _ _ _ _ _ _ _ _ _ _ _ _ _ _ _ _ _ _ _ _ _ _ _ _ _ _ _ _

self = <passlib.handlers.bcrypt._BcryptBackend object at 0x7b95554dfa70>
secret = b'01234567890123456789012345678901234567890123456789012345678901234567890123456789012345678901234567890123456789012345...7890123456789012345678901234567890123456789012345678901234567890123456789012345678901234567890123456789012345678901234'

    def _calc_checksum(self, secret):
        # bcrypt behavior:
        #   secret must be bytes
        #   config must be ascii bytes
        #   returns ascii bytes
        secret, ident = self._prepare_digest_args(secret)
        config = self._get_config(ident)
        if isinstance(config, unicode):
            config = config.encode("ascii")
>       hash = _bcrypt.hashpw(secret, config)
               ^^^^^^^^^^^^^^^^^^^^^^^^^^^^^^
E       ValueError: password cannot be longer than 72 bytes, truncate manually if necessary (e.g. my_password[:72])

../../../.cache/pypoetry/virtualenvs/korobos-backend-TazSCJ9P-py3.12/lib/python3.12/site-packages/passlib/handlers/bcrypt.py:655: ValueError
------------------------------ Captured log call -------------------------------
WARNING  passlib.handlers.bcrypt:bcrypt.py:622 (trapped) error reading bcrypt version
Traceback (most recent call last):
  File "/home/grl/.cache/pypoetry/virtualenvs/korobos-backend-TazSCJ9P-py3.12/lib/python3.12/site-packages/passlib/handlers/bcrypt.py", line 620, in _load_backend_mixin
    version = _bcrypt.__about__.__version__
              ^^^^^^^^^^^^^^^^^
AttributeError: module 'bcrypt' has no attribute '__about__'
_________ TestEmailVerification.test_verify_email_expired_token_fails __________

self = <tests.test_auth_service.TestEmailVerification object at 0x7b9555ec5550>
test_db = <sqlalchemy.ext.asyncio.session.AsyncSession object at 0x7b95554dee70>
test_user_data = {'email': 'testuser@example.com', 'full_name': 'Test User', 'password': 'TestPassword123!', 'username': 'testuser'}

    async def test_verify_email_expired_token_fails(
        self, test_db: AsyncSession, test_user_data: dict
    ):
        """Test verification with expired token fails."""
        from datetime import datetime, timedelta, timezone

        svc = AuthService(test_db)

        # Create user with expired verification token
        signup_data = UserSignup(**test_user_data)
>       user, _ = await svc.signup(signup_data)
                  ^^^^^^^^^^^^^^^^^^^^^^^^^^^^^

services/auth-service/tests/test_auth_service.py:340:
_ _ _ _ _ _ _ _ _ _ _ _ _ _ _ _ _ _ _ _ _ _ _ _ _ _ _ _ _ _ _ _ _ _ _ _ _ _ _ _
services/auth-service/app/services/service_logic.py:116: in signup
    hashed_password=hash_password(data.password),
                    ^^^^^^^^^^^^^^^^^^^^^^^^^^^^
services/auth-service/app/services/service_logic.py:44: in hash_password
    return pwd_context.hash(plain)
           ^^^^^^^^^^^^^^^^^^^^^^^
../../../.cache/pypoetry/virtualenvs/korobos-backend-TazSCJ9P-py3.12/lib/python3.12/site-packages/passlib/context.py:2258: in hash
    return record.hash(secret, **kwds)
           ^^^^^^^^^^^^^^^^^^^^^^^^^^^
../../../.cache/pypoetry/virtualenvs/korobos-backend-TazSCJ9P-py3.12/lib/python3.12/site-packages/passlib/utils/handlers.py:779: in hash
    self.checksum = self._calc_checksum(secret)
                    ^^^^^^^^^^^^^^^^^^^^^^^^^^^
../../../.cache/pypoetry/virtualenvs/korobos-backend-TazSCJ9P-py3.12/lib/python3.12/site-packages/passlib/handlers/bcrypt.py:591: in _calc_checksum
    self._stub_requires_backend()
../../../.cache/pypoetry/virtualenvs/korobos-backend-TazSCJ9P-py3.12/lib/python3.12/site-packages/passlib/utils/handlers.py:2254: in _stub_requires_backend
    cls.set_backend()
../../../.cache/pypoetry/virtualenvs/korobos-backend-TazSCJ9P-py3.12/lib/python3.12/site-packages/passlib/utils/handlers.py:2156: in set_backend
    return owner.set_backend(name, dryrun=dryrun)
           ^^^^^^^^^^^^^^^^^^^^^^^^^^^^^^^^^^^^^^
../../../.cache/pypoetry/virtualenvs/korobos-backend-TazSCJ9P-py3.12/lib/python3.12/site-packages/passlib/utils/handlers.py:2163: in set_backend
    return cls.set_backend(name, dryrun=dryrun)
           ^^^^^^^^^^^^^^^^^^^^^^^^^^^^^^^^^^^^
../../../.cache/pypoetry/virtualenvs/korobos-backend-TazSCJ9P-py3.12/lib/python3.12/site-packages/passlib/utils/handlers.py:2188: in set_backend
    cls._set_backend(name, dryrun)
../../../.cache/pypoetry/virtualenvs/korobos-backend-TazSCJ9P-py3.12/lib/python3.12/site-packages/passlib/utils/handlers.py:2311: in _set_backend
    super(SubclassBackendMixin, cls)._set_backend(name, dryrun)
../../../.cache/pypoetry/virtualenvs/korobos-backend-TazSCJ9P-py3.12/lib/python3.12/site-packages/passlib/utils/handlers.py:2224: in _set_backend
    ok = loader(**kwds)
         ^^^^^^^^^^^^^^
../../../.cache/pypoetry/virtualenvs/korobos-backend-TazSCJ9P-py3.12/lib/python3.12/site-packages/passlib/handlers/bcrypt.py:626: in _load_backend_mixin
    return mixin_cls._finalize_backend_mixin(name, dryrun)
           ^^^^^^^^^^^^^^^^^^^^^^^^^^^^^^^^^^^^^^^^^^^^^^^
../../../.cache/pypoetry/virtualenvs/korobos-backend-TazSCJ9P-py3.12/lib/python3.12/site-packages/passlib/handlers/bcrypt.py:421: in _finalize_backend_mixin
    if detect_wrap_bug(IDENT_2A):
       ^^^^^^^^^^^^^^^^^^^^^^^^^
../../../.cache/pypoetry/virtualenvs/korobos-backend-TazSCJ9P-py3.12/lib/python3.12/site-packages/passlib/handlers/bcrypt.py:380: in detect_wrap_bug
    if verify(secret, bug_hash):
       ^^^^^^^^^^^^^^^^^^^^^^^^
../../../.cache/pypoetry/virtualenvs/korobos-backend-TazSCJ9P-py3.12/lib/python3.12/site-packages/passlib/utils/handlers.py:792: in verify
    return consteq(self._calc_checksum(secret), chk)
                   ^^^^^^^^^^^^^^^^^^^^^^^^^^^
_ _ _ _ _ _ _ _ _ _ _ _ _ _ _ _ _ _ _ _ _ _ _ _ _ _ _ _ _ _ _ _ _ _ _ _ _ _ _ _

self = <passlib.handlers.bcrypt._BcryptBackend object at 0x7b9555537e60>
secret = b'01234567890123456789012345678901234567890123456789012345678901234567890123456789012345678901234567890123456789012345...7890123456789012345678901234567890123456789012345678901234567890123456789012345678901234567890123456789012345678901234'

    def _calc_checksum(self, secret):
        # bcrypt behavior:
        #   secret must be bytes
        #   config must be ascii bytes
        #   returns ascii bytes
        secret, ident = self._prepare_digest_args(secret)
        config = self._get_config(ident)
        if isinstance(config, unicode):
            config = config.encode("ascii")
>       hash = _bcrypt.hashpw(secret, config)
               ^^^^^^^^^^^^^^^^^^^^^^^^^^^^^^
E       ValueError: password cannot be longer than 72 bytes, truncate manually if necessary (e.g. my_password[:72])

../../../.cache/pypoetry/virtualenvs/korobos-backend-TazSCJ9P-py3.12/lib/python3.12/site-packages/passlib/handlers/bcrypt.py:655: ValueError
------------------------------ Captured log call -------------------------------
WARNING  passlib.handlers.bcrypt:bcrypt.py:622 (trapped) error reading bcrypt version
Traceback (most recent call last):
  File "/home/grl/.cache/pypoetry/virtualenvs/korobos-backend-TazSCJ9P-py3.12/lib/python3.12/site-packages/passlib/handlers/bcrypt.py", line 620, in _load_backend_mixin
    version = _bcrypt.__about__.__version__
              ^^^^^^^^^^^^^^^^^
AttributeError: module 'bcrypt' has no attribute '__about__'
________________ TestPasswordReset.test_request_password_reset _________________

self = <tests.test_auth_service.TestPasswordReset object at 0x7b9555eecd10>
test_db = <sqlalchemy.ext.asyncio.session.AsyncSession object at 0x7b9555420470>
test_user_data = {'email': 'testuser@example.com', 'full_name': 'Test User', 'password': 'TestPassword123!', 'username': 'testuser'}

    async def test_request_password_reset(
        self, test_db: AsyncSession, test_user_data: dict
    ):
        """Test password reset request creates token."""
        svc = AuthService(test_db)

        # Create user
        signup_data = UserSignup(**test_user_data)
>       user, _ = await svc.signup(signup_data)
                  ^^^^^^^^^^^^^^^^^^^^^^^^^^^^^

services/auth-service/tests/test_auth_service.py:371:
_ _ _ _ _ _ _ _ _ _ _ _ _ _ _ _ _ _ _ _ _ _ _ _ _ _ _ _ _ _ _ _ _ _ _ _ _ _ _ _
services/auth-service/app/services/service_logic.py:116: in signup
    hashed_password=hash_password(data.password),
                    ^^^^^^^^^^^^^^^^^^^^^^^^^^^^
services/auth-service/app/services/service_logic.py:44: in hash_password
    return pwd_context.hash(plain)
           ^^^^^^^^^^^^^^^^^^^^^^^
../../../.cache/pypoetry/virtualenvs/korobos-backend-TazSCJ9P-py3.12/lib/python3.12/site-packages/passlib/context.py:2258: in hash
    return record.hash(secret, **kwds)
           ^^^^^^^^^^^^^^^^^^^^^^^^^^^
../../../.cache/pypoetry/virtualenvs/korobos-backend-TazSCJ9P-py3.12/lib/python3.12/site-packages/passlib/utils/handlers.py:779: in hash
    self.checksum = self._calc_checksum(secret)
                    ^^^^^^^^^^^^^^^^^^^^^^^^^^^
../../../.cache/pypoetry/virtualenvs/korobos-backend-TazSCJ9P-py3.12/lib/python3.12/site-packages/passlib/handlers/bcrypt.py:591: in _calc_checksum
    self._stub_requires_backend()
../../../.cache/pypoetry/virtualenvs/korobos-backend-TazSCJ9P-py3.12/lib/python3.12/site-packages/passlib/utils/handlers.py:2254: in _stub_requires_backend
    cls.set_backend()
../../../.cache/pypoetry/virtualenvs/korobos-backend-TazSCJ9P-py3.12/lib/python3.12/site-packages/passlib/utils/handlers.py:2156: in set_backend
    return owner.set_backend(name, dryrun=dryrun)
           ^^^^^^^^^^^^^^^^^^^^^^^^^^^^^^^^^^^^^^
../../../.cache/pypoetry/virtualenvs/korobos-backend-TazSCJ9P-py3.12/lib/python3.12/site-packages/passlib/utils/handlers.py:2163: in set_backend
    return cls.set_backend(name, dryrun=dryrun)
           ^^^^^^^^^^^^^^^^^^^^^^^^^^^^^^^^^^^^
../../../.cache/pypoetry/virtualenvs/korobos-backend-TazSCJ9P-py3.12/lib/python3.12/site-packages/passlib/utils/handlers.py:2188: in set_backend
    cls._set_backend(name, dryrun)
../../../.cache/pypoetry/virtualenvs/korobos-backend-TazSCJ9P-py3.12/lib/python3.12/site-packages/passlib/utils/handlers.py:2311: in _set_backend
    super(SubclassBackendMixin, cls)._set_backend(name, dryrun)
../../../.cache/pypoetry/virtualenvs/korobos-backend-TazSCJ9P-py3.12/lib/python3.12/site-packages/passlib/utils/handlers.py:2224: in _set_backend
    ok = loader(**kwds)
         ^^^^^^^^^^^^^^
../../../.cache/pypoetry/virtualenvs/korobos-backend-TazSCJ9P-py3.12/lib/python3.12/site-packages/passlib/handlers/bcrypt.py:626: in _load_backend_mixin
    return mixin_cls._finalize_backend_mixin(name, dryrun)
           ^^^^^^^^^^^^^^^^^^^^^^^^^^^^^^^^^^^^^^^^^^^^^^^
../../../.cache/pypoetry/virtualenvs/korobos-backend-TazSCJ9P-py3.12/lib/python3.12/site-packages/passlib/handlers/bcrypt.py:421: in _finalize_backend_mixin
    if detect_wrap_bug(IDENT_2A):
       ^^^^^^^^^^^^^^^^^^^^^^^^^
../../../.cache/pypoetry/virtualenvs/korobos-backend-TazSCJ9P-py3.12/lib/python3.12/site-packages/passlib/handlers/bcrypt.py:380: in detect_wrap_bug
    if verify(secret, bug_hash):
       ^^^^^^^^^^^^^^^^^^^^^^^^
../../../.cache/pypoetry/virtualenvs/korobos-backend-TazSCJ9P-py3.12/lib/python3.12/site-packages/passlib/utils/handlers.py:792: in verify
    return consteq(self._calc_checksum(secret), chk)
                   ^^^^^^^^^^^^^^^^^^^^^^^^^^^
_ _ _ _ _ _ _ _ _ _ _ _ _ _ _ _ _ _ _ _ _ _ _ _ _ _ _ _ _ _ _ _ _ _ _ _ _ _ _ _

self = <passlib.handlers.bcrypt._BcryptBackend object at 0x7b9555f8db20>
secret = b'01234567890123456789012345678901234567890123456789012345678901234567890123456789012345678901234567890123456789012345...7890123456789012345678901234567890123456789012345678901234567890123456789012345678901234567890123456789012345678901234'

    def _calc_checksum(self, secret):
        # bcrypt behavior:
        #   secret must be bytes
        #   config must be ascii bytes
        #   returns ascii bytes
        secret, ident = self._prepare_digest_args(secret)
        config = self._get_config(ident)
        if isinstance(config, unicode):
            config = config.encode("ascii")
>       hash = _bcrypt.hashpw(secret, config)
               ^^^^^^^^^^^^^^^^^^^^^^^^^^^^^^
E       ValueError: password cannot be longer than 72 bytes, truncate manually if necessary (e.g. my_password[:72])

../../../.cache/pypoetry/virtualenvs/korobos-backend-TazSCJ9P-py3.12/lib/python3.12/site-packages/passlib/handlers/bcrypt.py:655: ValueError
------------------------------ Captured log call -------------------------------
WARNING  passlib.handlers.bcrypt:bcrypt.py:622 (trapped) error reading bcrypt version
Traceback (most recent call last):
  File "/home/grl/.cache/pypoetry/virtualenvs/korobos-backend-TazSCJ9P-py3.12/lib/python3.12/site-packages/passlib/handlers/bcrypt.py", line 620, in _load_backend_mixin
    version = _bcrypt.__about__.__version__
              ^^^^^^^^^^^^^^^^^
AttributeError: module 'bcrypt' has no attribute '__about__'
________________ TestPasswordReset.test_reset_password_success _________________

self = <tests.test_auth_service.TestPasswordReset object at 0x7b9555eec710>
test_db = <sqlalchemy.ext.asyncio.session.AsyncSession object at 0x7b95554fb2f0>
test_user_data = {'email': 'testuser@example.com', 'full_name': 'Test User', 'password': 'TestPassword123!', 'username': 'testuser'}

    async def test_reset_password_success(
        self, test_db: AsyncSession, test_user_data: dict
    ):
        """Test successful password reset."""
        import hashlib

        svc = AuthService(test_db)

        # Create user
        signup_data = UserSignup(**test_user_data)
>       user, _ = await svc.signup(signup_data)
                  ^^^^^^^^^^^^^^^^^^^^^^^^^^^^^

services/auth-service/tests/test_auth_service.py:391:
_ _ _ _ _ _ _ _ _ _ _ _ _ _ _ _ _ _ _ _ _ _ _ _ _ _ _ _ _ _ _ _ _ _ _ _ _ _ _ _
services/auth-service/app/services/service_logic.py:116: in signup
    hashed_password=hash_password(data.password),
                    ^^^^^^^^^^^^^^^^^^^^^^^^^^^^
services/auth-service/app/services/service_logic.py:44: in hash_password
    return pwd_context.hash(plain)
           ^^^^^^^^^^^^^^^^^^^^^^^
../../../.cache/pypoetry/virtualenvs/korobos-backend-TazSCJ9P-py3.12/lib/python3.12/site-packages/passlib/context.py:2258: in hash
    return record.hash(secret, **kwds)
           ^^^^^^^^^^^^^^^^^^^^^^^^^^^
../../../.cache/pypoetry/virtualenvs/korobos-backend-TazSCJ9P-py3.12/lib/python3.12/site-packages/passlib/utils/handlers.py:779: in hash
    self.checksum = self._calc_checksum(secret)
                    ^^^^^^^^^^^^^^^^^^^^^^^^^^^
../../../.cache/pypoetry/virtualenvs/korobos-backend-TazSCJ9P-py3.12/lib/python3.12/site-packages/passlib/handlers/bcrypt.py:591: in _calc_checksum
    self._stub_requires_backend()
../../../.cache/pypoetry/virtualenvs/korobos-backend-TazSCJ9P-py3.12/lib/python3.12/site-packages/passlib/utils/handlers.py:2254: in _stub_requires_backend
    cls.set_backend()
../../../.cache/pypoetry/virtualenvs/korobos-backend-TazSCJ9P-py3.12/lib/python3.12/site-packages/passlib/utils/handlers.py:2156: in set_backend
    return owner.set_backend(name, dryrun=dryrun)
           ^^^^^^^^^^^^^^^^^^^^^^^^^^^^^^^^^^^^^^
../../../.cache/pypoetry/virtualenvs/korobos-backend-TazSCJ9P-py3.12/lib/python3.12/site-packages/passlib/utils/handlers.py:2163: in set_backend
    return cls.set_backend(name, dryrun=dryrun)
           ^^^^^^^^^^^^^^^^^^^^^^^^^^^^^^^^^^^^
../../../.cache/pypoetry/virtualenvs/korobos-backend-TazSCJ9P-py3.12/lib/python3.12/site-packages/passlib/utils/handlers.py:2188: in set_backend
    cls._set_backend(name, dryrun)
../../../.cache/pypoetry/virtualenvs/korobos-backend-TazSCJ9P-py3.12/lib/python3.12/site-packages/passlib/utils/handlers.py:2311: in _set_backend
    super(SubclassBackendMixin, cls)._set_backend(name, dryrun)
../../../.cache/pypoetry/virtualenvs/korobos-backend-TazSCJ9P-py3.12/lib/python3.12/site-packages/passlib/utils/handlers.py:2224: in _set_backend
    ok = loader(**kwds)
         ^^^^^^^^^^^^^^
../../../.cache/pypoetry/virtualenvs/korobos-backend-TazSCJ9P-py3.12/lib/python3.12/site-packages/passlib/handlers/bcrypt.py:626: in _load_backend_mixin
    return mixin_cls._finalize_backend_mixin(name, dryrun)
           ^^^^^^^^^^^^^^^^^^^^^^^^^^^^^^^^^^^^^^^^^^^^^^^
../../../.cache/pypoetry/virtualenvs/korobos-backend-TazSCJ9P-py3.12/lib/python3.12/site-packages/passlib/handlers/bcrypt.py:421: in _finalize_backend_mixin
    if detect_wrap_bug(IDENT_2A):
       ^^^^^^^^^^^^^^^^^^^^^^^^^
../../../.cache/pypoetry/virtualenvs/korobos-backend-TazSCJ9P-py3.12/lib/python3.12/site-packages/passlib/handlers/bcrypt.py:380: in detect_wrap_bug
    if verify(secret, bug_hash):
       ^^^^^^^^^^^^^^^^^^^^^^^^
../../../.cache/pypoetry/virtualenvs/korobos-backend-TazSCJ9P-py3.12/lib/python3.12/site-packages/passlib/utils/handlers.py:792: in verify
    return consteq(self._calc_checksum(secret), chk)
                   ^^^^^^^^^^^^^^^^^^^^^^^^^^^
_ _ _ _ _ _ _ _ _ _ _ _ _ _ _ _ _ _ _ _ _ _ _ _ _ _ _ _ _ _ _ _ _ _ _ _ _ _ _ _

self = <passlib.handlers.bcrypt._BcryptBackend object at 0x7b9555344710>
secret = b'01234567890123456789012345678901234567890123456789012345678901234567890123456789012345678901234567890123456789012345...7890123456789012345678901234567890123456789012345678901234567890123456789012345678901234567890123456789012345678901234'

    def _calc_checksum(self, secret):
        # bcrypt behavior:
        #   secret must be bytes
        #   config must be ascii bytes
        #   returns ascii bytes
        secret, ident = self._prepare_digest_args(secret)
        config = self._get_config(ident)
        if isinstance(config, unicode):
            config = config.encode("ascii")
>       hash = _bcrypt.hashpw(secret, config)
               ^^^^^^^^^^^^^^^^^^^^^^^^^^^^^^
E       ValueError: password cannot be longer than 72 bytes, truncate manually if necessary (e.g. my_password[:72])

../../../.cache/pypoetry/virtualenvs/korobos-backend-TazSCJ9P-py3.12/lib/python3.12/site-packages/passlib/handlers/bcrypt.py:655: ValueError
------------------------------ Captured log call -------------------------------
WARNING  passlib.handlers.bcrypt:bcrypt.py:622 (trapped) error reading bcrypt version
Traceback (most recent call last):
  File "/home/grl/.cache/pypoetry/virtualenvs/korobos-backend-TazSCJ9P-py3.12/lib/python3.12/site-packages/passlib/handlers/bcrypt.py", line 620, in _load_backend_mixin
    version = _bcrypt.__about__.__version__
              ^^^^^^^^^^^^^^^^^
AttributeError: module 'bcrypt' has no attribute '__about__'
__________ TestPasswordReset.test_reset_password_weak_password_fails ___________

self = <tests.test_auth_service.TestPasswordReset object at 0x7b9555eec260>
test_db = <sqlalchemy.ext.asyncio.session.AsyncSession object at 0x7b9556128530>
test_user_data = {'email': 'testuser@example.com', 'full_name': 'Test User', 'password': 'TestPassword123!', 'username': 'testuser'}

    async def test_reset_password_weak_password_fails(
        self, test_db: AsyncSession, test_user_data: dict
    ):
        """Test reset with weak password fails."""
        svc = AuthService(test_db)

        # Create user and request reset
        signup_data = UserSignup(**test_user_data)
>       await svc.signup(signup_data)

services/auth-service/tests/test_auth_service.py:419:
_ _ _ _ _ _ _ _ _ _ _ _ _ _ _ _ _ _ _ _ _ _ _ _ _ _ _ _ _ _ _ _ _ _ _ _ _ _ _ _
services/auth-service/app/services/service_logic.py:116: in signup
    hashed_password=hash_password(data.password),
                    ^^^^^^^^^^^^^^^^^^^^^^^^^^^^
services/auth-service/app/services/service_logic.py:44: in hash_password
    return pwd_context.hash(plain)
           ^^^^^^^^^^^^^^^^^^^^^^^
../../../.cache/pypoetry/virtualenvs/korobos-backend-TazSCJ9P-py3.12/lib/python3.12/site-packages/passlib/context.py:2258: in hash
    return record.hash(secret, **kwds)
           ^^^^^^^^^^^^^^^^^^^^^^^^^^^
../../../.cache/pypoetry/virtualenvs/korobos-backend-TazSCJ9P-py3.12/lib/python3.12/site-packages/passlib/utils/handlers.py:779: in hash
    self.checksum = self._calc_checksum(secret)
                    ^^^^^^^^^^^^^^^^^^^^^^^^^^^
../../../.cache/pypoetry/virtualenvs/korobos-backend-TazSCJ9P-py3.12/lib/python3.12/site-packages/passlib/handlers/bcrypt.py:591: in _calc_checksum
    self._stub_requires_backend()
../../../.cache/pypoetry/virtualenvs/korobos-backend-TazSCJ9P-py3.12/lib/python3.12/site-packages/passlib/utils/handlers.py:2254: in _stub_requires_backend
    cls.set_backend()
../../../.cache/pypoetry/virtualenvs/korobos-backend-TazSCJ9P-py3.12/lib/python3.12/site-packages/passlib/utils/handlers.py:2156: in set_backend
    return owner.set_backend(name, dryrun=dryrun)
           ^^^^^^^^^^^^^^^^^^^^^^^^^^^^^^^^^^^^^^
../../../.cache/pypoetry/virtualenvs/korobos-backend-TazSCJ9P-py3.12/lib/python3.12/site-packages/passlib/utils/handlers.py:2163: in set_backend
    return cls.set_backend(name, dryrun=dryrun)
           ^^^^^^^^^^^^^^^^^^^^^^^^^^^^^^^^^^^^
../../../.cache/pypoetry/virtualenvs/korobos-backend-TazSCJ9P-py3.12/lib/python3.12/site-packages/passlib/utils/handlers.py:2188: in set_backend
    cls._set_backend(name, dryrun)
../../../.cache/pypoetry/virtualenvs/korobos-backend-TazSCJ9P-py3.12/lib/python3.12/site-packages/passlib/utils/handlers.py:2311: in _set_backend
    super(SubclassBackendMixin, cls)._set_backend(name, dryrun)
../../../.cache/pypoetry/virtualenvs/korobos-backend-TazSCJ9P-py3.12/lib/python3.12/site-packages/passlib/utils/handlers.py:2224: in _set_backend
    ok = loader(**kwds)
         ^^^^^^^^^^^^^^
../../../.cache/pypoetry/virtualenvs/korobos-backend-TazSCJ9P-py3.12/lib/python3.12/site-packages/passlib/handlers/bcrypt.py:626: in _load_backend_mixin
    return mixin_cls._finalize_backend_mixin(name, dryrun)
           ^^^^^^^^^^^^^^^^^^^^^^^^^^^^^^^^^^^^^^^^^^^^^^^
../../../.cache/pypoetry/virtualenvs/korobos-backend-TazSCJ9P-py3.12/lib/python3.12/site-packages/passlib/handlers/bcrypt.py:421: in _finalize_backend_mixin
    if detect_wrap_bug(IDENT_2A):
       ^^^^^^^^^^^^^^^^^^^^^^^^^
../../../.cache/pypoetry/virtualenvs/korobos-backend-TazSCJ9P-py3.12/lib/python3.12/site-packages/passlib/handlers/bcrypt.py:380: in detect_wrap_bug
    if verify(secret, bug_hash):
       ^^^^^^^^^^^^^^^^^^^^^^^^
../../../.cache/pypoetry/virtualenvs/korobos-backend-TazSCJ9P-py3.12/lib/python3.12/site-packages/passlib/utils/handlers.py:792: in verify
    return consteq(self._calc_checksum(secret), chk)
                   ^^^^^^^^^^^^^^^^^^^^^^^^^^^
_ _ _ _ _ _ _ _ _ _ _ _ _ _ _ _ _ _ _ _ _ _ _ _ _ _ _ _ _ _ _ _ _ _ _ _ _ _ _ _

self = <passlib.handlers.bcrypt._BcryptBackend object at 0x7b9555346600>
secret = b'01234567890123456789012345678901234567890123456789012345678901234567890123456789012345678901234567890123456789012345...7890123456789012345678901234567890123456789012345678901234567890123456789012345678901234567890123456789012345678901234'

    def _calc_checksum(self, secret):
        # bcrypt behavior:
        #   secret must be bytes
        #   config must be ascii bytes
        #   returns ascii bytes
        secret, ident = self._prepare_digest_args(secret)
        config = self._get_config(ident)
        if isinstance(config, unicode):
            config = config.encode("ascii")
>       hash = _bcrypt.hashpw(secret, config)
               ^^^^^^^^^^^^^^^^^^^^^^^^^^^^^^
E       ValueError: password cannot be longer than 72 bytes, truncate manually if necessary (e.g. my_password[:72])

../../../.cache/pypoetry/virtualenvs/korobos-backend-TazSCJ9P-py3.12/lib/python3.12/site-packages/passlib/handlers/bcrypt.py:655: ValueError
------------------------------ Captured log call -------------------------------
WARNING  passlib.handlers.bcrypt:bcrypt.py:622 (trapped) error reading bcrypt version
Traceback (most recent call last):
  File "/home/grl/.cache/pypoetry/virtualenvs/korobos-backend-TazSCJ9P-py3.12/lib/python3.12/site-packages/passlib/handlers/bcrypt.py", line 620, in _load_backend_mixin
    version = _bcrypt.__about__.__version__
              ^^^^^^^^^^^^^^^^^
AttributeError: module 'bcrypt' has no attribute '__about__'
____________________ TestPasswordHashing.test_hash_password ____________________

self = <tests.test_auth_service.TestPasswordHashing object at 0x7b9555eed580>

    def test_hash_password(self):
        """Test password hashing."""
        password = "TestPassword123!"
>       hashed = hash_password(password)
                 ^^^^^^^^^^^^^^^^^^^^^^^

services/auth-service/tests/test_auth_service.py:440:
_ _ _ _ _ _ _ _ _ _ _ _ _ _ _ _ _ _ _ _ _ _ _ _ _ _ _ _ _ _ _ _ _ _ _ _ _ _ _ _
services/auth-service/app/services/service_logic.py:44: in hash_password
    return pwd_context.hash(plain)
           ^^^^^^^^^^^^^^^^^^^^^^^
../../../.cache/pypoetry/virtualenvs/korobos-backend-TazSCJ9P-py3.12/lib/python3.12/site-packages/passlib/context.py:2258: in hash
    return record.hash(secret, **kwds)
           ^^^^^^^^^^^^^^^^^^^^^^^^^^^
../../../.cache/pypoetry/virtualenvs/korobos-backend-TazSCJ9P-py3.12/lib/python3.12/site-packages/passlib/utils/handlers.py:779: in hash
    self.checksum = self._calc_checksum(secret)
                    ^^^^^^^^^^^^^^^^^^^^^^^^^^^
../../../.cache/pypoetry/virtualenvs/korobos-backend-TazSCJ9P-py3.12/lib/python3.12/site-packages/passlib/handlers/bcrypt.py:591: in _calc_checksum
    self._stub_requires_backend()
../../../.cache/pypoetry/virtualenvs/korobos-backend-TazSCJ9P-py3.12/lib/python3.12/site-packages/passlib/utils/handlers.py:2254: in _stub_requires_backend
    cls.set_backend()
../../../.cache/pypoetry/virtualenvs/korobos-backend-TazSCJ9P-py3.12/lib/python3.12/site-packages/passlib/utils/handlers.py:2156: in set_backend
    return owner.set_backend(name, dryrun=dryrun)
           ^^^^^^^^^^^^^^^^^^^^^^^^^^^^^^^^^^^^^^
../../../.cache/pypoetry/virtualenvs/korobos-backend-TazSCJ9P-py3.12/lib/python3.12/site-packages/passlib/utils/handlers.py:2163: in set_backend
    return cls.set_backend(name, dryrun=dryrun)
           ^^^^^^^^^^^^^^^^^^^^^^^^^^^^^^^^^^^^
../../../.cache/pypoetry/virtualenvs/korobos-backend-TazSCJ9P-py3.12/lib/python3.12/site-packages/passlib/utils/handlers.py:2188: in set_backend
    cls._set_backend(name, dryrun)
../../../.cache/pypoetry/virtualenvs/korobos-backend-TazSCJ9P-py3.12/lib/python3.12/site-packages/passlib/utils/handlers.py:2311: in _set_backend
    super(SubclassBackendMixin, cls)._set_backend(name, dryrun)
../../../.cache/pypoetry/virtualenvs/korobos-backend-TazSCJ9P-py3.12/lib/python3.12/site-packages/passlib/utils/handlers.py:2224: in _set_backend
    ok = loader(**kwds)
         ^^^^^^^^^^^^^^
../../../.cache/pypoetry/virtualenvs/korobos-backend-TazSCJ9P-py3.12/lib/python3.12/site-packages/passlib/handlers/bcrypt.py:626: in _load_backend_mixin
    return mixin_cls._finalize_backend_mixin(name, dryrun)
           ^^^^^^^^^^^^^^^^^^^^^^^^^^^^^^^^^^^^^^^^^^^^^^^
../../../.cache/pypoetry/virtualenvs/korobos-backend-TazSCJ9P-py3.12/lib/python3.12/site-packages/passlib/handlers/bcrypt.py:421: in _finalize_backend_mixin
    if detect_wrap_bug(IDENT_2A):
       ^^^^^^^^^^^^^^^^^^^^^^^^^
../../../.cache/pypoetry/virtualenvs/korobos-backend-TazSCJ9P-py3.12/lib/python3.12/site-packages/passlib/handlers/bcrypt.py:380: in detect_wrap_bug
    if verify(secret, bug_hash):
       ^^^^^^^^^^^^^^^^^^^^^^^^
../../../.cache/pypoetry/virtualenvs/korobos-backend-TazSCJ9P-py3.12/lib/python3.12/site-packages/passlib/utils/handlers.py:792: in verify
    return consteq(self._calc_checksum(secret), chk)
                   ^^^^^^^^^^^^^^^^^^^^^^^^^^^
_ _ _ _ _ _ _ _ _ _ _ _ _ _ _ _ _ _ _ _ _ _ _ _ _ _ _ _ _ _ _ _ _ _ _ _ _ _ _ _

self = <passlib.handlers.bcrypt._BcryptBackend object at 0x7b9555420290>
secret = b'01234567890123456789012345678901234567890123456789012345678901234567890123456789012345678901234567890123456789012345...7890123456789012345678901234567890123456789012345678901234567890123456789012345678901234567890123456789012345678901234'

    def _calc_checksum(self, secret):
        # bcrypt behavior:
        #   secret must be bytes
        #   config must be ascii bytes
        #   returns ascii bytes
        secret, ident = self._prepare_digest_args(secret)
        config = self._get_config(ident)
        if isinstance(config, unicode):
            config = config.encode("ascii")
>       hash = _bcrypt.hashpw(secret, config)
               ^^^^^^^^^^^^^^^^^^^^^^^^^^^^^^
E       ValueError: password cannot be longer than 72 bytes, truncate manually if necessary (e.g. my_password[:72])

../../../.cache/pypoetry/virtualenvs/korobos-backend-TazSCJ9P-py3.12/lib/python3.12/site-packages/passlib/handlers/bcrypt.py:655: ValueError
------------------------------ Captured log call -------------------------------
WARNING  passlib.handlers.bcrypt:bcrypt.py:622 (trapped) error reading bcrypt version
Traceback (most recent call last):
  File "/home/grl/.cache/pypoetry/virtualenvs/korobos-backend-TazSCJ9P-py3.12/lib/python3.12/site-packages/passlib/handlers/bcrypt.py", line 620, in _load_backend_mixin
    version = _bcrypt.__about__.__version__
              ^^^^^^^^^^^^^^^^^
AttributeError: module 'bcrypt' has no attribute '__about__'
_______________ TestPasswordHashing.test_verify_password_correct _______________

self = <tests.test_auth_service.TestPasswordHashing object at 0x7b9555eed730>

    def test_verify_password_correct(self):
        """Test password verification with correct password."""
        password = "TestPassword123!"
>       hashed = hash_password(password)
                 ^^^^^^^^^^^^^^^^^^^^^^^

services/auth-service/tests/test_auth_service.py:448:
_ _ _ _ _ _ _ _ _ _ _ _ _ _ _ _ _ _ _ _ _ _ _ _ _ _ _ _ _ _ _ _ _ _ _ _ _ _ _ _
services/auth-service/app/services/service_logic.py:44: in hash_password
    return pwd_context.hash(plain)
           ^^^^^^^^^^^^^^^^^^^^^^^
../../../.cache/pypoetry/virtualenvs/korobos-backend-TazSCJ9P-py3.12/lib/python3.12/site-packages/passlib/context.py:2258: in hash
    return record.hash(secret, **kwds)
           ^^^^^^^^^^^^^^^^^^^^^^^^^^^
../../../.cache/pypoetry/virtualenvs/korobos-backend-TazSCJ9P-py3.12/lib/python3.12/site-packages/passlib/utils/handlers.py:779: in hash
    self.checksum = self._calc_checksum(secret)
                    ^^^^^^^^^^^^^^^^^^^^^^^^^^^
../../../.cache/pypoetry/virtualenvs/korobos-backend-TazSCJ9P-py3.12/lib/python3.12/site-packages/passlib/handlers/bcrypt.py:591: in _calc_checksum
    self._stub_requires_backend()
../../../.cache/pypoetry/virtualenvs/korobos-backend-TazSCJ9P-py3.12/lib/python3.12/site-packages/passlib/utils/handlers.py:2254: in _stub_requires_backend
    cls.set_backend()
../../../.cache/pypoetry/virtualenvs/korobos-backend-TazSCJ9P-py3.12/lib/python3.12/site-packages/passlib/utils/handlers.py:2156: in set_backend
    return owner.set_backend(name, dryrun=dryrun)
           ^^^^^^^^^^^^^^^^^^^^^^^^^^^^^^^^^^^^^^
../../../.cache/pypoetry/virtualenvs/korobos-backend-TazSCJ9P-py3.12/lib/python3.12/site-packages/passlib/utils/handlers.py:2163: in set_backend
    return cls.set_backend(name, dryrun=dryrun)
           ^^^^^^^^^^^^^^^^^^^^^^^^^^^^^^^^^^^^
../../../.cache/pypoetry/virtualenvs/korobos-backend-TazSCJ9P-py3.12/lib/python3.12/site-packages/passlib/utils/handlers.py:2188: in set_backend
    cls._set_backend(name, dryrun)
../../../.cache/pypoetry/virtualenvs/korobos-backend-TazSCJ9P-py3.12/lib/python3.12/site-packages/passlib/utils/handlers.py:2311: in _set_backend
    super(SubclassBackendMixin, cls)._set_backend(name, dryrun)
../../../.cache/pypoetry/virtualenvs/korobos-backend-TazSCJ9P-py3.12/lib/python3.12/site-packages/passlib/utils/handlers.py:2224: in _set_backend
    ok = loader(**kwds)
         ^^^^^^^^^^^^^^
../../../.cache/pypoetry/virtualenvs/korobos-backend-TazSCJ9P-py3.12/lib/python3.12/site-packages/passlib/handlers/bcrypt.py:626: in _load_backend_mixin
    return mixin_cls._finalize_backend_mixin(name, dryrun)
           ^^^^^^^^^^^^^^^^^^^^^^^^^^^^^^^^^^^^^^^^^^^^^^^
../../../.cache/pypoetry/virtualenvs/korobos-backend-TazSCJ9P-py3.12/lib/python3.12/site-packages/passlib/handlers/bcrypt.py:421: in _finalize_backend_mixin
    if detect_wrap_bug(IDENT_2A):
       ^^^^^^^^^^^^^^^^^^^^^^^^^
../../../.cache/pypoetry/virtualenvs/korobos-backend-TazSCJ9P-py3.12/lib/python3.12/site-packages/passlib/handlers/bcrypt.py:380: in detect_wrap_bug
    if verify(secret, bug_hash):
       ^^^^^^^^^^^^^^^^^^^^^^^^
../../../.cache/pypoetry/virtualenvs/korobos-backend-TazSCJ9P-py3.12/lib/python3.12/site-packages/passlib/utils/handlers.py:792: in verify
    return consteq(self._calc_checksum(secret), chk)
                   ^^^^^^^^^^^^^^^^^^^^^^^^^^^
_ _ _ _ _ _ _ _ _ _ _ _ _ _ _ _ _ _ _ _ _ _ _ _ _ _ _ _ _ _ _ _ _ _ _ _ _ _ _ _

self = <passlib.handlers.bcrypt._BcryptBackend object at 0x7b95553450d0>
secret = b'01234567890123456789012345678901234567890123456789012345678901234567890123456789012345678901234567890123456789012345...7890123456789012345678901234567890123456789012345678901234567890123456789012345678901234567890123456789012345678901234'

    def _calc_checksum(self, secret):
        # bcrypt behavior:
        #   secret must be bytes
        #   config must be ascii bytes
        #   returns ascii bytes
        secret, ident = self._prepare_digest_args(secret)
        config = self._get_config(ident)
        if isinstance(config, unicode):
            config = config.encode("ascii")
>       hash = _bcrypt.hashpw(secret, config)
               ^^^^^^^^^^^^^^^^^^^^^^^^^^^^^^
E       ValueError: password cannot be longer than 72 bytes, truncate manually if necessary (e.g. my_password[:72])

../../../.cache/pypoetry/virtualenvs/korobos-backend-TazSCJ9P-py3.12/lib/python3.12/site-packages/passlib/handlers/bcrypt.py:655: ValueError
------------------------------ Captured log call -------------------------------
WARNING  passlib.handlers.bcrypt:bcrypt.py:622 (trapped) error reading bcrypt version
Traceback (most recent call last):
  File "/home/grl/.cache/pypoetry/virtualenvs/korobos-backend-TazSCJ9P-py3.12/lib/python3.12/site-packages/passlib/handlers/bcrypt.py", line 620, in _load_backend_mixin
    version = _bcrypt.__about__.__version__
              ^^^^^^^^^^^^^^^^^
AttributeError: module 'bcrypt' has no attribute '__about__'
______________ TestPasswordHashing.test_verify_password_incorrect ______________

self = <tests.test_auth_service.TestPasswordHashing object at 0x7b9555eed8e0>

    def test_verify_password_incorrect(self):
        """Test password verification with incorrect password."""
        password = "TestPassword123!"
>       hashed = hash_password(password)
                 ^^^^^^^^^^^^^^^^^^^^^^^

services/auth-service/tests/test_auth_service.py:455:
_ _ _ _ _ _ _ _ _ _ _ _ _ _ _ _ _ _ _ _ _ _ _ _ _ _ _ _ _ _ _ _ _ _ _ _ _ _ _ _
services/auth-service/app/services/service_logic.py:44: in hash_password
    return pwd_context.hash(plain)
           ^^^^^^^^^^^^^^^^^^^^^^^
../../../.cache/pypoetry/virtualenvs/korobos-backend-TazSCJ9P-py3.12/lib/python3.12/site-packages/passlib/context.py:2258: in hash
    return record.hash(secret, **kwds)
           ^^^^^^^^^^^^^^^^^^^^^^^^^^^
../../../.cache/pypoetry/virtualenvs/korobos-backend-TazSCJ9P-py3.12/lib/python3.12/site-packages/passlib/utils/handlers.py:779: in hash
    self.checksum = self._calc_checksum(secret)
                    ^^^^^^^^^^^^^^^^^^^^^^^^^^^
../../../.cache/pypoetry/virtualenvs/korobos-backend-TazSCJ9P-py3.12/lib/python3.12/site-packages/passlib/handlers/bcrypt.py:591: in _calc_checksum
    self._stub_requires_backend()
../../../.cache/pypoetry/virtualenvs/korobos-backend-TazSCJ9P-py3.12/lib/python3.12/site-packages/passlib/utils/handlers.py:2254: in _stub_requires_backend
    cls.set_backend()
../../../.cache/pypoetry/virtualenvs/korobos-backend-TazSCJ9P-py3.12/lib/python3.12/site-packages/passlib/utils/handlers.py:2156: in set_backend
    return owner.set_backend(name, dryrun=dryrun)
           ^^^^^^^^^^^^^^^^^^^^^^^^^^^^^^^^^^^^^^
../../../.cache/pypoetry/virtualenvs/korobos-backend-TazSCJ9P-py3.12/lib/python3.12/site-packages/passlib/utils/handlers.py:2163: in set_backend
    return cls.set_backend(name, dryrun=dryrun)
           ^^^^^^^^^^^^^^^^^^^^^^^^^^^^^^^^^^^^
../../../.cache/pypoetry/virtualenvs/korobos-backend-TazSCJ9P-py3.12/lib/python3.12/site-packages/passlib/utils/handlers.py:2188: in set_backend
    cls._set_backend(name, dryrun)
../../../.cache/pypoetry/virtualenvs/korobos-backend-TazSCJ9P-py3.12/lib/python3.12/site-packages/passlib/utils/handlers.py:2311: in _set_backend
    super(SubclassBackendMixin, cls)._set_backend(name, dryrun)
../../../.cache/pypoetry/virtualenvs/korobos-backend-TazSCJ9P-py3.12/lib/python3.12/site-packages/passlib/utils/handlers.py:2224: in _set_backend
    ok = loader(**kwds)
         ^^^^^^^^^^^^^^
../../../.cache/pypoetry/virtualenvs/korobos-backend-TazSCJ9P-py3.12/lib/python3.12/site-packages/passlib/handlers/bcrypt.py:626: in _load_backend_mixin
    return mixin_cls._finalize_backend_mixin(name, dryrun)
           ^^^^^^^^^^^^^^^^^^^^^^^^^^^^^^^^^^^^^^^^^^^^^^^
../../../.cache/pypoetry/virtualenvs/korobos-backend-TazSCJ9P-py3.12/lib/python3.12/site-packages/passlib/handlers/bcrypt.py:421: in _finalize_backend_mixin
    if detect_wrap_bug(IDENT_2A):
       ^^^^^^^^^^^^^^^^^^^^^^^^^
../../../.cache/pypoetry/virtualenvs/korobos-backend-TazSCJ9P-py3.12/lib/python3.12/site-packages/passlib/handlers/bcrypt.py:380: in detect_wrap_bug
    if verify(secret, bug_hash):
       ^^^^^^^^^^^^^^^^^^^^^^^^
../../../.cache/pypoetry/virtualenvs/korobos-backend-TazSCJ9P-py3.12/lib/python3.12/site-packages/passlib/utils/handlers.py:792: in verify
    return consteq(self._calc_checksum(secret), chk)
                   ^^^^^^^^^^^^^^^^^^^^^^^^^^^
_ _ _ _ _ _ _ _ _ _ _ _ _ _ _ _ _ _ _ _ _ _ _ _ _ _ _ _ _ _ _ _ _ _ _ _ _ _ _ _

self = <passlib.handlers.bcrypt._BcryptBackend object at 0x7b95554029c0>
secret = b'01234567890123456789012345678901234567890123456789012345678901234567890123456789012345678901234567890123456789012345...7890123456789012345678901234567890123456789012345678901234567890123456789012345678901234567890123456789012345678901234'

    def _calc_checksum(self, secret):
        # bcrypt behavior:
        #   secret must be bytes
        #   config must be ascii bytes
        #   returns ascii bytes
        secret, ident = self._prepare_digest_args(secret)
        config = self._get_config(ident)
        if isinstance(config, unicode):
            config = config.encode("ascii")
>       hash = _bcrypt.hashpw(secret, config)
               ^^^^^^^^^^^^^^^^^^^^^^^^^^^^^^
E       ValueError: password cannot be longer than 72 bytes, truncate manually if necessary (e.g. my_password[:72])

../../../.cache/pypoetry/virtualenvs/korobos-backend-TazSCJ9P-py3.12/lib/python3.12/site-packages/passlib/handlers/bcrypt.py:655: ValueError
------------------------------ Captured log call -------------------------------
WARNING  passlib.handlers.bcrypt:bcrypt.py:622 (trapped) error reading bcrypt version
Traceback (most recent call last):
  File "/home/grl/.cache/pypoetry/virtualenvs/korobos-backend-TazSCJ9P-py3.12/lib/python3.12/site-packages/passlib/handlers/bcrypt.py", line 620, in _load_backend_mixin
    version = _bcrypt.__about__.__version__
              ^^^^^^^^^^^^^^^^^
AttributeError: module 'bcrypt' has no attribute '__about__'
___________ TestPasswordHashing.test_hashed_passwords_are_different ____________

self = <tests.test_auth_service.TestPasswordHashing object at 0x7b9555eeda90>

    def test_hashed_passwords_are_different(self):
        """Test same password hashed twice produces different hashes."""
        password = "TestPassword123!"
>       hash1 = hash_password(password)
                ^^^^^^^^^^^^^^^^^^^^^^^

services/auth-service/tests/test_auth_service.py:462:
_ _ _ _ _ _ _ _ _ _ _ _ _ _ _ _ _ _ _ _ _ _ _ _ _ _ _ _ _ _ _ _ _ _ _ _ _ _ _ _
services/auth-service/app/services/service_logic.py:44: in hash_password
    return pwd_context.hash(plain)
           ^^^^^^^^^^^^^^^^^^^^^^^
../../../.cache/pypoetry/virtualenvs/korobos-backend-TazSCJ9P-py3.12/lib/python3.12/site-packages/passlib/context.py:2258: in hash
    return record.hash(secret, **kwds)
           ^^^^^^^^^^^^^^^^^^^^^^^^^^^
../../../.cache/pypoetry/virtualenvs/korobos-backend-TazSCJ9P-py3.12/lib/python3.12/site-packages/passlib/utils/handlers.py:779: in hash
    self.checksum = self._calc_checksum(secret)
                    ^^^^^^^^^^^^^^^^^^^^^^^^^^^
../../../.cache/pypoetry/virtualenvs/korobos-backend-TazSCJ9P-py3.12/lib/python3.12/site-packages/passlib/handlers/bcrypt.py:591: in _calc_checksum
    self._stub_requires_backend()
../../../.cache/pypoetry/virtualenvs/korobos-backend-TazSCJ9P-py3.12/lib/python3.12/site-packages/passlib/utils/handlers.py:2254: in _stub_requires_backend
    cls.set_backend()
../../../.cache/pypoetry/virtualenvs/korobos-backend-TazSCJ9P-py3.12/lib/python3.12/site-packages/passlib/utils/handlers.py:2156: in set_backend
    return owner.set_backend(name, dryrun=dryrun)
           ^^^^^^^^^^^^^^^^^^^^^^^^^^^^^^^^^^^^^^
../../../.cache/pypoetry/virtualenvs/korobos-backend-TazSCJ9P-py3.12/lib/python3.12/site-packages/passlib/utils/handlers.py:2163: in set_backend
    return cls.set_backend(name, dryrun=dryrun)
           ^^^^^^^^^^^^^^^^^^^^^^^^^^^^^^^^^^^^
../../../.cache/pypoetry/virtualenvs/korobos-backend-TazSCJ9P-py3.12/lib/python3.12/site-packages/passlib/utils/handlers.py:2188: in set_backend
    cls._set_backend(name, dryrun)
../../../.cache/pypoetry/virtualenvs/korobos-backend-TazSCJ9P-py3.12/lib/python3.12/site-packages/passlib/utils/handlers.py:2311: in _set_backend
    super(SubclassBackendMixin, cls)._set_backend(name, dryrun)
../../../.cache/pypoetry/virtualenvs/korobos-backend-TazSCJ9P-py3.12/lib/python3.12/site-packages/passlib/utils/handlers.py:2224: in _set_backend
    ok = loader(**kwds)
         ^^^^^^^^^^^^^^
../../../.cache/pypoetry/virtualenvs/korobos-backend-TazSCJ9P-py3.12/lib/python3.12/site-packages/passlib/handlers/bcrypt.py:626: in _load_backend_mixin
    return mixin_cls._finalize_backend_mixin(name, dryrun)
           ^^^^^^^^^^^^^^^^^^^^^^^^^^^^^^^^^^^^^^^^^^^^^^^
../../../.cache/pypoetry/virtualenvs/korobos-backend-TazSCJ9P-py3.12/lib/python3.12/site-packages/passlib/handlers/bcrypt.py:421: in _finalize_backend_mixin
    if detect_wrap_bug(IDENT_2A):
       ^^^^^^^^^^^^^^^^^^^^^^^^^
../../../.cache/pypoetry/virtualenvs/korobos-backend-TazSCJ9P-py3.12/lib/python3.12/site-packages/passlib/handlers/bcrypt.py:380: in detect_wrap_bug
    if verify(secret, bug_hash):
       ^^^^^^^^^^^^^^^^^^^^^^^^
../../../.cache/pypoetry/virtualenvs/korobos-backend-TazSCJ9P-py3.12/lib/python3.12/site-packages/passlib/utils/handlers.py:792: in verify
    return consteq(self._calc_checksum(secret), chk)
                   ^^^^^^^^^^^^^^^^^^^^^^^^^^^
_ _ _ _ _ _ _ _ _ _ _ _ _ _ _ _ _ _ _ _ _ _ _ _ _ _ _ _ _ _ _ _ _ _ _ _ _ _ _ _

self = <passlib.handlers.bcrypt._BcryptBackend object at 0x7b9555402c60>
secret = b'01234567890123456789012345678901234567890123456789012345678901234567890123456789012345678901234567890123456789012345...7890123456789012345678901234567890123456789012345678901234567890123456789012345678901234567890123456789012345678901234'

    def _calc_checksum(self, secret):
        # bcrypt behavior:
        #   secret must be bytes
        #   config must be ascii bytes
        #   returns ascii bytes
        secret, ident = self._prepare_digest_args(secret)
        config = self._get_config(ident)
        if isinstance(config, unicode):
            config = config.encode("ascii")
>       hash = _bcrypt.hashpw(secret, config)
               ^^^^^^^^^^^^^^^^^^^^^^^^^^^^^^
E       ValueError: password cannot be longer than 72 bytes, truncate manually if necessary (e.g. my_password[:72])

../../../.cache/pypoetry/virtualenvs/korobos-backend-TazSCJ9P-py3.12/lib/python3.12/site-packages/passlib/handlers/bcrypt.py:655: ValueError
------------------------------ Captured log call -------------------------------
WARNING  passlib.handlers.bcrypt:bcrypt.py:622 (trapped) error reading bcrypt version
Traceback (most recent call last):
  File "/home/grl/.cache/pypoetry/virtualenvs/korobos-backend-TazSCJ9P-py3.12/lib/python3.12/site-packages/passlib/handlers/bcrypt.py", line 620, in _load_backend_mixin
    version = _bcrypt.__about__.__version__
              ^^^^^^^^^^^^^^^^^
AttributeError: module 'bcrypt' has no attribute '__about__'
___________ TestJWTTokens.test_access_token_contains_required_claims ___________

self = <tests.test_security.TestJWTTokens object at 0x7b9555eefe60>

    def test_access_token_contains_required_claims(self):
        """Test access token has required claims."""
        user_id = "test-user-123"
        roles = ["user", "admin"]
        token = create_access_token(user_id, roles)

        payload = verify_token(token)

        assert payload["sub"] == user_id
>       assert payload["roles"] == roles
E       AssertionError: assert ['user'] == ['user', 'admin']
E
E         Right contains one more item: 'admin'
E         Use -v to get more diff

services/auth-service/tests/test_security.py:123: AssertionError
__________________ TestJWTTokens.test_access_token_expiration __________________

self = <tests.test_security.TestJWTTokens object at 0x7b9555f10050>

    def test_access_token_expiration(self):
        """Test access token expires after 15 minutes."""
        user_id = "test-user-123"
>       token = create_access_token(user_id)
                ^^^^^^^^^^^^^^^^^^^^^^^^^^^^
E       TypeError: create_access_token() missing 1 required positional argument: 'email'

services/auth-service/tests/test_security.py:130: TypeError
__________ TestJWTTokens.test_access_and_refresh_tokens_are_different __________

self = <tests.test_security.TestJWTTokens object at 0x7b9555f10560>

    def test_access_and_refresh_tokens_are_different(self):
        """Test that access and refresh tokens are different."""
        user_id = "test-user-123"

>       access_token = create_access_token(user_id)
                       ^^^^^^^^^^^^^^^^^^^^^^^^^^^^
E       TypeError: create_access_token() missing 1 required positional argument: 'email'

services/auth-service/tests/test_security.py:182: TypeError
_____________ TestJWTTokens.test_tampered_token_fails_verification _____________

self = <tests.test_security.TestJWTTokens object at 0x7b9555f108c0>

    def test_tampered_token_fails_verification(self):
        """Test that tampered tokens fail verification."""
        user_id = "test-user-123"
>       token = create_access_token(user_id)
                ^^^^^^^^^^^^^^^^^^^^^^^^^^^^
E       TypeError: create_access_token() missing 1 required positional argument: 'email'

services/auth-service/tests/test_security.py:202: TypeError
________ TestTokenSecurity.test_token_cannot_be_reused_after_revocation ________

self = <tests.test_security.TestTokenSecurity object at 0x7b9555eeff50>

    def test_token_cannot_be_reused_after_revocation(self):
        """Test that tokens from revoked sessions cannot be reused."""
        # This is more of an integration test
        # In a real scenario, we'd check the session revocation
        user_id = "test-user-123"
>       token = create_access_token(user_id)
                ^^^^^^^^^^^^^^^^^^^^^^^^^^^^
E       TypeError: create_access_token() missing 1 required positional argument: 'email'

services/auth-service/tests/test_security.py:222: TypeError
______ TestTokenSecurity.test_different_user_ids_produce_different_tokens ______

self = <tests.test_security.TestTokenSecurity object at 0x7b9555f109b0>

    def test_different_user_ids_produce_different_tokens(self):
        """Test that different users get different tokens."""
>       token1 = create_access_token("user-1")
                 ^^^^^^^^^^^^^^^^^^^^^^^^^^^^^
E       TypeError: create_access_token() missing 1 required positional argument: 'email'

services/auth-service/tests/test_security.py:233: TypeError
___________ TestTokenSecurity.test_token_signature_cannot_be_forged ____________

self = <tests.test_security.TestTokenSecurity object at 0x7b9555f10740>

    def test_token_signature_cannot_be_forged(self):
        """Test that JWT signature prevents forgery."""
        from backend.shared.config.settings import get_settings

        get_settings()
        user_id = "test-user-123"

        # Create valid token
>       create_access_token(user_id)
E       TypeError: create_access_token() missing 1 required positional argument: 'email'

services/auth-service/tests/test_security.py:252: TypeError
_____ TestTokenServiceCreateTokens.test_create_tokens_returns_both_tokens ______

self = <tests.test_token_service.TestTokenServiceCreateTokens object at 0x7b9555f125d0>
test_db = <sqlalchemy.ext.asyncio.session.AsyncSession object at 0x7b95554dcc50>

    async def test_create_tokens_returns_both_tokens(self, test_db: AsyncSession):
        """Test create_tokens returns access and refresh tokens."""
        # Create test user
        user = User(
            email="test@example.com",
            username="testuser",
            hashed_password="hashed",
            email_verified=True,
        )
        test_db.add(user)
        await test_db.flush()

        token_svc = TokenService(test_db)
>       tokens = await token_svc.create_tokens(user.id, roles=["user"])
                       ^^^^^^^^^^^^^^^^^^^^^^^^^^^^^^^^^^^^^^^^^^^^^^^^
E       TypeError: TokenService.create_tokens() missing 1 required positional argument: 'email'

services/auth-service/tests/test_token_service.py:36: TypeError
______ TestTokenServiceCreateTokens.test_create_tokens_access_token_valid ______

self = <tests.test_token_service.TestTokenServiceCreateTokens object at 0x7b9555f128d0>
test_db = <sqlalchemy.ext.asyncio.session.AsyncSession object at 0x7b95563a1670>

    async def test_create_tokens_access_token_valid(self, test_db: AsyncSession):
        """Test created access token is valid."""
        user = User(
            email="test@example.com",
            username="testuser",
            hashed_password="hashed",
            email_verified=True,
        )
        test_db.add(user)
        await test_db.flush()

        token_svc = TokenService(test_db)
>       tokens = await token_svc.create_tokens(user.id, roles=["user"])
                       ^^^^^^^^^^^^^^^^^^^^^^^^^^^^^^^^^^^^^^^^^^^^^^^^
E       TypeError: TokenService.create_tokens() missing 1 required positional argument: 'email'

services/auth-service/tests/test_token_service.py:56: TypeError
_____ TestTokenServiceCreateTokens.test_create_tokens_refresh_token_valid ______

self = <tests.test_token_service.TestTokenServiceCreateTokens object at 0x7b9555f12b40>
test_db = <sqlalchemy.ext.asyncio.session.AsyncSession object at 0x7b955513b590>

    async def test_create_tokens_refresh_token_valid(self, test_db: AsyncSession):
        """Test created refresh token is valid."""
        user = User(
            email="test@example.com",
            username="testuser",
            hashed_password="hashed",
            email_verified=True,
        )
        test_db.add(user)
        await test_db.flush()

        token_svc = TokenService(test_db)
>       tokens = await token_svc.create_tokens(user.id, roles=["user"])
                       ^^^^^^^^^^^^^^^^^^^^^^^^^^^^^^^^^^^^^^^^^^^^^^^^
E       TypeError: TokenService.create_tokens() missing 1 required positional argument: 'email'

services/auth-service/tests/test_token_service.py:75: TypeError
_______ TestTokenServiceCreateTokens.test_create_tokens_creates_session ________

self = <tests.test_token_service.TestTokenServiceCreateTokens object at 0x7b9555f12db0>
test_db = <sqlalchemy.ext.asyncio.session.AsyncSession object at 0x7b9555138500>

    async def test_create_tokens_creates_session(self, test_db: AsyncSession):
        """Test create_tokens creates a session record."""
        user = User(
            email="test@example.com",
            username="testuser",
            hashed_password="hashed",
            email_verified=True,
        )
        test_db.add(user)
        await test_db.flush()

        token_svc = TokenService(test_db)
>       await token_svc.create_tokens(
            user.id,
            roles=["user"],
            device_info={"type": "mobile", "os": "iOS"},
            ip_address="192.168.1.1",
        )
E       TypeError: TokenService.create_tokens() missing 1 required positional argument: 'email'

services/auth-service/tests/test_token_service.py:94: TypeError
__________ TestTokenServiceRefresh.test_refresh_access_token_success ___________

self = <tests.test_token_service.TestTokenServiceRefresh object at 0x7b9555f12960>
test_db = <sqlalchemy.ext.asyncio.session.AsyncSession object at 0x7b95550c7680>

    async def test_refresh_access_token_success(self, test_db: AsyncSession):
        """Test successful token refresh."""
        user = User(
            email="test@example.com",
            username="testuser",
            hashed_password="hashed",
            is_active=True,
            email_verified=True,
        )
        test_db.add(user)
        await test_db.flush()

        token_svc = TokenService(test_db)

        # Create initial tokens
>       tokens = await token_svc.create_tokens(user.id, roles=["user"])
                       ^^^^^^^^^^^^^^^^^^^^^^^^^^^^^^^^^^^^^^^^^^^^^^^^
E       TypeError: TokenService.create_tokens() missing 1 required positional argument: 'email'

services/auth-service/tests/test_token_service.py:135: TypeError
__________ TestTokenServiceRefresh.test_refresh_revoked_session_fails __________

self = <tests.test_token_service.TestTokenServiceRefresh object at 0x7b9555f10e60>
test_db = <sqlalchemy.ext.asyncio.session.AsyncSession object at 0x7b9555059610>

    async def test_refresh_revoked_session_fails(self, test_db: AsyncSession):
        """Test refresh with revoked session fails."""
        user = User(
            email="test@example.com",
            username="testuser",
            hashed_password="hashed",
            is_active=True,
            email_verified=True,
        )
        test_db.add(user)
        await test_db.flush()

        token_svc = TokenService(test_db)

        # Create tokens
>       tokens = await token_svc.create_tokens(user.id, roles=["user"])
                       ^^^^^^^^^^^^^^^^^^^^^^^^^^^^^^^^^^^^^^^^^^^^^^^^
E       TypeError: TokenService.create_tokens() missing 1 required positional argument: 'email'

services/auth-service/tests/test_token_service.py:166: TypeError
___________ TestTokenServiceRefresh.test_refresh_inactive_user_fails ___________

self = <tests.test_token_service.TestTokenServiceRefresh object at 0x7b9555f12f30>
test_db = <sqlalchemy.ext.asyncio.session.AsyncSession object at 0x7b955505b890>

    async def test_refresh_inactive_user_fails(self, test_db: AsyncSession):
        """Test refresh fails for inactive user."""
        user = User(
            email="test@example.com",
            username="testuser",
            hashed_password="hashed",
            is_active=False,
            email_verified=True,
        )
        test_db.add(user)
        await test_db.flush()

        token_svc = TokenService(test_db)

        # Create tokens
>       tokens = await token_svc.create_tokens(user.id, roles=["user"])
                       ^^^^^^^^^^^^^^^^^^^^^^^^^^^^^^^^^^^^^^^^^^^^^^^^
E       TypeError: TokenService.create_tokens() missing 1 required positional argument: 'email'

services/auth-service/tests/test_token_service.py:192: TypeError
_____________ TestTokenServiceRevoke.test_revoke_specific_session ______________

self = <tests.test_token_service.TestTokenServiceRevoke object at 0x7b9555f132c0>
test_db = <sqlalchemy.ext.asyncio.session.AsyncSession object at 0x7b95551070e0>

    async def test_revoke_specific_session(self, test_db: AsyncSession):
        """Test revoking a specific session."""
        user = User(
            email="test@example.com",
            username="testuser",
            hashed_password="hashed",
            email_verified=True,
        )
        test_db.add(user)
        await test_db.flush()

        token_svc = TokenService(test_db)

        # Create two sessions
>       tokens1 = await token_svc.create_tokens(user.id, roles=["user"])
                        ^^^^^^^^^^^^^^^^^^^^^^^^^^^^^^^^^^^^^^^^^^^^^^^^
E       TypeError: TokenService.create_tokens() missing 1 required positional argument: 'email'

services/auth-service/tests/test_token_service.py:223: TypeError
_______________ TestTokenServiceRevoke.test_revoke_all_sessions ________________

self = <tests.test_token_service.TestTokenServiceRevoke object at 0x7b9555f13530>
test_db = <sqlalchemy.ext.asyncio.session.AsyncSession object at 0x7b95552e30e0>

    async def test_revoke_all_sessions(self, test_db: AsyncSession):
        """Test revoking all sessions."""
        user = User(
            email="test@example.com",
            username="testuser",
            hashed_password="hashed",
            email_verified=True,
        )
        test_db.add(user)
        await test_db.flush()

        token_svc = TokenService(test_db)

        # Create two sessions
>       tokens1 = await token_svc.create_tokens(user.id, roles=["user"])
                        ^^^^^^^^^^^^^^^^^^^^^^^^^^^^^^^^^^^^^^^^^^^^^^^^
E       TypeError: TokenService.create_tokens() missing 1 required positional argument: 'email'

services/auth-service/tests/test_token_service.py:253: TypeError
_____________ TestTokenServiceGetSessions.test_get_active_sessions _____________

self = <tests.test_token_service.TestTokenServiceGetSessions object at 0x7b9555f138c0>
test_db = <sqlalchemy.ext.asyncio.session.AsyncSession object at 0x7b95552e3710>

    async def test_get_active_sessions(self, test_db: AsyncSession):
        """Test retrieving active sessions."""
        user = User(
            email="test@example.com",
            username="testuser",
            hashed_password="hashed",
            email_verified=True,
        )
        test_db.add(user)
        await test_db.flush()

        token_svc = TokenService(test_db)

        # Create two sessions
>       await token_svc.create_tokens(
            user.id, roles=["user"], device_info={"type": "web"}
        )
E       TypeError: TokenService.create_tokens() missing 1 required positional argument: 'email'

services/auth-service/tests/test_token_service.py:287: TypeError
________ TestTokenServiceGetSessions.test_get_sessions_excludes_revoked ________

self = <tests.test_token_service.TestTokenServiceGetSessions object at 0x7b9555f13b30>
test_db = <sqlalchemy.ext.asyncio.session.AsyncSession object at 0x7b955528f320>

    async def test_get_sessions_excludes_revoked(self, test_db: AsyncSession):
        """Test that revoked sessions are excluded."""
        user = User(
            email="test@example.com",
            username="testuser",
            hashed_password="hashed",
            email_verified=True,
        )
        test_db.add(user)
        await test_db.flush()

        token_svc = TokenService(test_db)

        # Create two sessions
>       tokens1 = await token_svc.create_tokens(user.id, roles=["user"])
                        ^^^^^^^^^^^^^^^^^^^^^^^^^^^^^^^^^^^^^^^^^^^^^^^^
E       TypeError: TokenService.create_tokens() missing 1 required positional argument: 'email'

services/auth-service/tests/test_token_service.py:316: TypeError
=============================== warnings summary ===============================
../../../.cache/pypoetry/virtualenvs/korobos-backend-TazSCJ9P-py3.12/lib/python3.12/site-packages/passlib/utils/__init__.py:854
  /home/grl/.cache/pypoetry/virtualenvs/korobos-backend-TazSCJ9P-py3.12/lib/python3.12/site-packages/passlib/utils/__init__.py:854: DeprecationWarning: 'crypt' is deprecated and slated for removal in Python 3.13
    from crypt import crypt as _crypt

services/auth-service/tests/test_auth_endpoints.py::TestSignup::test_signup_success
  /home/grl/.cache/pypoetry/virtualenvs/korobos-backend-TazSCJ9P-py3.12/lib/python3.12/site-packages/pytest_asyncio/plugin.py:783: DeprecationWarning: The event_loop fixture provided by pytest-asyncio has been redefined in
  /home/grl/Documents/KOROBOS/backend/services/auth-service/tests/conftest.py:28
  Replacing the event_loop fixture with a custom implementation is deprecated
  and will lead to errors in the future.
  If you want to request an asyncio event loop with a scope other than function
  scope, use the "scope" argument to the asyncio mark when marking the tests.
  If you want to return different types of event loops, use the event_loop_policy
  fixture.

    warnings.warn(

services/auth-service/tests/test_auth_service.py::TestPasswordHashing::test_hash_password
  services/auth-service/tests/test_auth_service.py:437: PytestWarning: The test <Function test_hash_password> is marked with '@pytest.mark.asyncio' but it is not an async function. Please remove the asyncio mark. If the test is not marked explicitly, check for global marks applied via 'pytestmark'.
    def test_hash_password(self):

services/auth-service/tests/test_auth_service.py::TestPasswordHashing::test_verify_password_correct
  services/auth-service/tests/test_auth_service.py:445: PytestWarning: The test <Function test_verify_password_correct> is marked with '@pytest.mark.asyncio' but it is not an async function. Please remove the asyncio mark. If the test is not marked explicitly, check for global marks applied via 'pytestmark'.
    def test_verify_password_correct(self):

services/auth-service/tests/test_auth_service.py::TestPasswordHashing::test_verify_password_incorrect
  services/auth-service/tests/test_auth_service.py:452: PytestWarning: The test <Function test_verify_password_incorrect> is marked with '@pytest.mark.asyncio' but it is not an async function. Please remove the asyncio mark. If the test is not marked explicitly, check for global marks applied via 'pytestmark'.
    def test_verify_password_incorrect(self):

services/auth-service/tests/test_auth_service.py::TestPasswordHashing::test_hashed_passwords_are_different
  services/auth-service/tests/test_auth_service.py:459: PytestWarning: The test <Function test_hashed_passwords_are_different> is marked with '@pytest.mark.asyncio' but it is not an async function. Please remove the asyncio mark. If the test is not marked explicitly, check for global marks applied via 'pytestmark'.
    def test_hashed_passwords_are_different(self):

services/auth-service/tests/test_security.py::TestPasswordStrength::test_password_validation[ValidPass123!-True]
  services/auth-service/tests/test_security.py:31: PytestWarning: The test <Function test_password_validation[ValidPass123!-True]> is marked with '@pytest.mark.asyncio' but it is not an async function. Please remove the asyncio mark. If the test is not marked explicitly, check for global marks applied via 'pytestmark'.
    @pytest.mark.parametrize(

services/auth-service/tests/test_security.py::TestPasswordStrength::test_password_validation[MySecure.Pass456!-True]
  services/auth-service/tests/test_security.py:31: PytestWarning: The test <Function test_password_validation[MySecure.Pass456!-True]> is marked with '@pytest.mark.asyncio' but it is not an async function. Please remove the asyncio mark. If the test is not marked explicitly, check for global marks applied via 'pytestmark'.
    @pytest.mark.parametrize(

services/auth-service/tests/test_security.py::TestPasswordStrength::test_password_validation[Str0ng!@#$%^-True]
  services/auth-service/tests/test_security.py:31: PytestWarning: The test <Function test_password_validation[Str0ng!@#$%^-True]> is marked with '@pytest.mark.asyncio' but it is not an async function. Please remove the asyncio mark. If the test is not marked explicitly, check for global marks applied via 'pytestmark'.
    @pytest.mark.parametrize(

services/auth-service/tests/test_security.py::TestPasswordStrength::test_password_validation[Password@123456789-True]
  services/auth-service/tests/test_security.py:31: PytestWarning: The test <Function test_password_validation[Password@123456789-True]> is marked with '@pytest.mark.asyncio' but it is not an async function. Please remove the asyncio mark. If the test is not marked explicitly, check for global marks applied via 'pytestmark'.
    @pytest.mark.parametrize(

services/auth-service/tests/test_security.py::TestPasswordStrength::test_password_validation[Pass1!-False]
  services/auth-service/tests/test_security.py:31: PytestWarning: The test <Function test_password_validation[Pass1!-False]> is marked with '@pytest.mark.asyncio' but it is not an async function. Please remove the asyncio mark. If the test is not marked explicitly, check for global marks applied via 'pytestmark'.
    @pytest.mark.parametrize(

services/auth-service/tests/test_security.py::TestPasswordStrength::test_password_validation[mypassword123!-False]
  services/auth-service/tests/test_security.py:31: PytestWarning: The test <Function test_password_validation[mypassword123!-False]> is marked with '@pytest.mark.asyncio' but it is not an async function. Please remove the asyncio mark. If the test is not marked explicitly, check for global marks applied via 'pytestmark'.
    @pytest.mark.parametrize(

services/auth-service/tests/test_security.py::TestPasswordStrength::test_password_validation[MYPASSWORD123!-False]
  services/auth-service/tests/test_security.py:31: PytestWarning: The test <Function test_password_validation[MYPASSWORD123!-False]> is marked with '@pytest.mark.asyncio' but it is not an async function. Please remove the asyncio mark. If the test is not marked explicitly, check for global marks applied via 'pytestmark'.
    @pytest.mark.parametrize(

services/auth-service/tests/test_security.py::TestPasswordStrength::test_password_validation[MyPassword!-False]
  services/auth-service/tests/test_security.py:31: PytestWarning: The test <Function test_password_validation[MyPassword!-False]> is marked with '@pytest.mark.asyncio' but it is not an async function. Please remove the asyncio mark. If the test is not marked explicitly, check for global marks applied via 'pytestmark'.
    @pytest.mark.parametrize(

services/auth-service/tests/test_security.py::TestPasswordStrength::test_password_validation[MyPassword123-False]
  services/auth-service/tests/test_security.py:31: PytestWarning: The test <Function test_password_validation[MyPassword123-False]> is marked with '@pytest.mark.asyncio' but it is not an async function. Please remove the asyncio mark. If the test is not marked explicitly, check for global marks applied via 'pytestmark'.
    @pytest.mark.parametrize(

services/auth-service/tests/test_security.py::TestPasswordStrength::test_weak_password_messages
  services/auth-service/tests/test_security.py:56: PytestWarning: The test <Function test_weak_password_messages> is marked with '@pytest.mark.asyncio' but it is not an async function. Please remove the asyncio mark. If the test is not marked explicitly, check for global marks applied via 'pytestmark'.
    def test_weak_password_messages(self):

services/auth-service/tests/test_security.py::TestEmailValidation::test_email_validation[user@example.com-True]
  services/auth-service/tests/test_security.py:88: PytestWarning: The test <Function test_email_validation[user@example.com-True]> is marked with '@pytest.mark.asyncio' but it is not an async function. Please remove the asyncio mark. If the test is not marked explicitly, check for global marks applied via 'pytestmark'.
    @pytest.mark.parametrize(

services/auth-service/tests/test_security.py::TestEmailValidation::test_email_validation[test.user@company.co.uk-True]
  services/auth-service/tests/test_security.py:88: PytestWarning: The test <Function test_email_validation[test.user@company.co.uk-True]> is marked with '@pytest.mark.asyncio' but it is not an async function. Please remove the asyncio mark. If the test is not marked explicitly, check for global marks applied via 'pytestmark'.
    @pytest.mark.parametrize(

services/auth-service/tests/test_security.py::TestEmailValidation::test_email_validation[user+tag@example.com-True]
  services/auth-service/tests/test_security.py:88: PytestWarning: The test <Function test_email_validation[user+tag@example.com-True]> is marked with '@pytest.mark.asyncio' but it is not an async function. Please remove the asyncio mark. If the test is not marked explicitly, check for global marks applied via 'pytestmark'.
    @pytest.mark.parametrize(

services/auth-service/tests/test_security.py::TestEmailValidation::test_email_validation[user_name@example.com-True]
  services/auth-service/tests/test_security.py:88: PytestWarning: The test <Function test_email_validation[user_name@example.com-True]> is marked with '@pytest.mark.asyncio' but it is not an async function. Please remove the asyncio mark. If the test is not marked explicitly, check for global marks applied via 'pytestmark'.
    @pytest.mark.parametrize(

services/auth-service/tests/test_security.py::TestEmailValidation::test_email_validation[invalid-False]
  services/auth-service/tests/test_security.py:88: PytestWarning: The test <Function test_email_validation[invalid-False]> is marked with '@pytest.mark.asyncio' but it is not an async function. Please remove the asyncio mark. If the test is not marked explicitly, check for global marks applied via 'pytestmark'.
    @pytest.mark.parametrize(

services/auth-service/tests/test_security.py::TestEmailValidation::test_email_validation[@example.com-False]
  services/auth-service/tests/test_security.py:88: PytestWarning: The test <Function test_email_validation[@example.com-False]> is marked with '@pytest.mark.asyncio' but it is not an async function. Please remove the asyncio mark. If the test is not marked explicitly, check for global marks applied via 'pytestmark'.
    @pytest.mark.parametrize(

services/auth-service/tests/test_security.py::TestEmailValidation::test_email_validation[user@-False]
  services/auth-service/tests/test_security.py:88: PytestWarning: The test <Function test_email_validation[user@-False]> is marked with '@pytest.mark.asyncio' but it is not an async function. Please remove the asyncio mark. If the test is not marked explicitly, check for global marks applied via 'pytestmark'.
    @pytest.mark.parametrize(

services/auth-service/tests/test_security.py::TestEmailValidation::test_email_validation[user @example.com-False]
  services/auth-service/tests/test_security.py:88: PytestWarning: The test <Function test_email_validation[user @example.com-False]> is marked with '@pytest.mark.asyncio' but it is not an async function. Please remove the asyncio mark. If the test is not marked explicitly, check for global marks applied via 'pytestmark'.
    @pytest.mark.parametrize(

services/auth-service/tests/test_security.py::TestEmailValidation::test_email_validation[user@example-False]
  services/auth-service/tests/test_security.py:88: PytestWarning: The test <Function test_email_validation[user@example-False]> is marked with '@pytest.mark.asyncio' but it is not an async function. Please remove the asyncio mark. If the test is not marked explicitly, check for global marks applied via 'pytestmark'.
    @pytest.mark.parametrize(

services/auth-service/tests/test_security.py::TestJWTTokens::test_access_token_contains_required_claims
  services/auth-service/tests/test_security.py:114: PytestWarning: The test <Function test_access_token_contains_required_claims> is marked with '@pytest.mark.asyncio' but it is not an async function. Please remove the asyncio mark. If the test is not marked explicitly, check for global marks applied via 'pytestmark'.
    def test_access_token_contains_required_claims(self):

services/auth-service/tests/test_security.py::TestJWTTokens::test_access_token_expiration
  services/auth-service/tests/test_security.py:127: PytestWarning: The test <Function test_access_token_expiration> is marked with '@pytest.mark.asyncio' but it is not an async function. Please remove the asyncio mark. If the test is not marked explicitly, check for global marks applied via 'pytestmark'.
    def test_access_token_expiration(self):

services/auth-service/tests/test_security.py::TestJWTTokens::test_refresh_token_contains_required_claims
  services/auth-service/tests/test_security.py:146: PytestWarning: The test <Function test_refresh_token_contains_required_claims> is marked with '@pytest.mark.asyncio' but it is not an async function. Please remove the asyncio mark. If the test is not marked explicitly, check for global marks applied via 'pytestmark'.
    def test_refresh_token_contains_required_claims(self):

services/auth-service/tests/test_security.py::TestJWTTokens::test_refresh_token_expiration
  services/auth-service/tests/test_security.py:158: PytestWarning: The test <Function test_refresh_token_expiration> is marked with '@pytest.mark.asyncio' but it is not an async function. Please remove the asyncio mark. If the test is not marked explicitly, check for global marks applied via 'pytestmark'.
    def test_refresh_token_expiration(self):

services/auth-service/tests/test_security.py::TestJWTTokens::test_access_and_refresh_tokens_are_different
  services/auth-service/tests/test_security.py:178: PytestWarning: The test <Function test_access_and_refresh_tokens_are_different> is marked with '@pytest.mark.asyncio' but it is not an async function. Please remove the asyncio mark. If the test is not marked explicitly, check for global marks applied via 'pytestmark'.
    def test_access_and_refresh_tokens_are_different(self):

services/auth-service/tests/test_security.py::TestJWTTokens::test_invalid_token_fails_verification
  services/auth-service/tests/test_security.py:191: PytestWarning: The test <Function test_invalid_token_fails_verification> is marked with '@pytest.mark.asyncio' but it is not an async function. Please remove the asyncio mark. If the test is not marked explicitly, check for global marks applied via 'pytestmark'.
    def test_invalid_token_fails_verification(self):

services/auth-service/tests/test_security.py::TestJWTTokens::test_tampered_token_fails_verification
  services/auth-service/tests/test_security.py:199: PytestWarning: The test <Function test_tampered_token_fails_verification> is marked with '@pytest.mark.asyncio' but it is not an async function. Please remove the asyncio mark. If the test is not marked explicitly, check for global marks applied via 'pytestmark'.
    def test_tampered_token_fails_verification(self):

services/auth-service/tests/test_security.py::TestTokenSecurity::test_token_cannot_be_reused_after_revocation
  services/auth-service/tests/test_security.py:217: PytestWarning: The test <Function test_token_cannot_be_reused_after_revocation> is marked with '@pytest.mark.asyncio' but it is not an async function. Please remove the asyncio mark. If the test is not marked explicitly, check for global marks applied via 'pytestmark'.
    def test_token_cannot_be_reused_after_revocation(self):

services/auth-service/tests/test_security.py::TestTokenSecurity::test_different_user_ids_produce_different_tokens
  services/auth-service/tests/test_security.py:231: PytestWarning: The test <Function test_different_user_ids_produce_different_tokens> is marked with '@pytest.mark.asyncio' but it is not an async function. Please remove the asyncio mark. If the test is not marked explicitly, check for global marks applied via 'pytestmark'.
    def test_different_user_ids_produce_different_tokens(self):

services/auth-service/tests/test_security.py::TestTokenSecurity::test_token_signature_cannot_be_forged
  services/auth-service/tests/test_security.py:244: PytestWarning: The test <Function test_token_signature_cannot_be_forged> is marked with '@pytest.mark.asyncio' but it is not an async function. Please remove the asyncio mark. If the test is not marked explicitly, check for global marks applied via 'pytestmark'.
    def test_token_signature_cannot_be_forged(self):

services/auth-service/tests/test_security.py::TestBruteForceProtection::test_account_lockout_duration
  services/auth-service/tests/test_security.py:275: PytestWarning: The test <Function test_account_lockout_duration> is marked with '@pytest.mark.asyncio' but it is not an async function. Please remove the asyncio mark. If the test is not marked explicitly, check for global marks applied via 'pytestmark'.
    def test_account_lockout_duration(self):

services/auth-service/tests/test_security.py::TestBruteForceProtection::test_max_login_attempts_constant
  services/auth-service/tests/test_security.py:288: PytestWarning: The test <Function test_max_login_attempts_constant> is marked with '@pytest.mark.asyncio' but it is not an async function. Please remove the asyncio mark. If the test is not marked explicitly, check for global marks applied via 'pytestmark'.
    def test_max_login_attempts_constant(self):

services/auth-service/tests/test_security.py::TestBruteForceProtection::test_lockout_duration_is_reasonable
  services/auth-service/tests/test_security.py:297: PytestWarning: The test <Function test_lockout_duration_is_reasonable> is marked with '@pytest.mark.asyncio' but it is not an async function. Please remove the asyncio mark. If the test is not marked explicitly, check for global marks applied via 'pytestmark'.
    def test_lockout_duration_is_reasonable(self):

services/auth-service/tests/test_security.py::TestRateLimiting::test_rate_limit_constants
  services/auth-service/tests/test_security.py:312: PytestWarning: The test <Function test_rate_limit_constants> is marked with '@pytest.mark.asyncio' but it is not an async function. Please remove the asyncio mark. If the test is not marked explicitly, check for global marks applied via 'pytestmark'.
    def test_rate_limit_constants(self):

services/auth-service/tests/test_security.py::TestTokenHashing::test_token_hashing_is_one_way
  services/auth-service/tests/test_security.py:331: PytestWarning: The test <Function test_token_hashing_is_one_way> is marked with '@pytest.mark.asyncio' but it is not an async function. Please remove the asyncio mark. If the test is not marked explicitly, check for global marks applied via 'pytestmark'.
    def test_token_hashing_is_one_way(self):

services/auth-service/tests/test_security.py::TestTokenHashing::test_different_tokens_produce_different_hashes
  services/auth-service/tests/test_security.py:343: PytestWarning: The test <Function test_different_tokens_produce_different_hashes> is marked with '@pytest.mark.asyncio' but it is not an async function. Please remove the asyncio mark. If the test is not marked explicitly, check for global marks applied via 'pytestmark'.
    def test_different_tokens_produce_different_hashes(self):

services/auth-service/tests/test_security.py::TestTokenHashing::test_hashed_token_uses_sha256
  services/auth-service/tests/test_security.py:355: PytestWarning: The test <Function test_hashed_token_uses_sha256> is marked with '@pytest.mark.asyncio' but it is not an async function. Please remove the asyncio mark. If the test is not marked explicitly, check for global marks applied via 'pytestmark'.
    def test_hashed_token_uses_sha256(self):

-- Docs: https://docs.pytest.org/en/stable/how-to/capture-warnings.html
=========================== short test summary info ============================
FAILED services/auth-service/tests/test_auth_service.py::TestAuthServiceSignup::test_signup_creates_user
FAILED services/auth-service/tests/test_auth_service.py::TestAuthServiceSignup::test_signup_hashes_password
FAILED services/auth-service/tests/test_auth_service.py::TestAuthServiceSignup::test_signup_duplicate_email_fails
FAILED services/auth-service/tests/test_auth_service.py::TestAuthServiceSignup::test_signup_weak_password_fails
FAILED services/auth-service/tests/test_auth_service.py::TestAuthServiceSignup::test_signup_creates_email_verification_token
FAILED services/auth-service/tests/test_auth_service.py::TestAuthServiceLogin::test_login_requires_email_verification
FAILED services/auth-service/tests/test_auth_service.py::TestAuthServiceLogin::test_login_success_with_verified_email
FAILED services/auth-service/tests/test_auth_service.py::TestAuthServiceLogin::test_login_invalid_password_fails
FAILED services/auth-service/tests/test_auth_service.py::TestAuthServiceLogin::test_login_tracks_failed_attempts
FAILED services/auth-service/tests/test_auth_service.py::TestAuthServiceLogin::test_login_locks_account_after_max_attempts
FAILED services/auth-service/tests/test_auth_service.py::TestAuthServiceLogin::test_login_fails_when_account_locked
FAILED services/auth-service/tests/test_auth_service.py::TestAuthServiceLogin::test_login_resets_failed_attempts_on_success
FAILED services/auth-service/tests/test_auth_service.py::TestEmailVerification::test_verify_email_success
FAILED services/auth-service/tests/test_auth_service.py::TestEmailVerification::test_verify_email_expired_token_fails
FAILED services/auth-service/tests/test_auth_service.py::TestPasswordReset::test_request_password_reset
FAILED services/auth-service/tests/test_auth_service.py::TestPasswordReset::test_reset_password_success
FAILED services/auth-service/tests/test_auth_service.py::TestPasswordReset::test_reset_password_weak_password_fails
FAILED services/auth-service/tests/test_auth_service.py::TestPasswordHashing::test_hash_password
FAILED services/auth-service/tests/test_auth_service.py::TestPasswordHashing::test_verify_password_correct
FAILED services/auth-service/tests/test_auth_service.py::TestPasswordHashing::test_verify_password_incorrect
FAILED services/auth-service/tests/test_auth_service.py::TestPasswordHashing::test_hashed_passwords_are_different
FAILED services/auth-service/tests/test_security.py::TestJWTTokens::test_access_token_contains_required_claims
FAILED services/auth-service/tests/test_security.py::TestJWTTokens::test_access_token_expiration
FAILED services/auth-service/tests/test_security.py::TestJWTTokens::test_access_and_refresh_tokens_are_different
FAILED services/auth-service/tests/test_security.py::TestJWTTokens::test_tampered_token_fails_verification
FAILED services/auth-service/tests/test_security.py::TestTokenSecurity::test_token_cannot_be_reused_after_revocation
FAILED services/auth-service/tests/test_security.py::TestTokenSecurity::test_different_user_ids_produce_different_tokens
FAILED services/auth-service/tests/test_security.py::TestTokenSecurity::test_token_signature_cannot_be_forged
FAILED services/auth-service/tests/test_token_service.py::TestTokenServiceCreateTokens::test_create_tokens_returns_both_tokens
FAILED services/auth-service/tests/test_token_service.py::TestTokenServiceCreateTokens::test_create_tokens_access_token_valid
FAILED services/auth-service/tests/test_token_service.py::TestTokenServiceCreateTokens::test_create_tokens_refresh_token_valid
FAILED services/auth-service/tests/test_token_service.py::TestTokenServiceCreateTokens::test_create_tokens_creates_session
FAILED services/auth-service/tests/test_token_service.py::TestTokenServiceRefresh::test_refresh_access_token_success
FAILED services/auth-service/tests/test_token_service.py::TestTokenServiceRefresh::test_refresh_revoked_session_fails
FAILED services/auth-service/tests/test_token_service.py::TestTokenServiceRefresh::test_refresh_inactive_user_fails
FAILED services/auth-service/tests/test_token_service.py::TestTokenServiceRevoke::test_revoke_specific_session
FAILED services/auth-service/tests/test_token_service.py::TestTokenServiceRevoke::test_revoke_all_sessions
FAILED services/auth-service/tests/test_token_service.py::TestTokenServiceGetSessions::test_get_active_sessions
FAILED services/auth-service/tests/test_token_service.py::TestTokenServiceGetSessions::test_get_sessions_excludes_revoked
ERROR services/auth-service/tests/test_auth_endpoints.py::TestSignup::test_signup_success
ERROR services/auth-service/tests/test_auth_endpoints.py::TestSignup::test_signup_duplicate_email
ERROR services/auth-service/tests/test_auth_endpoints.py::TestSignup::test_signup_weak_password
ERROR services/auth-service/tests/test_auth_endpoints.py::TestSignup::test_signup_invalid_email
ERROR services/auth-service/tests/test_auth_endpoints.py::TestLogin::test_login_success
ERROR services/auth-service/tests/test_auth_endpoints.py::TestLogin::test_login_invalid_credentials
ERROR services/auth-service/tests/test_auth_endpoints.py::TestLogin::test_login_nonexistent_user
ERROR services/auth-service/tests/test_auth_endpoints.py::TestTokenRefresh::test_refresh_token_success
ERROR services/auth-service/tests/test_auth_endpoints.py::TestTokenRefresh::test_refresh_invalid_token
ERROR services/auth-service/tests/test_auth_endpoints.py::TestPasswordValidation::test_password_strength[ValidPass123!-True]
ERROR services/auth-service/tests/test_auth_endpoints.py::TestPasswordValidation::test_password_strength[valid_pass123!-True]
ERROR services/auth-service/tests/test_auth_endpoints.py::TestPasswordValidation::test_password_strength[weak-False]
ERROR services/auth-service/tests/test_auth_endpoints.py::TestPasswordValidation::test_password_strength[NoNumbers!-False]
ERROR services/auth-service/tests/test_auth_endpoints.py::TestPasswordValidation::test_password_strength[NoSpecial123-False]
ERROR services/auth-service/tests/test_auth_endpoints.py::TestPasswordValidation::test_password_strength[nouppercase123!-False]
ERROR services/auth-service/tests/test_auth_endpoints.py::TestPasswordValidation::test_password_strength[NOLOWERCASE123!-False]
ERROR services/auth-service/tests/test_auth_endpoints.py::TestVerifyEmail::test_verify_email_invalid_token
ERROR services/auth-service/tests/test_auth_endpoints.py::TestPasswordReset::test_request_password_reset
ERROR services/auth-service/tests/test_auth_endpoints.py::TestPasswordReset::test_reset_password_invalid_token
============ 39 failed, 33 passed, 42 warnings, 19 errors in 7.85s =============
